start=v3_resnet18_collapse_seed303 time=2026-09-05T08:10:48.5105739+08:00
epoch=001 mode=fgsm_zero clean=0.2316 pgd10=0.1680 trigger=0 abandoned=0 train_s=34.3
epoch=002 mode=fgsm_zero clean=0.3410 pgd10=0.2289 trigger=0 abandoned=0 train_s=34.5
epoch=003 mode=fgsm_zero clean=0.3874 pgd10=0.2570 trigger=0 abandoned=0 train_s=33.9
epoch=004 mode=fgsm_zero clean=0.3936 pgd10=0.2594 trigger=0 abandoned=0 train_s=33.9
epoch=005 mode=fgsm_zero clean=0.4082 pgd10=0.2609 trigger=0 abandoned=0 train_s=34.0
epoch=006 mode=fgsm_zero clean=0.5184 pgd10=0.3148 trigger=0 abandoned=0 train_s=33.6
epoch=007 mode=fgsm_zero clean=0.5314 pgd10=0.3023 trigger=0 abandoned=0 train_s=34.6
epoch=008 mode=fgsm_zero clean=0.5410 pgd10=0.3031 trigger=0 abandoned=0 train_s=33.9
epoch=009 mode=fgsm_zero clean=0.5282 pgd10=0.3078 trigger=0 abandoned=0 train_s=33.9
epoch=010 mode=fgsm_zero clean=0.5810 pgd10=0.3063 trigger=0 abandoned=0 train_s=34.3
epoch=011 mode=fgsm_zero clean=0.5714 pgd10=0.3164 trigger=0 abandoned=0 train_s=33.6
epoch=012 mode=fgsm_zero clean=0.5600 pgd10=0.3047 trigger=0 abandoned=0 train_s=34.2
epoch=013 mode=fgsm_zero clean=0.5716 pgd10=0.3477 trigger=0 abandoned=0 train_s=33.7
epoch=014 mode=fgsm_zero clean=0.5730 pgd10=0.3094 trigger=0 abandoned=0 train_s=34.0
epoch=015 mode=fgsm_zero clean=0.5804 pgd10=0.3148 trigger=0 abandoned=0 train_s=34.3
epoch=016 mode=fgsm_zero clean=0.6038 pgd10=0.3258 trigger=0 abandoned=0 train_s=33.5
epoch=017 mode=fgsm_zero clean=0.6140 pgd10=0.3547 trigger=0 abandoned=0 train_s=33.8
epoch=018 mode=fgsm_zero clean=0.5992 pgd10=0.3383 trigger=0 abandoned=0 train_s=34.1
epoch=019 mode=fgsm_zero clean=0.6068 pgd10=0.3500 trigger=0 abandoned=0 train_s=35.5
epoch=020 mode=fgsm_zero clean=0.6318 pgd10=0.3469 trigger=0 abandoned=0 train_s=34.9
epoch=021 mode=fgsm_zero clean=0.6782 pgd10=0.3977 trigger=0 abandoned=0 train_s=34.2
epoch=022 mode=fgsm_zero clean=0.6510 pgd10=0.3734 trigger=0 abandoned=0 train_s=34.2
epoch=023 mode=fgsm_zero clean=0.6032 pgd10=0.0281 trigger=1 abandoned=0 train_s=36.1
epoch=024 mode=fgsm_zero clean=0.6486 pgd10=0.0023 trigger=0 abandoned=0 train_s=34.4
epoch=025 mode=fgsm_zero clean=0.6846 pgd10=0.0000 trigger=0 abandoned=0 train_s=34.4
epoch=026 mode=fgsm_zero clean=0.6666 pgd10=0.0000 trigger=0 abandoned=0 train_s=33.7
epoch=027 mode=fgsm_zero clean=0.7338 pgd10=0.0000 trigger=0 abandoned=0 train_s=35.7
epoch=028 mode=fgsm_zero clean=0.7796 pgd10=0.0000 trigger=0 abandoned=0 train_s=34.5
epoch=029 mode=fgsm_zero clean=0.8276 pgd10=0.0000 trigger=0 abandoned=0 train_s=34.2
epoch=030 mode=fgsm_zero clean=0.8520 pgd10=0.0000 trigger=0 abandoned=0 train_s=34.6
finish=v3_resnet18_collapse_seed303 time=2026-09-05T08:38:37.9389779+08:00
start=v3_resnet18_collapse_seed404 time=2026-09-05T08:38:37.9425523+08:00
epoch=001 mode=fgsm_zero clean=0.3126 pgd10=0.2437 trigger=0 abandoned=0 train_s=35.7
epoch=002 mode=fgsm_zero clean=0.3600 pgd10=0.2422 trigger=0 abandoned=0 train_s=34.3
epoch=003 mode=fgsm_zero clean=0.4102 pgd10=0.2570 trigger=0 abandoned=0 train_s=34.3
epoch=004 mode=fgsm_zero clean=0.4462 pgd10=0.2906 trigger=0 abandoned=0 train_s=33.0
epoch=005 mode=fgsm_zero clean=0.4512 pgd10=0.2805 trigger=0 abandoned=0 train_s=32.9
epoch=006 mode=fgsm_zero clean=0.4634 pgd10=0.2750 trigger=0 abandoned=0 train_s=32.5
epoch=007 mode=fgsm_zero clean=0.5164 pgd10=0.3375 trigger=0 abandoned=0 train_s=34.5
epoch=008 mode=fgsm_zero clean=0.5474 pgd10=0.3187 trigger=0 abandoned=0 train_s=33.7
epoch=009 mode=fgsm_zero clean=0.5536 pgd10=0.3305 trigger=0 abandoned=0 train_s=34.6
epoch=010 mode=fgsm_zero clean=0.5330 pgd10=0.3187 trigger=0 abandoned=0 train_s=34.0
epoch=011 mode=fgsm_zero clean=0.5730 pgd10=0.3086 trigger=0 abandoned=0 train_s=33.9
epoch=012 mode=fgsm_zero clean=0.6038 pgd10=0.3531 trigger=0 abandoned=0 train_s=33.7
epoch=013 mode=fgsm_zero clean=0.5726 pgd10=0.3156 trigger=0 abandoned=0 train_s=34.0
epoch=014 mode=fgsm_zero clean=0.5592 pgd10=0.3406 trigger=0 abandoned=0 train_s=34.2
epoch=015 mode=fgsm_zero clean=0.5184 pgd10=0.3133 trigger=0 abandoned=0 train_s=34.1
epoch=016 mode=fgsm_zero clean=0.5682 pgd10=0.3250 trigger=0 abandoned=0 train_s=33.9
epoch=017 mode=fgsm_zero clean=0.6258 pgd10=0.3492 trigger=0 abandoned=0 train_s=35.1
epoch=018 mode=fgsm_zero clean=0.6280 pgd10=0.3656 trigger=0 abandoned=0 train_s=34.3
epoch=019 mode=fgsm_zero clean=0.6216 pgd10=0.3414 trigger=0 abandoned=0 train_s=33.9
epoch=020 mode=fgsm_zero clean=0.6392 pgd10=0.3672 trigger=0 abandoned=0 train_s=33.9
epoch=021 mode=fgsm_zero clean=0.6502 pgd10=0.3898 trigger=0 abandoned=0 train_s=34.1
epoch=022 mode=fgsm_zero clean=0.6586 pgd10=0.3766 trigger=0 abandoned=0 train_s=35.1
epoch=023 mode=fgsm_zero clean=0.6766 pgd10=0.3805 trigger=0 abandoned=0 train_s=34.0
epoch=024 mode=fgsm_zero clean=0.6534 pgd10=0.3703 trigger=0 abandoned=0 train_s=35.1
epoch=025 mode=fgsm_zero clean=0.6922 pgd10=0.3727 trigger=0 abandoned=0 train_s=34.3
epoch=026 mode=fgsm_zero clean=0.7184 pgd10=0.0219 trigger=1 abandoned=0 train_s=36.0
epoch=027 mode=fgsm_zero clean=0.7504 pgd10=0.0000 trigger=0 abandoned=0 train_s=34.6
epoch=028 mode=fgsm_zero clean=0.7790 pgd10=0.0000 trigger=0 abandoned=0 train_s=34.2
epoch=029 mode=fgsm_zero clean=0.8242 pgd10=0.0000 trigger=0 abandoned=0 train_s=33.9
epoch=030 mode=fgsm_zero clean=0.8542 pgd10=0.0000 trigger=0 abandoned=0 train_s=34.9
finish=v3_resnet18_collapse_seed404 time=2026-09-05T09:06:23.0868889+08:00
start=v3_resnet18_collapse_seed505 time=2026-09-05T09:06:23.0968967+08:00
epoch=001 mode=fgsm_zero clean=0.2800 pgd10=0.0859 trigger=0 abandoned=0 train_s=34.6
epoch=002 mode=fgsm_zero clean=0.3124 pgd10=0.0758 trigger=0 abandoned=0 train_s=34.0
epoch=003 mode=fgsm_zero clean=0.2710 pgd10=0.0273 trigger=0 abandoned=0 train_s=33.4
epoch=004 mode=fgsm_zero clean=0.3176 pgd10=0.0344 trigger=0 abandoned=0 train_s=34.7
epoch=005 mode=fgsm_zero clean=0.4620 pgd10=0.0383 trigger=0 abandoned=0 train_s=34.2
epoch=006 mode=fgsm_zero clean=0.4336 pgd10=0.0211 trigger=0 abandoned=0 train_s=34.6
epoch=007 mode=fgsm_zero clean=0.3676 pgd10=0.0008 trigger=0 abandoned=0 train_s=34.5
epoch=008 mode=fgsm_zero clean=0.5890 pgd10=0.0039 trigger=0 abandoned=0 train_s=33.6
epoch=009 mode=fgsm_zero clean=0.4308 pgd10=0.0023 trigger=0 abandoned=0 train_s=33.9
epoch=010 mode=fgsm_zero clean=0.5244 pgd10=0.0008 trigger=0 abandoned=0 train_s=34.6
epoch=011 mode=fgsm_zero clean=0.5102 pgd10=0.0008 trigger=0 abandoned=0 train_s=34.4
epoch=012 mode=fgsm_zero clean=0.5036 pgd10=0.0000 trigger=0 abandoned=0 train_s=34.1
epoch=013 mode=fgsm_zero clean=0.5616 pgd10=0.0000 trigger=0 abandoned=0 train_s=33.7
epoch=014 mode=fgsm_zero clean=0.5738 pgd10=0.0000 trigger=0 abandoned=0 train_s=34.5
epoch=015 mode=fgsm_zero clean=0.5868 pgd10=0.0008 trigger=0 abandoned=0 train_s=34.1
epoch=016 mode=fgsm_zero clean=0.5090 pgd10=0.0000 trigger=0 abandoned=0 train_s=34.0
epoch=017 mode=fgsm_zero clean=0.5420 pgd10=0.0000 trigger=0 abandoned=0 train_s=35.2
epoch=018 mode=fgsm_zero clean=0.4406 pgd10=0.0000 trigger=0 abandoned=0 train_s=33.9
epoch=019 mode=fgsm_zero clean=0.5380 pgd10=0.0016 trigger=0 abandoned=0 train_s=38.9
epoch=020 mode=fgsm_zero clean=0.5962 pgd10=0.0000 trigger=0 abandoned=0 train_s=35.1
epoch=021 mode=fgsm_zero clean=0.5730 pgd10=0.0000 trigger=0 abandoned=0 train_s=34.5
epoch=022 mode=fgsm_zero clean=0.6216 pgd10=0.0000 trigger=0 abandoned=0 train_s=34.0
epoch=023 mode=fgsm_zero clean=0.6702 pgd10=0.0000 trigger=0 abandoned=0 train_s=33.5
epoch=024 mode=fgsm_zero clean=0.6070 pgd10=0.0000 trigger=0 abandoned=0 train_s=34.1
epoch=025 mode=fgsm_zero clean=0.6884 pgd10=0.0000 trigger=0 abandoned=0 train_s=34.4
epoch=026 mode=fgsm_zero clean=0.6946 pgd10=0.0008 trigger=0 abandoned=0 train_s=33.8
epoch=027 mode=fgsm_zero clean=0.7212 pgd10=0.0000 trigger=0 abandoned=0 train_s=34.0
epoch=028 mode=fgsm_zero clean=0.7668 pgd10=0.0000 trigger=0 abandoned=0 train_s=33.7
epoch=029 mode=fgsm_zero clean=0.7814 pgd10=0.0000 trigger=0 abandoned=0 train_s=33.8
epoch=030 mode=fgsm_zero clean=0.8090 pgd10=0.0000 trigger=0 abandoned=0 train_s=34.6
finish=v3_resnet18_collapse_seed505 time=2026-09-05T09:34:11.1581801+08:00
start=v3_resnet18_collapse_seed606 time=2026-09-05T09:34:11.1621887+08:00
epoch=001 mode=fgsm_zero clean=0.2770 pgd10=0.1953 trigger=0 abandoned=0 train_s=34.4
epoch=002 mode=fgsm_zero clean=0.3498 pgd10=0.2445 trigger=0 abandoned=0 train_s=34.1
epoch=003 mode=fgsm_zero clean=0.3844 pgd10=0.2586 trigger=0 abandoned=0 train_s=33.7
epoch=004 mode=fgsm_zero clean=0.4496 pgd10=0.2875 trigger=0 abandoned=0 train_s=34.1
epoch=005 mode=fgsm_zero clean=0.4552 pgd10=0.2945 trigger=0 abandoned=0 train_s=33.9
epoch=006 mode=fgsm_zero clean=0.4904 pgd10=0.2883 trigger=0 abandoned=0 train_s=34.0
epoch=007 mode=fgsm_zero clean=0.5494 pgd10=0.3141 trigger=0 abandoned=0 train_s=34.0
epoch=008 mode=fgsm_zero clean=0.5486 pgd10=0.3383 trigger=0 abandoned=0 train_s=33.9
epoch=009 mode=fgsm_zero clean=0.5718 pgd10=0.3422 trigger=0 abandoned=0 train_s=34.2
epoch=010 mode=fgsm_zero clean=0.5970 pgd10=0.3461 trigger=0 abandoned=0 train_s=34.3
epoch=011 mode=fgsm_zero clean=0.5558 pgd10=0.3219 trigger=0 abandoned=0 train_s=33.8
epoch=012 mode=fgsm_zero clean=0.5510 pgd10=0.3336 trigger=0 abandoned=0 train_s=34.1
epoch=013 mode=fgsm_zero clean=0.5794 pgd10=0.3312 trigger=0 abandoned=0 train_s=33.5
epoch=014 mode=fgsm_zero clean=0.5274 pgd10=0.3430 trigger=0 abandoned=0 train_s=34.3
epoch=015 mode=fgsm_zero clean=0.4984 pgd10=0.2961 trigger=0 abandoned=0 train_s=34.6
epoch=016 mode=fgsm_zero clean=0.5784 pgd10=0.3242 trigger=0 abandoned=0 train_s=34.2
epoch=017 mode=fgsm_zero clean=0.6140 pgd10=0.3555 trigger=0 abandoned=0 train_s=34.4
epoch=018 mode=fgsm_zero clean=0.5816 pgd10=0.3164 trigger=0 abandoned=0 train_s=33.9
epoch=019 mode=fgsm_zero clean=0.6074 pgd10=0.3617 trigger=0 abandoned=0 train_s=34.2
epoch=020 mode=fgsm_zero clean=0.6368 pgd10=0.3695 trigger=0 abandoned=0 train_s=34.0
epoch=021 mode=fgsm_zero clean=0.6518 pgd10=0.3703 trigger=0 abandoned=0 train_s=33.9
epoch=022 mode=fgsm_zero clean=0.6038 pgd10=0.0016 trigger=1 abandoned=0 train_s=37.0
epoch=023 mode=fgsm_zero clean=0.7332 pgd10=0.0023 trigger=0 abandoned=0 train_s=34.3
epoch=024 mode=fgsm_zero clean=0.6848 pgd10=0.0000 trigger=0 abandoned=0 train_s=34.0
epoch=025 mode=fgsm_zero clean=0.7378 pgd10=0.0000 trigger=0 abandoned=0 train_s=33.9
epoch=026 mode=fgsm_zero clean=0.6962 pgd10=0.0008 trigger=0 abandoned=0 train_s=34.2
epoch=027 mode=fgsm_zero clean=0.7862 pgd10=0.0000 trigger=0 abandoned=0 train_s=34.2
epoch=028 mode=fgsm_zero clean=0.7882 pgd10=0.0000 trigger=0 abandoned=0 train_s=34.2
epoch=029 mode=fgsm_zero clean=0.8058 pgd10=0.0000 trigger=0 abandoned=0 train_s=34.6
epoch=030 mode=fgsm_zero clean=0.8352 pgd10=0.0000 trigger=0 abandoned=0 train_s=34.1
finish=v3_resnet18_collapse_seed606 time=2026-09-05T10:01:55.0170935+08:00
start=v3_resnet18_collapse_seed707 time=2026-09-05T10:01:55.0210874+08:00
epoch=001 mode=fgsm_zero clean=0.2538 pgd10=0.1891 trigger=0 abandoned=0 train_s=34.6
epoch=002 mode=fgsm_zero clean=0.3508 pgd10=0.2211 trigger=0 abandoned=0 train_s=34.3
epoch=003 mode=fgsm_zero clean=0.3930 pgd10=0.2516 trigger=0 abandoned=0 train_s=34.1
epoch=004 mode=fgsm_zero clean=0.4188 pgd10=0.2672 trigger=0 abandoned=0 train_s=34.4
epoch=005 mode=fgsm_zero clean=0.4800 pgd10=0.2695 trigger=0 abandoned=0 train_s=34.5
epoch=006 mode=fgsm_zero clean=0.4774 pgd10=0.3031 trigger=0 abandoned=0 train_s=33.9
epoch=007 mode=fgsm_zero clean=0.5244 pgd10=0.3031 trigger=0 abandoned=0 train_s=34.2
epoch=008 mode=fgsm_zero clean=0.4678 pgd10=0.3078 trigger=0 abandoned=0 train_s=33.8
epoch=009 mode=fgsm_zero clean=0.5380 pgd10=0.3148 trigger=0 abandoned=0 train_s=34.7
epoch=010 mode=fgsm_zero clean=0.5652 pgd10=0.3406 trigger=0 abandoned=0 train_s=35.7
epoch=011 mode=fgsm_zero clean=0.5534 pgd10=0.3398 trigger=0 abandoned=0 train_s=35.3
epoch=012 mode=fgsm_zero clean=0.5544 pgd10=0.3234 trigger=0 abandoned=0 train_s=35.0
epoch=013 mode=fgsm_zero clean=0.5796 pgd10=0.3406 trigger=0 abandoned=0 train_s=34.0
epoch=014 mode=fgsm_zero clean=0.5248 pgd10=0.3133 trigger=0 abandoned=0 train_s=34.1
epoch=015 mode=fgsm_zero clean=0.5332 pgd10=0.3039 trigger=0 abandoned=0 train_s=34.5
epoch=016 mode=fgsm_zero clean=0.5470 pgd10=0.3344 trigger=0 abandoned=0 train_s=33.9
epoch=017 mode=fgsm_zero clean=0.6106 pgd10=0.3484 trigger=0 abandoned=0 train_s=34.3
epoch=018 mode=fgsm_zero clean=0.6062 pgd10=0.3500 trigger=0 abandoned=0 train_s=33.7
epoch=019 mode=fgsm_zero clean=0.6312 pgd10=0.3547 trigger=0 abandoned=0 train_s=34.1
epoch=020 mode=fgsm_zero clean=0.5656 pgd10=0.3031 trigger=0 abandoned=0 train_s=33.9
epoch=021 mode=fgsm_zero clean=0.6214 pgd10=0.3461 trigger=1 abandoned=0 train_s=34.9
epoch=022 mode=fgsm_zero clean=0.5412 pgd10=0.0000 trigger=1 abandoned=0 train_s=36.8
epoch=023 mode=fgsm_zero clean=0.6726 pgd10=0.0008 trigger=0 abandoned=0 train_s=33.6
epoch=024 mode=fgsm_zero clean=0.6366 pgd10=0.0000 trigger=0 abandoned=0 train_s=34.2
epoch=025 mode=fgsm_zero clean=0.6140 pgd10=0.0000 trigger=0 abandoned=0 train_s=34.3
epoch=026 mode=fgsm_zero clean=0.7008 pgd10=0.0000 trigger=0 abandoned=0 train_s=34.3
epoch=027 mode=fgsm_zero clean=0.6220 pgd10=0.0000 trigger=0 abandoned=0 train_s=34.0
epoch=028 mode=fgsm_zero clean=0.7618 pgd10=0.0000 trigger=0 abandoned=0 train_s=33.8
epoch=029 mode=fgsm_zero clean=0.7526 pgd10=0.0000 trigger=0 abandoned=0 train_s=34.1
epoch=030 mode=fgsm_zero clean=0.8148 pgd10=0.0000 trigger=0 abandoned=0 train_s=34.1
finish=v3_resnet18_collapse_seed707 time=2026-09-05T10:29:40.9176033+08:00
start=v3_resnet18_stable_seed17 time=2026-09-05T10:29:40.9245423+08:00
epoch=001 mode=fgsm_random_uniform clean=0.2808 pgd10=0.0719 trigger=0 abandoned=0 train_s=34.7
epoch=002 mode=fgsm_random_uniform clean=0.3566 pgd10=0.1383 trigger=0 abandoned=0 train_s=34.0
epoch=003 mode=fgsm_random_uniform clean=0.3104 pgd10=0.1344 trigger=0 abandoned=0 train_s=34.4
epoch=004 mode=fgsm_random_uniform clean=0.4168 pgd10=0.0273 trigger=0 abandoned=0 train_s=34.5
epoch=005 mode=fgsm_random_uniform clean=0.3236 pgd10=0.0344 trigger=0 abandoned=0 train_s=34.7
epoch=006 mode=fgsm_random_uniform clean=0.3930 pgd10=0.0016 trigger=0 abandoned=0 train_s=33.9
epoch=007 mode=fgsm_random_uniform clean=0.4994 pgd10=0.0000 trigger=0 abandoned=0 train_s=34.7
epoch=008 mode=fgsm_random_uniform clean=0.4132 pgd10=0.0000 trigger=0 abandoned=0 train_s=34.1
epoch=009 mode=fgsm_random_uniform clean=0.4372 pgd10=0.0000 trigger=0 abandoned=0 train_s=34.3
epoch=010 mode=fgsm_random_uniform clean=0.2630 pgd10=0.0000 trigger=0 abandoned=0 train_s=34.0
epoch=011 mode=fgsm_random_uniform clean=0.5332 pgd10=0.0000 trigger=0 abandoned=0 train_s=33.8
epoch=012 mode=fgsm_random_uniform clean=0.4854 pgd10=0.0000 trigger=0 abandoned=0 train_s=35.2
epoch=013 mode=fgsm_random_uniform clean=0.5518 pgd10=0.0000 trigger=0 abandoned=0 train_s=33.9
epoch=014 mode=fgsm_random_uniform clean=0.5978 pgd10=0.0000 trigger=0 abandoned=0 train_s=34.0
epoch=015 mode=fgsm_random_uniform clean=0.5352 pgd10=0.0000 trigger=0 abandoned=0 train_s=34.2
epoch=016 mode=fgsm_random_uniform clean=0.5596 pgd10=0.0000 trigger=0 abandoned=0 train_s=34.1
epoch=017 mode=fgsm_random_uniform clean=0.5256 pgd10=0.0000 trigger=0 abandoned=0 train_s=34.3
epoch=018 mode=fgsm_random_uniform clean=0.5584 pgd10=0.0000 trigger=0 abandoned=0 train_s=34.0
epoch=019 mode=fgsm_random_uniform clean=0.5264 pgd10=0.0000 trigger=0 abandoned=0 train_s=34.2
epoch=020 mode=fgsm_random_uniform clean=0.4216 pgd10=0.0000 trigger=0 abandoned=0 train_s=34.4
epoch=021 mode=fgsm_random_uniform clean=0.4184 pgd10=0.0000 trigger=0 abandoned=0 train_s=33.9
epoch=022 mode=fgsm_random_uniform clean=0.5446 pgd10=0.0000 trigger=0 abandoned=0 train_s=34.0
epoch=023 mode=fgsm_random_uniform clean=0.6812 pgd10=0.0000 trigger=0 abandoned=0 train_s=33.7
epoch=024 mode=fgsm_random_uniform clean=0.5128 pgd10=0.0000 trigger=0 abandoned=0 train_s=33.9
epoch=025 mode=fgsm_random_uniform clean=0.4060 pgd10=0.0000 trigger=0 abandoned=0 train_s=34.5
epoch=026 mode=fgsm_random_uniform clean=0.6912 pgd10=0.0000 trigger=0 abandoned=0 train_s=34.6
epoch=027 mode=fgsm_random_uniform clean=0.5826 pgd10=0.0000 trigger=0 abandoned=0 train_s=35.5
epoch=028 mode=fgsm_random_uniform clean=0.6636 pgd10=0.0000 trigger=0 abandoned=0 train_s=34.2
epoch=029 mode=fgsm_random_uniform clean=0.6712 pgd10=0.0000 trigger=0 abandoned=0 train_s=34.6
epoch=030 mode=fgsm_random_uniform clean=0.7060 pgd10=0.0000 trigger=0 abandoned=0 train_s=35.1
finish=v3_resnet18_stable_seed17 time=2026-09-05T10:57:25.0944720+08:00
start=v3_resnet18_stable_seed23 time=2026-09-05T10:57:25.0984709+08:00
epoch=001 mode=fgsm_random_uniform clean=0.2812 pgd10=0.1922 trigger=0 abandoned=0 train_s=35.2
epoch=002 mode=fgsm_random_uniform clean=0.3482 pgd10=0.2227 trigger=0 abandoned=0 train_s=34.8
epoch=003 mode=fgsm_random_uniform clean=0.4116 pgd10=0.2398 trigger=0 abandoned=0 train_s=34.6
epoch=004 mode=fgsm_random_uniform clean=0.4262 pgd10=0.2523 trigger=0 abandoned=0 train_s=34.2
epoch=005 mode=fgsm_random_uniform clean=0.4450 pgd10=0.2703 trigger=0 abandoned=0 train_s=34.5
epoch=006 mode=fgsm_random_uniform clean=0.5454 pgd10=0.3016 trigger=0 abandoned=0 train_s=34.3
epoch=007 mode=fgsm_random_uniform clean=0.5510 pgd10=0.3086 trigger=0 abandoned=0 train_s=34.8
epoch=008 mode=fgsm_random_uniform clean=0.5336 pgd10=0.3219 trigger=0 abandoned=0 train_s=34.6
epoch=009 mode=fgsm_random_uniform clean=0.5984 pgd10=0.3227 trigger=0 abandoned=0 train_s=35.5
epoch=010 mode=fgsm_random_uniform clean=0.5832 pgd10=0.3242 trigger=0 abandoned=0 train_s=34.4
epoch=011 mode=fgsm_random_uniform clean=0.6158 pgd10=0.3469 trigger=0 abandoned=0 train_s=33.8
epoch=012 mode=fgsm_random_uniform clean=0.6434 pgd10=0.3172 trigger=0 abandoned=0 train_s=34.6
epoch=013 mode=fgsm_random_uniform clean=0.5992 pgd10=0.3227 trigger=0 abandoned=0 train_s=34.2
epoch=014 mode=fgsm_random_uniform clean=0.6272 pgd10=0.3266 trigger=0 abandoned=0 train_s=34.6
epoch=015 mode=fgsm_random_uniform clean=0.6496 pgd10=0.3453 trigger=0 abandoned=0 train_s=34.3
epoch=016 mode=fgsm_random_uniform clean=0.6512 pgd10=0.3781 trigger=0 abandoned=0 train_s=34.4
epoch=017 mode=fgsm_random_uniform clean=0.6924 pgd10=0.3641 trigger=0 abandoned=0 train_s=34.4
epoch=018 mode=fgsm_random_uniform clean=0.6800 pgd10=0.3891 trigger=0 abandoned=0 train_s=33.7
epoch=019 mode=fgsm_random_uniform clean=0.6400 pgd10=0.3617 trigger=0 abandoned=0 train_s=34.1
epoch=020 mode=fgsm_random_uniform clean=0.7226 pgd10=0.3859 trigger=0 abandoned=0 train_s=33.7
epoch=021 mode=fgsm_random_uniform clean=0.7004 pgd10=0.3867 trigger=0 abandoned=0 train_s=33.8
epoch=022 mode=fgsm_random_uniform clean=0.7194 pgd10=0.3969 trigger=0 abandoned=0 train_s=34.4
epoch=023 mode=fgsm_random_uniform clean=0.7072 pgd10=0.3828 trigger=0 abandoned=0 train_s=34.0
epoch=024 mode=fgsm_random_uniform clean=0.7344 pgd10=0.4039 trigger=0 abandoned=0 train_s=33.9
epoch=025 mode=fgsm_random_uniform clean=0.7448 pgd10=0.4023 trigger=0 abandoned=0 train_s=33.9
epoch=026 mode=fgsm_random_uniform clean=0.7654 pgd10=0.3984 trigger=0 abandoned=0 train_s=33.6
epoch=027 mode=fgsm_random_uniform clean=0.7756 pgd10=0.4484 trigger=0 abandoned=0 train_s=34.2
epoch=028 mode=fgsm_random_uniform clean=0.7894 pgd10=0.4562 trigger=0 abandoned=0 train_s=34.3
epoch=029 mode=fgsm_random_uniform clean=0.8068 pgd10=0.4508 trigger=0 abandoned=0 train_s=34.3
epoch=030 mode=fgsm_random_uniform clean=0.8244 pgd10=0.4797 trigger=0 abandoned=0 train_s=35.4
finish=v3_resnet18_stable_seed23 time=2026-09-05T11:25:22.1882182+08:00
start=v3_resnet18_stable_seed42 time=2026-09-05T11:25:22.1932194+08:00
epoch=001 mode=fgsm_random_uniform clean=0.2992 pgd10=0.2266 trigger=0 abandoned=0 train_s=34.2
epoch=002 mode=fgsm_random_uniform clean=0.3314 pgd10=0.2383 trigger=0 abandoned=0 train_s=34.3
epoch=003 mode=fgsm_random_uniform clean=0.3820 pgd10=0.2336 trigger=0 abandoned=0 train_s=33.8
epoch=004 mode=fgsm_random_uniform clean=0.4476 pgd10=0.2586 trigger=0 abandoned=0 train_s=33.8
epoch=005 mode=fgsm_random_uniform clean=0.4860 pgd10=0.2977 trigger=0 abandoned=0 train_s=35.2
epoch=006 mode=fgsm_random_uniform clean=0.5200 pgd10=0.3125 trigger=0 abandoned=0 train_s=33.6
epoch=007 mode=fgsm_random_uniform clean=0.5256 pgd10=0.2922 trigger=0 abandoned=0 train_s=34.0
epoch=008 mode=fgsm_random_uniform clean=0.5992 pgd10=0.3281 trigger=0 abandoned=0 train_s=33.8
epoch=009 mode=fgsm_random_uniform clean=0.6008 pgd10=0.3438 trigger=0 abandoned=0 train_s=34.3
epoch=010 mode=fgsm_random_uniform clean=0.6124 pgd10=0.3555 trigger=0 abandoned=0 train_s=34.8
epoch=011 mode=fgsm_random_uniform clean=0.6342 pgd10=0.3555 trigger=0 abandoned=0 train_s=34.2
epoch=012 mode=fgsm_random_uniform clean=0.6136 pgd10=0.3492 trigger=0 abandoned=0 train_s=34.2
epoch=013 mode=fgsm_random_uniform clean=0.6404 pgd10=0.3664 trigger=0 abandoned=0 train_s=33.9
epoch=014 mode=fgsm_random_uniform clean=0.6582 pgd10=0.3344 trigger=0 abandoned=0 train_s=33.8
epoch=015 mode=fgsm_random_uniform clean=0.6464 pgd10=0.3289 trigger=0 abandoned=0 train_s=33.9
epoch=016 mode=fgsm_random_uniform clean=0.6032 pgd10=0.3180 trigger=0 abandoned=0 train_s=34.2
epoch=017 mode=fgsm_random_uniform clean=0.6632 pgd10=0.3461 trigger=0 abandoned=0 train_s=33.9
epoch=018 mode=fgsm_random_uniform clean=0.6252 pgd10=0.3398 trigger=0 abandoned=0 train_s=34.1
epoch=019 mode=fgsm_random_uniform clean=0.6736 pgd10=0.3359 trigger=0 abandoned=0 train_s=34.4
epoch=020 mode=fgsm_random_uniform clean=0.7104 pgd10=0.3695 trigger=0 abandoned=0 train_s=34.3
epoch=021 mode=fgsm_random_uniform clean=0.6852 pgd10=0.3695 trigger=0 abandoned=0 train_s=33.7
epoch=022 mode=fgsm_random_uniform clean=0.7146 pgd10=0.3984 trigger=0 abandoned=0 train_s=34.7
epoch=023 mode=fgsm_random_uniform clean=0.7284 pgd10=0.3922 trigger=0 abandoned=0 train_s=33.6
epoch=024 mode=fgsm_random_uniform clean=0.7226 pgd10=0.3836 trigger=0 abandoned=0 train_s=34.0
epoch=025 mode=fgsm_random_uniform clean=0.7660 pgd10=0.3937 trigger=0 abandoned=0 train_s=34.8
epoch=026 mode=fgsm_random_uniform clean=0.7586 pgd10=0.4227 trigger=0 abandoned=0 train_s=34.0
epoch=027 mode=fgsm_random_uniform clean=0.7828 pgd10=0.4148 trigger=0 abandoned=0 train_s=34.3
epoch=028 mode=fgsm_random_uniform clean=0.7972 pgd10=0.4367 trigger=0 abandoned=0 train_s=33.7
epoch=029 mode=fgsm_random_uniform clean=0.8190 pgd10=0.4453 trigger=0 abandoned=0 train_s=34.4
epoch=030 mode=fgsm_random_uniform clean=0.8278 pgd10=0.4602 trigger=0 abandoned=0 train_s=35.2
finish=v3_resnet18_stable_seed42 time=2026-09-05T11:53:04.5224534+08:00
{
  "threshold": 0.16632988750934596,
  "planned_collapse_runs": 5,
  "observed_events": 5,
  "detected_events": 4,
  "event_recall_any_lead": 0.8,
  "detected_within_60_updates": 2,
  "recall_within_60_updates": 0.4,
  "median_first_lead_windows": 4.0,
  "stable_runs": 3,
  "stable_false_alarm_episodes": 0,
  "stable_false_alarms_per_run": 0.0
}
start=v3_resnet18_intervention_seed303 threshold=0.166329887509346 time=2026-09-05T11:53:05.6732948+08:00
epoch=001 mode=fgsm_zero clean=0.2316 pgd10=0.1680 trigger=0 abandoned=0 train_s=33.8
epoch=002 mode=fgsm_zero clean=0.3410 pgd10=0.2289 trigger=0 abandoned=0 train_s=32.4
epoch=003 mode=fgsm_zero clean=0.3874 pgd10=0.2570 trigger=0 abandoned=0 train_s=32.6
epoch=004 mode=fgsm_zero clean=0.3936 pgd10=0.2594 trigger=0 abandoned=0 train_s=32.7
epoch=005 mode=fgsm_zero clean=0.4082 pgd10=0.2609 trigger=0 abandoned=0 train_s=32.6
epoch=006 mode=fgsm_zero clean=0.5184 pgd10=0.3148 trigger=0 abandoned=0 train_s=32.5
epoch=007 mode=fgsm_zero clean=0.5314 pgd10=0.3023 trigger=0 abandoned=0 train_s=32.5
epoch=008 mode=fgsm_zero clean=0.5410 pgd10=0.3031 trigger=0 abandoned=0 train_s=32.7
epoch=009 mode=fgsm_zero clean=0.5282 pgd10=0.3078 trigger=0 abandoned=0 train_s=32.8
epoch=010 mode=fgsm_zero clean=0.5810 pgd10=0.3063 trigger=0 abandoned=0 train_s=32.5
epoch=011 mode=fgsm_zero clean=0.5714 pgd10=0.3164 trigger=0 abandoned=0 train_s=32.4
epoch=012 mode=fgsm_zero clean=0.5600 pgd10=0.3047 trigger=0 abandoned=0 train_s=32.5
epoch=013 mode=fgsm_zero clean=0.5716 pgd10=0.3477 trigger=0 abandoned=0 train_s=32.5
epoch=014 mode=fgsm_zero clean=0.5730 pgd10=0.3094 trigger=0 abandoned=0 train_s=33.1
epoch=015 mode=fgsm_zero clean=0.5804 pgd10=0.3148 trigger=0 abandoned=0 train_s=32.6
epoch=016 mode=fgsm_zero clean=0.6038 pgd10=0.3258 trigger=0 abandoned=0 train_s=32.6
epoch=017 mode=fgsm_zero clean=0.6140 pgd10=0.3547 trigger=0 abandoned=0 train_s=32.7
epoch=018 mode=fgsm_zero clean=0.5992 pgd10=0.3383 trigger=0 abandoned=0 train_s=32.6
epoch=019 mode=fgsm_zero clean=0.6068 pgd10=0.3500 trigger=0 abandoned=0 train_s=32.6
epoch=020 mode=fgsm_zero clean=0.6318 pgd10=0.3469 trigger=0 abandoned=0 train_s=32.6
epoch=021 mode=fgsm_zero clean=0.6782 pgd10=0.3977 trigger=0 abandoned=0 train_s=32.5
epoch=022 mode=fgsm_zero clean=0.6510 pgd10=0.3734 trigger=0 abandoned=0 train_s=32.8
epoch=023 mode=fgsm_warning_then_pgd2_next_epoch clean=0.6032 pgd10=0.0281 trigger=1 abandoned=0 train_s=33.1
epoch=024 mode=pgd2 clean=0.7208 pgd10=0.3875 trigger=0 abandoned=0 train_s=43.4
epoch=025 mode=pgd2 clean=0.7382 pgd10=0.3914 trigger=0 abandoned=0 train_s=43.5
epoch=026 mode=pgd2 clean=0.7334 pgd10=0.4188 trigger=0 abandoned=0 train_s=43.9
epoch=027 mode=pgd2 clean=0.7618 pgd10=0.4250 trigger=0 abandoned=0 train_s=43.9
epoch=028 mode=pgd2 clean=0.7942 pgd10=0.4211 trigger=0 abandoned=0 train_s=43.8
epoch=029 mode=pgd2 clean=0.8002 pgd10=0.4523 trigger=0 abandoned=0 train_s=43.6
epoch=030 mode=pgd2 clean=0.8260 pgd10=0.4680 trigger=0 abandoned=0 train_s=43.7
finish=v3_resnet18_intervention_seed303 time=2026-09-05T12:21:04.8611780+08:00
start=v3_resnet18_intervention_seed404 threshold=0.166329887509346 time=2026-09-05T12:21:04.8651780+08:00
epoch=001 mode=fgsm_zero clean=0.3126 pgd10=0.2437 trigger=0 abandoned=0 train_s=33.2
epoch=002 mode=fgsm_zero clean=0.3600 pgd10=0.2422 trigger=0 abandoned=0 train_s=32.7
epoch=003 mode=fgsm_zero clean=0.4102 pgd10=0.2570 trigger=0 abandoned=0 train_s=33.1
epoch=004 mode=fgsm_zero clean=0.4462 pgd10=0.2906 trigger=0 abandoned=0 train_s=32.9
epoch=005 mode=fgsm_zero clean=0.4512 pgd10=0.2805 trigger=0 abandoned=0 train_s=32.5
epoch=006 mode=fgsm_zero clean=0.4634 pgd10=0.2750 trigger=0 abandoned=0 train_s=32.8
epoch=007 mode=fgsm_zero clean=0.5164 pgd10=0.3375 trigger=0 abandoned=0 train_s=32.4
epoch=008 mode=fgsm_zero clean=0.5474 pgd10=0.3187 trigger=0 abandoned=0 train_s=33.0
epoch=009 mode=fgsm_zero clean=0.5536 pgd10=0.3305 trigger=0 abandoned=0 train_s=32.4
epoch=010 mode=fgsm_zero clean=0.5330 pgd10=0.3187 trigger=0 abandoned=0 train_s=32.8
epoch=011 mode=fgsm_zero clean=0.5730 pgd10=0.3086 trigger=0 abandoned=0 train_s=32.6
epoch=012 mode=fgsm_zero clean=0.6038 pgd10=0.3531 trigger=0 abandoned=0 train_s=32.7
epoch=013 mode=fgsm_zero clean=0.5726 pgd10=0.3156 trigger=0 abandoned=0 train_s=32.8
epoch=014 mode=fgsm_zero clean=0.5592 pgd10=0.3406 trigger=0 abandoned=0 train_s=32.5
epoch=015 mode=fgsm_zero clean=0.5184 pgd10=0.3133 trigger=0 abandoned=0 train_s=32.5
epoch=016 mode=fgsm_zero clean=0.5682 pgd10=0.3250 trigger=0 abandoned=0 train_s=32.4
epoch=017 mode=fgsm_zero clean=0.6258 pgd10=0.3492 trigger=0 abandoned=0 train_s=32.4
epoch=018 mode=fgsm_zero clean=0.6280 pgd10=0.3656 trigger=0 abandoned=0 train_s=32.4
epoch=019 mode=fgsm_zero clean=0.6216 pgd10=0.3414 trigger=0 abandoned=0 train_s=32.7
epoch=020 mode=fgsm_zero clean=0.6392 pgd10=0.3672 trigger=0 abandoned=0 train_s=32.8
epoch=021 mode=fgsm_zero clean=0.6502 pgd10=0.3898 trigger=0 abandoned=0 train_s=32.5
epoch=022 mode=fgsm_zero clean=0.6586 pgd10=0.3766 trigger=0 abandoned=0 train_s=32.4
epoch=023 mode=fgsm_zero clean=0.6766 pgd10=0.3805 trigger=0 abandoned=0 train_s=32.5
epoch=024 mode=fgsm_zero clean=0.6534 pgd10=0.3703 trigger=0 abandoned=0 train_s=32.8
epoch=025 mode=fgsm_zero clean=0.6922 pgd10=0.3727 trigger=0 abandoned=0 train_s=32.6
epoch=026 mode=fgsm_warning_then_pgd2_next_epoch clean=0.7184 pgd10=0.0219 trigger=1 abandoned=0 train_s=32.6
epoch=027 mode=pgd2 clean=0.7636 pgd10=0.4289 trigger=0 abandoned=0 train_s=43.7
epoch=028 mode=pgd2 clean=0.7844 pgd10=0.4523 trigger=0 abandoned=0 train_s=43.4
epoch=029 mode=pgd2 clean=0.7978 pgd10=0.4664 trigger=0 abandoned=0 train_s=43.7
epoch=030 mode=pgd2 clean=0.8214 pgd10=0.4742 trigger=0 abandoned=0 train_s=43.8
finish=v3_resnet18_intervention_seed404 time=2026-09-05T12:48:42.3754623+08:00
start=v3_resnet18_intervention_seed505 threshold=0.166329887509346 time=2026-09-05T12:48:42.3789675+08:00
epoch=001 mode=fgsm_zero clean=0.2800 pgd10=0.0859 trigger=0 abandoned=0 train_s=33.5
epoch=002 mode=fgsm_zero clean=0.3124 pgd10=0.0758 trigger=0 abandoned=0 train_s=32.7
epoch=003 mode=fgsm_zero clean=0.2710 pgd10=0.0273 trigger=0 abandoned=0 train_s=32.4
epoch=004 mode=fgsm_zero clean=0.3176 pgd10=0.0344 trigger=0 abandoned=0 train_s=32.9
epoch=005 mode=fgsm_zero clean=0.4620 pgd10=0.0383 trigger=0 abandoned=0 train_s=33.0
epoch=006 mode=fgsm_zero clean=0.4336 pgd10=0.0211 trigger=0 abandoned=0 train_s=32.8
epoch=007 mode=fgsm_zero clean=0.3676 pgd10=0.0008 trigger=0 abandoned=0 train_s=32.8
epoch=008 mode=fgsm_zero clean=0.5890 pgd10=0.0039 trigger=0 abandoned=0 train_s=32.5
epoch=009 mode=fgsm_zero clean=0.4308 pgd10=0.0023 trigger=0 abandoned=0 train_s=32.4
epoch=010 mode=fgsm_zero clean=0.5244 pgd10=0.0008 trigger=0 abandoned=0 train_s=32.9
epoch=011 mode=fgsm_zero clean=0.5102 pgd10=0.0008 trigger=0 abandoned=0 train_s=32.7
epoch=012 mode=fgsm_zero clean=0.5036 pgd10=0.0000 trigger=0 abandoned=0 train_s=32.5
epoch=013 mode=fgsm_zero clean=0.5616 pgd10=0.0000 trigger=0 abandoned=0 train_s=32.5
epoch=014 mode=fgsm_zero clean=0.5738 pgd10=0.0000 trigger=0 abandoned=0 train_s=33.0
epoch=015 mode=fgsm_zero clean=0.5868 pgd10=0.0008 trigger=0 abandoned=0 train_s=32.6
epoch=016 mode=fgsm_zero clean=0.5090 pgd10=0.0000 trigger=0 abandoned=0 train_s=32.5
epoch=017 mode=fgsm_zero clean=0.5420 pgd10=0.0000 trigger=0 abandoned=0 train_s=32.8
epoch=018 mode=fgsm_zero clean=0.4406 pgd10=0.0000 trigger=0 abandoned=0 train_s=33.0
epoch=019 mode=fgsm_zero clean=0.5380 pgd10=0.0016 trigger=0 abandoned=0 train_s=32.5
epoch=020 mode=fgsm_zero clean=0.5962 pgd10=0.0000 trigger=0 abandoned=0 train_s=32.7
epoch=021 mode=fgsm_zero clean=0.5730 pgd10=0.0000 trigger=0 abandoned=0 train_s=32.7
epoch=022 mode=fgsm_zero clean=0.6216 pgd10=0.0000 trigger=0 abandoned=0 train_s=32.5
epoch=023 mode=fgsm_zero clean=0.6702 pgd10=0.0000 trigger=0 abandoned=0 train_s=32.5
epoch=024 mode=fgsm_zero clean=0.6070 pgd10=0.0000 trigger=0 abandoned=0 train_s=32.5
epoch=025 mode=fgsm_zero clean=0.6884 pgd10=0.0000 trigger=0 abandoned=0 train_s=32.3
epoch=026 mode=fgsm_zero clean=0.6946 pgd10=0.0008 trigger=0 abandoned=0 train_s=32.9
epoch=027 mode=fgsm_zero clean=0.7212 pgd10=0.0000 trigger=0 abandoned=0 train_s=33.1
epoch=028 mode=fgsm_zero clean=0.7668 pgd10=0.0000 trigger=0 abandoned=0 train_s=32.5
epoch=029 mode=fgsm_zero clean=0.7814 pgd10=0.0000 trigger=0 abandoned=0 train_s=32.3
epoch=030 mode=fgsm_zero clean=0.8090 pgd10=0.0000 trigger=0 abandoned=0 train_s=32.5
finish=v3_resnet18_intervention_seed505 time=2026-09-05T13:15:30.8335682+08:00
start=v3_cifar100_collapse_dev_seed17 time=2026-09-05T13:15:30.8385682+08:00
