Created state in outputs_publication\v5_immediate_no_replay_seed101\official_autoattack_1000_state.json
using standard version including apgd-ce, apgd-t, fab-t, square.
initial accuracy: 83.90%
apgd-ce - 1/7 - 62 out of 128 successfully perturbed
apgd-ce - 2/7 - 58 out of 128 successfully perturbed
apgd-ce - 3/7 - 70 out of 128 successfully perturbed
apgd-ce - 4/7 - 56 out of 128 successfully perturbed
apgd-ce - 5/7 - 61 out of 128 successfully perturbed
apgd-ce - 6/7 - 51 out of 128 successfully perturbed
apgd-ce - 7/7 - 32 out of 71 successfully perturbed
robust accuracy after APGD-CE: 44.90% (total time 24.2 s)
apgd-t - 1/4 - 4 out of 128 successfully perturbed
apgd-t - 2/4 - 4 out of 128 successfully perturbed
apgd-t - 3/4 - 13 out of 128 successfully perturbed
apgd-t - 4/4 - 5 out of 65 successfully perturbed
robust accuracy after APGD-T: 42.30% (total time 139.5 s)
fab-t - 1/4 - 0 out of 128 successfully perturbed
fab-t - 2/4 - 0 out of 128 successfully perturbed
fab-t - 3/4 - 0 out of 128 successfully perturbed
fab-t - 4/4 - 0 out of 39 successfully perturbed
robust accuracy after FAB-T: 42.30% (total time 383.5 s)
square - 1/4 - 0 out of 128 successfully perturbed
square - 2/4 - 0 out of 128 successfully perturbed
square - 3/4 - 0 out of 128 successfully perturbed
square - 4/4 - 0 out of 39 successfully perturbed
robust accuracy after SQUARE: 42.30% (total time 699.2 s)
max Linf perturbation: 0.03137, nan in tensor: 0, max: 1.00000, min: 0.00000
robust accuracy: 42.30%
