Created state in outputs_publication\fast_fgsm_rs_preact_seed17\official_autoattack_1000_state.json
using standard version including apgd-ce, apgd-t, fab-t, square.
initial accuracy: 82.60%
apgd-ce - 1/7 - 58 out of 128 successfully perturbed
apgd-ce - 2/7 - 56 out of 128 successfully perturbed
apgd-ce - 3/7 - 64 out of 128 successfully perturbed
apgd-ce - 4/7 - 49 out of 128 successfully perturbed
apgd-ce - 5/7 - 65 out of 128 successfully perturbed
apgd-ce - 6/7 - 54 out of 128 successfully perturbed
apgd-ce - 7/7 - 27 out of 58 successfully perturbed
robust accuracy after APGD-CE: 45.30% (total time 23.9 s)
apgd-t - 1/4 - 7 out of 128 successfully perturbed
apgd-t - 2/4 - 4 out of 128 successfully perturbed
apgd-t - 3/4 - 8 out of 128 successfully perturbed
apgd-t - 4/4 - 4 out of 69 successfully perturbed
robust accuracy after APGD-T: 43.00% (total time 140.2 s)
fab-t - 1/4 - 0 out of 128 successfully perturbed
fab-t - 2/4 - 0 out of 128 successfully perturbed
fab-t - 3/4 - 0 out of 128 successfully perturbed
fab-t - 4/4 - 0 out of 46 successfully perturbed
robust accuracy after FAB-T: 43.00% (total time 376.8 s)
square - 1/4 - 0 out of 128 successfully perturbed
square - 2/4 - 0 out of 128 successfully perturbed
square - 3/4 - 0 out of 128 successfully perturbed
square - 4/4 - 0 out of 46 successfully perturbed
robust accuracy after SQUARE: 43.00% (total time 673.5 s)
max Linf perturbation: 0.03137, nan in tensor: 0, max: 1.00000, min: 0.00000
robust accuracy: 43.00%
