start=v2_collapse_observe_seed303 seed=303 time=2026-09-03T19:10:36.4284697+08:00
epoch=001 mode=fgsm_zero clean=0.3132 pgd10=0.2242 trigger=0 abandoned=0 train_s=35.0
epoch=002 mode=fgsm_zero clean=0.4024 pgd10=0.2500 trigger=0 abandoned=0 train_s=34.3
epoch=003 mode=fgsm_zero clean=0.4044 pgd10=0.2812 trigger=0 abandoned=0 train_s=34.1
epoch=004 mode=fgsm_zero clean=0.5172 pgd10=0.3258 trigger=0 abandoned=0 train_s=34.7
epoch=005 mode=fgsm_zero clean=0.4548 pgd10=0.2992 trigger=0 abandoned=0 train_s=34.3
epoch=006 mode=fgsm_zero clean=0.5508 pgd10=0.3242 trigger=0 abandoned=0 train_s=32.8
epoch=007 mode=fgsm_zero clean=0.5794 pgd10=0.3258 trigger=0 abandoned=0 train_s=32.3
epoch=008 mode=fgsm_zero clean=0.6016 pgd10=0.3516 trigger=0 abandoned=0 train_s=32.1
epoch=009 mode=fgsm_zero clean=0.5752 pgd10=0.3367 trigger=0 abandoned=0 train_s=33.1
epoch=010 mode=fgsm_zero clean=0.6178 pgd10=0.3508 trigger=0 abandoned=0 train_s=33.2
epoch=011 mode=fgsm_zero clean=0.5834 pgd10=0.3273 trigger=0 abandoned=0 train_s=32.5
epoch=012 mode=fgsm_zero clean=0.5910 pgd10=0.2289 trigger=1 abandoned=0 train_s=33.2
epoch=013 mode=fgsm_zero clean=0.5924 pgd10=0.3445 trigger=1 abandoned=0 train_s=34.2
epoch=014 mode=fgsm_zero clean=0.5846 pgd10=0.3281 trigger=0 abandoned=0 train_s=33.7
epoch=015 mode=fgsm_zero clean=0.5798 pgd10=0.3180 trigger=0 abandoned=0 train_s=32.9
epoch=016 mode=fgsm_zero clean=0.6082 pgd10=0.3539 trigger=0 abandoned=0 train_s=32.4
epoch=017 mode=fgsm_zero clean=0.6248 pgd10=0.3617 trigger=0 abandoned=0 train_s=32.7
epoch=018 mode=fgsm_zero clean=0.6180 pgd10=0.3492 trigger=0 abandoned=0 train_s=33.3
epoch=019 mode=fgsm_zero clean=0.6288 pgd10=0.3547 trigger=0 abandoned=0 train_s=32.9
epoch=020 mode=fgsm_zero clean=0.6412 pgd10=0.3609 trigger=0 abandoned=0 train_s=33.1
epoch=021 mode=fgsm_zero clean=0.6750 pgd10=0.4086 trigger=0 abandoned=0 train_s=32.5
epoch=022 mode=fgsm_zero clean=0.6634 pgd10=0.3937 trigger=0 abandoned=0 train_s=32.8
epoch=023 mode=fgsm_zero clean=0.6726 pgd10=0.3812 trigger=1 abandoned=0 train_s=33.8
epoch=024 mode=fgsm_zero clean=0.7020 pgd10=0.4125 trigger=0 abandoned=0 train_s=32.6
epoch=025 mode=fgsm_zero clean=0.7020 pgd10=0.4086 trigger=0 abandoned=0 train_s=32.8
epoch=026 mode=fgsm_zero clean=0.7074 pgd10=0.4305 trigger=0 abandoned=0 train_s=32.2
epoch=027 mode=fgsm_zero clean=0.7302 pgd10=0.4453 trigger=0 abandoned=0 train_s=33.1
epoch=028 mode=fgsm_zero clean=0.7554 pgd10=0.4633 trigger=0 abandoned=0 train_s=32.0
epoch=029 mode=fgsm_zero clean=0.7708 pgd10=0.4633 trigger=0 abandoned=0 train_s=32.9
epoch=030 mode=fgsm_zero clean=0.7990 pgd10=0.4859 trigger=0 abandoned=0 train_s=32.6
finish=v2_collapse_observe_seed303 time=2026-09-03T19:37:27.2908458+08:00
start=v2_collapse_observe_seed404 seed=404 time=2026-09-03T19:37:27.2933451+08:00
epoch=001 mode=fgsm_zero clean=0.3196 pgd10=0.2398 trigger=0 abandoned=0 train_s=33.7
epoch=002 mode=fgsm_zero clean=0.3866 pgd10=0.2289 trigger=0 abandoned=0 train_s=32.8
epoch=003 mode=fgsm_zero clean=0.4742 pgd10=0.2906 trigger=0 abandoned=0 train_s=32.6
epoch=004 mode=fgsm_zero clean=0.4872 pgd10=0.3039 trigger=0 abandoned=0 train_s=33.3
epoch=005 mode=fgsm_zero clean=0.4976 pgd10=0.3117 trigger=0 abandoned=0 train_s=33.1
epoch=006 mode=fgsm_zero clean=0.5342 pgd10=0.3078 trigger=0 abandoned=0 train_s=33.1
epoch=007 mode=fgsm_zero clean=0.5654 pgd10=0.3547 trigger=0 abandoned=0 train_s=36.4
epoch=008 mode=fgsm_zero clean=0.6136 pgd10=0.3539 trigger=0 abandoned=0 train_s=33.6
epoch=009 mode=fgsm_zero clean=0.5854 pgd10=0.3328 trigger=0 abandoned=0 train_s=32.8
epoch=010 mode=fgsm_zero clean=0.5674 pgd10=0.3367 trigger=0 abandoned=0 train_s=33.4
epoch=011 mode=fgsm_zero clean=0.5994 pgd10=0.3281 trigger=0 abandoned=0 train_s=32.3
epoch=012 mode=fgsm_zero clean=0.6064 pgd10=0.3438 trigger=0 abandoned=0 train_s=33.0
epoch=013 mode=fgsm_zero clean=0.6098 pgd10=0.3180 trigger=0 abandoned=0 train_s=32.8
epoch=014 mode=fgsm_zero clean=0.5516 pgd10=0.3195 trigger=0 abandoned=0 train_s=32.6
epoch=015 mode=fgsm_zero clean=0.5552 pgd10=0.3516 trigger=0 abandoned=0 train_s=32.6
epoch=016 mode=fgsm_zero clean=0.5900 pgd10=0.3438 trigger=0 abandoned=0 train_s=32.3
epoch=017 mode=fgsm_zero clean=0.6236 pgd10=0.3563 trigger=0 abandoned=0 train_s=32.6
epoch=018 mode=fgsm_zero clean=0.6286 pgd10=0.3617 trigger=0 abandoned=0 train_s=32.4
epoch=019 mode=fgsm_zero clean=0.6214 pgd10=0.3195 trigger=0 abandoned=0 train_s=33.3
epoch=020 mode=fgsm_zero clean=0.6580 pgd10=0.3789 trigger=0 abandoned=0 train_s=35.2
epoch=021 mode=fgsm_zero clean=0.6544 pgd10=0.3695 trigger=0 abandoned=0 train_s=34.2
epoch=022 mode=fgsm_zero clean=0.6086 pgd10=0.0445 trigger=1 abandoned=0 train_s=35.5
epoch=023 mode=fgsm_zero clean=0.6356 pgd10=0.0000 trigger=0 abandoned=0 train_s=34.9
epoch=024 mode=fgsm_zero clean=0.7580 pgd10=0.0000 trigger=0 abandoned=0 train_s=32.7
epoch=025 mode=fgsm_zero clean=0.7062 pgd10=0.0000 trigger=0 abandoned=0 train_s=32.6
epoch=026 mode=fgsm_zero clean=0.7466 pgd10=0.0016 trigger=0 abandoned=0 train_s=32.6
epoch=027 mode=fgsm_zero clean=0.7476 pgd10=0.0008 trigger=0 abandoned=0 train_s=33.7
epoch=028 mode=fgsm_zero clean=0.7976 pgd10=0.0008 trigger=0 abandoned=0 train_s=32.1
epoch=029 mode=fgsm_zero clean=0.8398 pgd10=0.0000 trigger=0 abandoned=0 train_s=32.7
epoch=030 mode=fgsm_zero clean=0.8578 pgd10=0.0000 trigger=0 abandoned=0 train_s=32.9
finish=v2_collapse_observe_seed404 time=2026-09-03T20:04:24.7492151+08:00
start=v2_collapse_observe_seed505 seed=505 time=2026-09-03T20:04:24.7522088+08:00
epoch=001 mode=fgsm_zero clean=0.3360 pgd10=0.2172 trigger=0 abandoned=0 train_s=33.2
epoch=002 mode=fgsm_zero clean=0.4240 pgd10=0.2789 trigger=0 abandoned=0 train_s=32.6
epoch=003 mode=fgsm_zero clean=0.4578 pgd10=0.2742 trigger=0 abandoned=0 train_s=32.4
epoch=004 mode=fgsm_zero clean=0.4778 pgd10=0.3039 trigger=0 abandoned=0 train_s=34.6
epoch=005 mode=fgsm_zero clean=0.5298 pgd10=0.3203 trigger=0 abandoned=0 train_s=32.9
epoch=006 mode=fgsm_zero clean=0.5600 pgd10=0.3172 trigger=0 abandoned=0 train_s=32.3
epoch=007 mode=fgsm_zero clean=0.5728 pgd10=0.3266 trigger=0 abandoned=0 train_s=32.7
epoch=008 mode=fgsm_zero clean=0.5390 pgd10=0.3047 trigger=0 abandoned=0 train_s=32.2
epoch=009 mode=fgsm_zero clean=0.5692 pgd10=0.3547 trigger=0 abandoned=0 train_s=32.7
epoch=010 mode=fgsm_zero clean=0.5752 pgd10=0.3539 trigger=0 abandoned=0 train_s=32.6
epoch=011 mode=fgsm_zero clean=0.5652 pgd10=0.3500 trigger=0 abandoned=0 train_s=32.5
epoch=012 mode=fgsm_zero clean=0.5684 pgd10=0.3211 trigger=0 abandoned=0 train_s=32.8
epoch=013 mode=fgsm_zero clean=0.6092 pgd10=0.3453 trigger=0 abandoned=0 train_s=33.0
epoch=014 mode=fgsm_zero clean=0.5756 pgd10=0.3164 trigger=0 abandoned=0 train_s=33.8
epoch=015 mode=fgsm_zero clean=0.5688 pgd10=0.3023 trigger=0 abandoned=0 train_s=33.8
epoch=016 mode=fgsm_zero clean=0.5896 pgd10=0.3289 trigger=0 abandoned=0 train_s=33.7
epoch=017 mode=fgsm_zero clean=0.5762 pgd10=0.3500 trigger=0 abandoned=0 train_s=36.2
epoch=018 mode=fgsm_zero clean=0.5928 pgd10=0.3516 trigger=0 abandoned=0 train_s=34.4
epoch=019 mode=fgsm_zero clean=0.6084 pgd10=0.3375 trigger=0 abandoned=0 train_s=34.2
epoch=020 mode=fgsm_zero clean=0.5928 pgd10=0.0977 trigger=1 abandoned=0 train_s=35.5
epoch=021 mode=fgsm_zero clean=0.5732 pgd10=0.0000 trigger=0 abandoned=0 train_s=34.0
epoch=022 mode=fgsm_zero clean=0.6538 pgd10=0.0008 trigger=0 abandoned=0 train_s=34.0
epoch=023 mode=fgsm_zero clean=0.6522 pgd10=0.0031 trigger=0 abandoned=0 train_s=33.8
epoch=024 mode=fgsm_zero clean=0.6840 pgd10=0.0000 trigger=0 abandoned=0 train_s=33.0
epoch=025 mode=fgsm_zero clean=0.6696 pgd10=0.0016 trigger=0 abandoned=0 train_s=32.6
epoch=026 mode=fgsm_zero clean=0.7190 pgd10=0.0016 trigger=0 abandoned=0 train_s=32.3
epoch=027 mode=fgsm_zero clean=0.7500 pgd10=0.0008 trigger=0 abandoned=0 train_s=32.7
epoch=028 mode=fgsm_zero clean=0.7716 pgd10=0.0000 trigger=0 abandoned=0 train_s=32.3
epoch=029 mode=fgsm_zero clean=0.8010 pgd10=0.0000 trigger=0 abandoned=0 train_s=33.1
epoch=030 mode=fgsm_zero clean=0.8294 pgd10=0.0000 trigger=0 abandoned=0 train_s=32.8
finish=v2_collapse_observe_seed505 time=2026-09-03T20:31:28.8322381+08:00
start=v2_collapse_observe_seed606 seed=606 time=2026-09-03T20:31:28.8423580+08:00
epoch=001 mode=fgsm_zero clean=0.3522 pgd10=0.2555 trigger=0 abandoned=0 train_s=33.6
epoch=002 mode=fgsm_zero clean=0.3886 pgd10=0.2547 trigger=0 abandoned=0 train_s=32.8
epoch=003 mode=fgsm_zero clean=0.4306 pgd10=0.2789 trigger=0 abandoned=0 train_s=32.2
epoch=004 mode=fgsm_zero clean=0.4840 pgd10=0.2969 trigger=0 abandoned=0 train_s=32.7
epoch=005 mode=fgsm_zero clean=0.5382 pgd10=0.3172 trigger=0 abandoned=0 train_s=32.6
epoch=006 mode=fgsm_zero clean=0.5478 pgd10=0.3289 trigger=0 abandoned=0 train_s=32.3
epoch=007 mode=fgsm_zero clean=0.6006 pgd10=0.3539 trigger=0 abandoned=0 train_s=32.4
epoch=008 mode=fgsm_zero clean=0.5908 pgd10=0.3359 trigger=0 abandoned=0 train_s=32.9
epoch=009 mode=fgsm_zero clean=0.5998 pgd10=0.3578 trigger=0 abandoned=0 train_s=32.6
epoch=010 mode=fgsm_zero clean=0.6144 pgd10=0.3664 trigger=0 abandoned=0 train_s=33.0
epoch=011 mode=fgsm_zero clean=0.6068 pgd10=0.3563 trigger=0 abandoned=0 train_s=32.4
epoch=012 mode=fgsm_zero clean=0.5736 pgd10=0.3320 trigger=0 abandoned=0 train_s=32.6
epoch=013 mode=fgsm_zero clean=0.6164 pgd10=0.3609 trigger=0 abandoned=0 train_s=33.3
epoch=014 mode=fgsm_zero clean=0.5608 pgd10=0.3664 trigger=0 abandoned=0 train_s=33.1
epoch=015 mode=fgsm_zero clean=0.5170 pgd10=0.2953 trigger=0 abandoned=0 train_s=33.3
epoch=016 mode=fgsm_zero clean=0.6000 pgd10=0.3391 trigger=0 abandoned=0 train_s=32.5
epoch=017 mode=fgsm_zero clean=0.6164 pgd10=0.3664 trigger=0 abandoned=0 train_s=32.7
epoch=018 mode=fgsm_zero clean=0.5864 pgd10=0.3336 trigger=0 abandoned=0 train_s=32.3
epoch=019 mode=fgsm_zero clean=0.6352 pgd10=0.3570 trigger=0 abandoned=0 train_s=32.4
epoch=020 mode=fgsm_zero clean=0.6432 pgd10=0.3766 trigger=0 abandoned=0 train_s=33.3
epoch=021 mode=fgsm_zero clean=0.6652 pgd10=0.3812 trigger=0 abandoned=0 train_s=33.3
epoch=022 mode=fgsm_zero clean=0.6018 pgd10=0.1914 trigger=1 abandoned=0 train_s=33.0
epoch=023 mode=fgsm_zero clean=0.6986 pgd10=0.0445 trigger=1 abandoned=0 train_s=34.2
epoch=024 mode=fgsm_zero clean=0.7232 pgd10=0.0008 trigger=0 abandoned=0 train_s=32.6
epoch=025 mode=fgsm_zero clean=0.7006 pgd10=0.0023 trigger=0 abandoned=0 train_s=32.8
epoch=026 mode=fgsm_zero clean=0.7416 pgd10=0.0023 trigger=0 abandoned=0 train_s=32.8
epoch=027 mode=fgsm_zero clean=0.7488 pgd10=0.0047 trigger=0 abandoned=0 train_s=32.7
epoch=028 mode=fgsm_zero clean=0.8162 pgd10=0.0008 trigger=0 abandoned=0 train_s=32.8
epoch=029 mode=fgsm_zero clean=0.8476 pgd10=0.0016 trigger=0 abandoned=0 train_s=32.8
epoch=030 mode=fgsm_zero clean=0.8636 pgd10=0.0016 trigger=0 abandoned=0 train_s=32.5
finish=v2_collapse_observe_seed606 time=2026-09-03T20:58:03.5586050+08:00
start=v2_collapse_observe_seed707 seed=707 time=2026-09-03T20:58:03.5616071+08:00
epoch=001 mode=fgsm_zero clean=0.3264 pgd10=0.2164 trigger=0 abandoned=0 train_s=32.9
epoch=002 mode=fgsm_zero clean=0.4094 pgd10=0.2586 trigger=0 abandoned=0 train_s=33.4
epoch=003 mode=fgsm_zero clean=0.4430 pgd10=0.2711 trigger=0 abandoned=0 train_s=32.5
epoch=004 mode=fgsm_zero clean=0.5004 pgd10=0.2812 trigger=0 abandoned=0 train_s=32.7
epoch=005 mode=fgsm_zero clean=0.5610 pgd10=0.3219 trigger=0 abandoned=0 train_s=33.0
epoch=006 mode=fgsm_zero clean=0.5452 pgd10=0.3602 trigger=0 abandoned=0 train_s=32.5
epoch=007 mode=fgsm_zero clean=0.5948 pgd10=0.3563 trigger=0 abandoned=0 train_s=32.9
epoch=008 mode=fgsm_zero clean=0.5590 pgd10=0.3406 trigger=0 abandoned=0 train_s=32.2
epoch=009 mode=fgsm_zero clean=0.5884 pgd10=0.3422 trigger=0 abandoned=0 train_s=33.0
epoch=010 mode=fgsm_zero clean=0.6166 pgd10=0.3516 trigger=0 abandoned=0 train_s=33.0
epoch=011 mode=fgsm_zero clean=0.5724 pgd10=0.3477 trigger=0 abandoned=0 train_s=32.4
epoch=012 mode=fgsm_zero clean=0.5698 pgd10=0.3312 trigger=0 abandoned=0 train_s=33.5
epoch=013 mode=fgsm_zero clean=0.5888 pgd10=0.3414 trigger=0 abandoned=0 train_s=32.5
epoch=014 mode=fgsm_zero clean=0.5678 pgd10=0.3328 trigger=0 abandoned=0 train_s=32.8
epoch=015 mode=fgsm_zero clean=0.5620 pgd10=0.3156 trigger=0 abandoned=0 train_s=32.5
epoch=016 mode=fgsm_zero clean=0.5530 pgd10=0.3461 trigger=0 abandoned=0 train_s=32.4
epoch=017 mode=fgsm_zero clean=0.6026 pgd10=0.3563 trigger=0 abandoned=0 train_s=32.9
epoch=018 mode=fgsm_zero clean=0.6108 pgd10=0.3641 trigger=0 abandoned=0 train_s=32.6
epoch=019 mode=fgsm_zero clean=0.6680 pgd10=0.3773 trigger=0 abandoned=0 train_s=33.1
epoch=020 mode=fgsm_zero clean=0.5708 pgd10=0.2891 trigger=0 abandoned=0 train_s=33.0
epoch=021 mode=fgsm_zero clean=0.6484 pgd10=0.3688 trigger=0 abandoned=0 train_s=32.5
epoch=022 mode=fgsm_zero clean=0.6666 pgd10=0.3984 trigger=0 abandoned=0 train_s=32.4
epoch=023 mode=fgsm_zero clean=0.6856 pgd10=0.3781 trigger=0 abandoned=0 train_s=32.4
epoch=024 mode=fgsm_zero clean=0.7468 pgd10=0.0000 trigger=1 abandoned=0 train_s=35.2
epoch=025 mode=fgsm_zero clean=0.6696 pgd10=0.0008 trigger=0 abandoned=0 train_s=33.3
epoch=026 mode=fgsm_zero clean=0.7076 pgd10=0.0000 trigger=0 abandoned=0 train_s=32.3
epoch=027 mode=fgsm_zero clean=0.7182 pgd10=0.0000 trigger=0 abandoned=0 train_s=33.0
epoch=028 mode=fgsm_zero clean=0.7864 pgd10=0.0000 trigger=0 abandoned=0 train_s=32.1
epoch=029 mode=fgsm_zero clean=0.8024 pgd10=0.0000 trigger=0 abandoned=0 train_s=32.6
epoch=030 mode=fgsm_zero clean=0.8188 pgd10=0.0008 trigger=0 abandoned=0 train_s=32.8
finish=v2_collapse_observe_seed707 time=2026-09-03T21:24:39.4226394+08:00
start=v2_stable_fgsm_rs_observe_seed23 seed=23 time=2026-09-03T21:24:39.4282046+08:00
epoch=001 mode=fgsm_random_uniform clean=0.3208 pgd10=0.2336 trigger=0 abandoned=0 train_s=32.8
epoch=002 mode=fgsm_random_uniform clean=0.4114 pgd10=0.2469 trigger=0 abandoned=0 train_s=32.3
epoch=003 mode=fgsm_random_uniform clean=0.4660 pgd10=0.2719 trigger=0 abandoned=0 train_s=32.4
epoch=004 mode=fgsm_random_uniform clean=0.5178 pgd10=0.2867 trigger=0 abandoned=0 train_s=32.2
epoch=005 mode=fgsm_random_uniform clean=0.5226 pgd10=0.2961 trigger=0 abandoned=0 train_s=32.4
epoch=006 mode=fgsm_random_uniform clean=0.6152 pgd10=0.3320 trigger=0 abandoned=0 train_s=32.1
epoch=007 mode=fgsm_random_uniform clean=0.5954 pgd10=0.3266 trigger=0 abandoned=0 train_s=32.5
epoch=008 mode=fgsm_random_uniform clean=0.6026 pgd10=0.3281 trigger=0 abandoned=0 train_s=32.5
epoch=009 mode=fgsm_random_uniform clean=0.6476 pgd10=0.3344 trigger=0 abandoned=0 train_s=32.3
epoch=010 mode=fgsm_random_uniform clean=0.6324 pgd10=0.3453 trigger=0 abandoned=0 train_s=32.2
epoch=011 mode=fgsm_random_uniform clean=0.6422 pgd10=0.3531 trigger=0 abandoned=0 train_s=32.5
epoch=012 mode=fgsm_random_uniform clean=0.6664 pgd10=0.3398 trigger=0 abandoned=0 train_s=32.1
epoch=013 mode=fgsm_random_uniform clean=0.6514 pgd10=0.3422 trigger=0 abandoned=0 train_s=32.2
epoch=014 mode=fgsm_random_uniform clean=0.6492 pgd10=0.3320 trigger=0 abandoned=0 train_s=32.7
epoch=015 mode=fgsm_random_uniform clean=0.6794 pgd10=0.3547 trigger=0 abandoned=0 train_s=32.2
epoch=016 mode=fgsm_random_uniform clean=0.6598 pgd10=0.3828 trigger=0 abandoned=0 train_s=32.1
epoch=017 mode=fgsm_random_uniform clean=0.7074 pgd10=0.3937 trigger=0 abandoned=0 train_s=32.2
epoch=018 mode=fgsm_random_uniform clean=0.6800 pgd10=0.3617 trigger=0 abandoned=0 train_s=32.5
epoch=019 mode=fgsm_random_uniform clean=0.6628 pgd10=0.3805 trigger=0 abandoned=0 train_s=31.9
epoch=020 mode=fgsm_random_uniform clean=0.7218 pgd10=0.3930 trigger=0 abandoned=0 train_s=32.2
epoch=021 mode=fgsm_random_uniform clean=0.7132 pgd10=0.3820 trigger=0 abandoned=0 train_s=32.4
epoch=022 mode=fgsm_random_uniform clean=0.7386 pgd10=0.3828 trigger=0 abandoned=0 train_s=32.8
epoch=023 mode=fgsm_random_uniform clean=0.7198 pgd10=0.3844 trigger=0 abandoned=0 train_s=32.8
epoch=024 mode=fgsm_random_uniform clean=0.7364 pgd10=0.4070 trigger=0 abandoned=0 train_s=32.3
epoch=025 mode=fgsm_random_uniform clean=0.7544 pgd10=0.4273 trigger=0 abandoned=0 train_s=31.8
epoch=026 mode=fgsm_random_uniform clean=0.7686 pgd10=0.4141 trigger=0 abandoned=0 train_s=32.0
epoch=027 mode=fgsm_random_uniform clean=0.7778 pgd10=0.4430 trigger=0 abandoned=0 train_s=31.9
epoch=028 mode=fgsm_random_uniform clean=0.7954 pgd10=0.4508 trigger=0 abandoned=0 train_s=32.4
epoch=029 mode=fgsm_random_uniform clean=0.8150 pgd10=0.4625 trigger=0 abandoned=0 train_s=31.9
epoch=030 mode=fgsm_random_uniform clean=0.8280 pgd10=0.4781 trigger=0 abandoned=0 train_s=31.8
finish=v2_stable_fgsm_rs_observe_seed23 time=2026-09-03T21:51:03.6183532+08:00
start=v2_stable_fgsm_rs_observe_seed42 seed=42 time=2026-09-03T21:51:03.6213536+08:00
epoch=001 mode=fgsm_random_uniform clean=0.3488 pgd10=0.2461 trigger=0 abandoned=0 train_s=33.1
epoch=002 mode=fgsm_random_uniform clean=0.4430 pgd10=0.2781 trigger=0 abandoned=0 train_s=32.4
epoch=003 mode=fgsm_random_uniform clean=0.4582 pgd10=0.2523 trigger=0 abandoned=0 train_s=32.1
epoch=004 mode=fgsm_random_uniform clean=0.4868 pgd10=0.2828 trigger=0 abandoned=0 train_s=32.4
epoch=005 mode=fgsm_random_uniform clean=0.5672 pgd10=0.3266 trigger=0 abandoned=0 train_s=32.3
epoch=006 mode=fgsm_random_uniform clean=0.5958 pgd10=0.3258 trigger=0 abandoned=0 train_s=32.4
epoch=007 mode=fgsm_random_uniform clean=0.5846 pgd10=0.3227 trigger=0 abandoned=0 train_s=31.9
epoch=008 mode=fgsm_random_uniform clean=0.6600 pgd10=0.3484 trigger=0 abandoned=0 train_s=31.7
epoch=009 mode=fgsm_random_uniform clean=0.6220 pgd10=0.3508 trigger=0 abandoned=0 train_s=31.6
epoch=010 mode=fgsm_random_uniform clean=0.6340 pgd10=0.3578 trigger=0 abandoned=0 train_s=31.6
epoch=011 mode=fgsm_random_uniform clean=0.6656 pgd10=0.3789 trigger=0 abandoned=0 train_s=32.4
epoch=012 mode=fgsm_random_uniform clean=0.6220 pgd10=0.3594 trigger=0 abandoned=0 train_s=32.7
epoch=013 mode=fgsm_random_uniform clean=0.6614 pgd10=0.3703 trigger=0 abandoned=0 train_s=32.3
epoch=014 mode=fgsm_random_uniform clean=0.6748 pgd10=0.3336 trigger=0 abandoned=0 train_s=32.0
epoch=015 mode=fgsm_random_uniform clean=0.6704 pgd10=0.3461 trigger=0 abandoned=0 train_s=32.0
epoch=016 mode=fgsm_random_uniform clean=0.6412 pgd10=0.3344 trigger=0 abandoned=0 train_s=32.5
epoch=017 mode=fgsm_random_uniform clean=0.6828 pgd10=0.3633 trigger=0 abandoned=0 train_s=32.1
epoch=018 mode=fgsm_random_uniform clean=0.6432 pgd10=0.3516 trigger=0 abandoned=0 train_s=32.6
epoch=019 mode=fgsm_random_uniform clean=0.6858 pgd10=0.3453 trigger=0 abandoned=0 train_s=32.4
epoch=020 mode=fgsm_random_uniform clean=0.7210 pgd10=0.3820 trigger=0 abandoned=0 train_s=32.4
epoch=021 mode=fgsm_random_uniform clean=0.6980 pgd10=0.3672 trigger=0 abandoned=0 train_s=32.6
epoch=022 mode=fgsm_random_uniform clean=0.7242 pgd10=0.3906 trigger=0 abandoned=0 train_s=32.1
epoch=023 mode=fgsm_random_uniform clean=0.7318 pgd10=0.3945 trigger=0 abandoned=0 train_s=32.0
epoch=024 mode=fgsm_random_uniform clean=0.7354 pgd10=0.3945 trigger=0 abandoned=0 train_s=31.9
epoch=025 mode=fgsm_random_uniform clean=0.7706 pgd10=0.4055 trigger=0 abandoned=0 train_s=32.4
epoch=026 mode=fgsm_random_uniform clean=0.7648 pgd10=0.4180 trigger=0 abandoned=0 train_s=32.3
epoch=027 mode=fgsm_random_uniform clean=0.7920 pgd10=0.4219 trigger=0 abandoned=0 train_s=31.7
epoch=028 mode=fgsm_random_uniform clean=0.8056 pgd10=0.4461 trigger=0 abandoned=0 train_s=32.1
epoch=029 mode=fgsm_random_uniform clean=0.8262 pgd10=0.4516 trigger=0 abandoned=0 train_s=31.8
epoch=030 mode=fgsm_random_uniform clean=0.8364 pgd10=0.4680 trigger=0 abandoned=0 train_s=32.2
finish=v2_stable_fgsm_rs_observe_seed42 time=2026-09-03T22:17:19.2738025+08:00
start=v2_adaptive_no_rollback_seed17 seed=17 time=2026-09-03T22:17:19.2778074+08:00
epoch=001 mode=fgsm_zero clean=0.3424 pgd10=0.2383 trigger=0 abandoned=0 train_s=32.9
epoch=002 mode=fgsm_zero clean=0.3828 pgd10=0.2727 trigger=0 abandoned=0 train_s=32.1
epoch=003 mode=fgsm_zero clean=0.4518 pgd10=0.2984 trigger=0 abandoned=0 train_s=32.0
epoch=004 mode=fgsm_zero clean=0.5066 pgd10=0.3164 trigger=0 abandoned=0 train_s=32.1
epoch=005 mode=fgsm_zero clean=0.5292 pgd10=0.3383 trigger=0 abandoned=0 train_s=32.1
epoch=006 mode=fgsm_zero clean=0.5674 pgd10=0.3531 trigger=0 abandoned=0 train_s=31.9
epoch=007 mode=fgsm_zero clean=0.5820 pgd10=0.3656 trigger=0 abandoned=0 train_s=31.8
epoch=008 mode=fgsm_zero clean=0.5658 pgd10=0.3352 trigger=0 abandoned=0 train_s=31.7
epoch=009 mode=fgsm_zero clean=0.5842 pgd10=0.3477 trigger=0 abandoned=0 train_s=32.3
epoch=010 mode=fgsm_zero clean=0.5680 pgd10=0.3594 trigger=0 abandoned=0 train_s=32.3
epoch=011 mode=fgsm_zero clean=0.5658 pgd10=0.3117 trigger=0 abandoned=0 train_s=32.0
epoch=012 mode=fgsm_zero clean=0.5834 pgd10=0.3516 trigger=0 abandoned=0 train_s=32.1
epoch=013 mode=fgsm_zero clean=0.6032 pgd10=0.3641 trigger=0 abandoned=0 train_s=32.1
epoch=014 mode=fgsm_zero clean=0.5420 pgd10=0.3156 trigger=0 abandoned=0 train_s=31.8
epoch=015 mode=fgsm_zero clean=0.5878 pgd10=0.3242 trigger=0 abandoned=0 train_s=32.2
epoch=016 mode=fgsm_zero clean=0.6050 pgd10=0.3438 trigger=0 abandoned=0 train_s=31.9
epoch=017 mode=fgsm_warning_then_pgd2_next_epoch clean=0.5988 pgd10=0.2797 trigger=1 abandoned=0 train_s=32.0
epoch=018 mode=pgd2 clean=0.6294 pgd10=0.3328 trigger=0 abandoned=0 train_s=42.9
epoch=019 mode=pgd2 clean=0.6680 pgd10=0.3602 trigger=0 abandoned=0 train_s=42.9
epoch=020 mode=pgd2 clean=0.6808 pgd10=0.3563 trigger=0 abandoned=0 train_s=42.9
epoch=021 mode=pgd2 clean=0.6768 pgd10=0.3680 trigger=0 abandoned=0 train_s=43.3
epoch=022 mode=pgd2 clean=0.7010 pgd10=0.3688 trigger=0 abandoned=0 train_s=42.9
epoch=023 mode=pgd2 clean=0.6980 pgd10=0.3937 trigger=0 abandoned=0 train_s=43.3
epoch=024 mode=pgd2 clean=0.7214 pgd10=0.4055 trigger=0 abandoned=0 train_s=43.1
epoch=025 mode=pgd2 clean=0.7086 pgd10=0.3961 trigger=0 abandoned=0 train_s=42.9
epoch=026 mode=pgd2 clean=0.7514 pgd10=0.4109 trigger=0 abandoned=0 train_s=43.0
epoch=027 mode=pgd2 clean=0.7708 pgd10=0.4133 trigger=0 abandoned=0 train_s=43.1
epoch=028 mode=pgd2 clean=0.7846 pgd10=0.4523 trigger=0 abandoned=0 train_s=43.4
epoch=029 mode=pgd2 clean=0.8000 pgd10=0.4539 trigger=0 abandoned=0 train_s=43.6
epoch=030 mode=pgd2 clean=0.8236 pgd10=0.4703 trigger=0 abandoned=0 train_s=42.7
finish=v2_adaptive_no_rollback_seed17 time=2026-09-03T22:45:50.8370721+08:00
start=v2_adaptive_no_rollback_seed23 seed=23 time=2026-09-03T22:45:50.8428795+08:00
epoch=001 mode=fgsm_zero clean=0.3466 pgd10=0.2297 trigger=0 abandoned=0 train_s=32.2
epoch=002 mode=fgsm_zero clean=0.3852 pgd10=0.2391 trigger=0 abandoned=0 train_s=31.5
epoch=003 mode=fgsm_zero clean=0.4548 pgd10=0.2805 trigger=0 abandoned=0 train_s=31.9
epoch=004 mode=fgsm_zero clean=0.5032 pgd10=0.2977 trigger=0 abandoned=0 train_s=31.5
epoch=005 mode=fgsm_zero clean=0.4944 pgd10=0.3102 trigger=0 abandoned=0 train_s=31.6
epoch=006 mode=fgsm_zero clean=0.5692 pgd10=0.3305 trigger=0 abandoned=0 train_s=31.2
epoch=007 mode=fgsm_zero clean=0.5590 pgd10=0.3344 trigger=0 abandoned=0 train_s=31.5
epoch=008 mode=fgsm_zero clean=0.5372 pgd10=0.3352 trigger=0 abandoned=0 train_s=31.4
epoch=009 mode=fgsm_zero clean=0.6122 pgd10=0.3375 trigger=0 abandoned=0 train_s=31.7
epoch=010 mode=fgsm_zero clean=0.5772 pgd10=0.3297 trigger=0 abandoned=0 train_s=31.5
epoch=011 mode=fgsm_zero clean=0.5730 pgd10=0.3516 trigger=0 abandoned=0 train_s=31.5
epoch=012 mode=fgsm_zero clean=0.5986 pgd10=0.3305 trigger=0 abandoned=0 train_s=31.4
epoch=013 mode=fgsm_zero clean=0.5734 pgd10=0.3391 trigger=0 abandoned=0 train_s=31.6
epoch=014 mode=fgsm_zero clean=0.5738 pgd10=0.3312 trigger=0 abandoned=0 train_s=31.6
epoch=015 mode=fgsm_zero clean=0.6138 pgd10=0.3555 trigger=0 abandoned=0 train_s=31.5
epoch=016 mode=fgsm_zero clean=0.5872 pgd10=0.3734 trigger=0 abandoned=0 train_s=31.3
epoch=017 mode=fgsm_zero clean=0.6426 pgd10=0.3836 trigger=0 abandoned=0 train_s=32.1
epoch=018 mode=fgsm_zero clean=0.6198 pgd10=0.3555 trigger=0 abandoned=0 train_s=31.4
epoch=019 mode=fgsm_warning_then_pgd2_next_epoch clean=0.5900 pgd10=0.3844 trigger=1 abandoned=0 train_s=31.6
epoch=020 mode=pgd2 clean=0.6954 pgd10=0.3805 trigger=0 abandoned=0 train_s=42.8
epoch=021 mode=pgd2 clean=0.6902 pgd10=0.3727 trigger=0 abandoned=0 train_s=43.1
epoch=022 mode=pgd2 clean=0.7034 pgd10=0.3648 trigger=0 abandoned=0 train_s=42.7
epoch=023 mode=pgd2 clean=0.7002 pgd10=0.3672 trigger=0 abandoned=0 train_s=43.0
epoch=024 mode=pgd2 clean=0.7208 pgd10=0.3812 trigger=0 abandoned=0 train_s=42.9
epoch=025 mode=pgd2 clean=0.7420 pgd10=0.3992 trigger=0 abandoned=0 train_s=43.3
epoch=026 mode=pgd2 clean=0.7424 pgd10=0.3781 trigger=0 abandoned=0 train_s=42.8
epoch=027 mode=pgd2 clean=0.7702 pgd10=0.4367 trigger=0 abandoned=0 train_s=42.9
epoch=028 mode=pgd2 clean=0.7846 pgd10=0.4375 trigger=0 abandoned=0 train_s=42.6
epoch=029 mode=pgd2 clean=0.8088 pgd10=0.4469 trigger=0 abandoned=0 train_s=42.8
epoch=030 mode=pgd2 clean=0.8280 pgd10=0.4727 trigger=0 abandoned=0 train_s=43.0
finish=v2_adaptive_no_rollback_seed23 time=2026-09-03T23:13:45.9772563+08:00
start=v2_adaptive_no_rollback_seed42 seed=42 time=2026-09-03T23:13:45.9882792+08:00
epoch=001 mode=fgsm_zero clean=0.3504 pgd10=0.2570 trigger=0 abandoned=0 train_s=32.5
epoch=002 mode=fgsm_zero clean=0.4052 pgd10=0.2672 trigger=0 abandoned=0 train_s=31.3
epoch=003 mode=fgsm_zero clean=0.4332 pgd10=0.2727 trigger=0 abandoned=0 train_s=32.1
epoch=004 mode=fgsm_zero clean=0.4576 pgd10=0.2859 trigger=0 abandoned=0 train_s=31.5
epoch=005 mode=fgsm_zero clean=0.5328 pgd10=0.3266 trigger=0 abandoned=0 train_s=31.8
epoch=006 mode=fgsm_zero clean=0.5700 pgd10=0.3445 trigger=0 abandoned=0 train_s=31.6
epoch=007 mode=fgsm_zero clean=0.5642 pgd10=0.3375 trigger=0 abandoned=0 train_s=31.2
epoch=008 mode=fgsm_zero clean=0.6228 pgd10=0.3484 trigger=0 abandoned=0 train_s=31.2
epoch=009 mode=fgsm_zero clean=0.5990 pgd10=0.3500 trigger=0 abandoned=0 train_s=31.5
epoch=010 mode=fgsm_zero clean=0.5978 pgd10=0.3500 trigger=0 abandoned=0 train_s=32.0
epoch=011 mode=fgsm_zero clean=0.5972 pgd10=0.3406 trigger=0 abandoned=0 train_s=31.9
epoch=012 mode=fgsm_zero clean=0.5470 pgd10=0.3281 trigger=0 abandoned=0 train_s=31.8
epoch=013 mode=fgsm_zero clean=0.6210 pgd10=0.3742 trigger=0 abandoned=0 train_s=32.2
epoch=014 mode=fgsm_zero clean=0.6302 pgd10=0.3508 trigger=0 abandoned=0 train_s=31.8
epoch=015 mode=fgsm_zero clean=0.6090 pgd10=0.3273 trigger=0 abandoned=0 train_s=32.5
epoch=016 mode=fgsm_zero clean=0.5256 pgd10=0.2883 trigger=0 abandoned=0 train_s=32.1
epoch=017 mode=fgsm_zero clean=0.6382 pgd10=0.3680 trigger=0 abandoned=0 train_s=32.8
epoch=018 mode=fgsm_zero clean=0.5896 pgd10=0.3453 trigger=0 abandoned=0 train_s=31.6
epoch=019 mode=fgsm_warning_then_pgd2_next_epoch clean=0.6808 pgd10=0.0109 trigger=1 abandoned=0 train_s=31.4
epoch=020 mode=pgd2 clean=0.7122 pgd10=0.3469 trigger=0 abandoned=0 train_s=43.0
epoch=021 mode=pgd2 clean=0.6906 pgd10=0.3492 trigger=0 abandoned=0 train_s=43.3
epoch=022 mode=pgd2 clean=0.7056 pgd10=0.3461 trigger=0 abandoned=0 train_s=42.7
epoch=023 mode=pgd2 clean=0.7126 pgd10=0.3812 trigger=0 abandoned=0 train_s=42.6
epoch=024 mode=pgd2 clean=0.7068 pgd10=0.3586 trigger=0 abandoned=0 train_s=42.8
epoch=025 mode=pgd2 clean=0.7546 pgd10=0.4047 trigger=0 abandoned=0 train_s=42.9
epoch=026 mode=pgd2 clean=0.7426 pgd10=0.4039 trigger=0 abandoned=0 train_s=42.7
epoch=027 mode=pgd2 clean=0.7796 pgd10=0.3961 trigger=0 abandoned=0 train_s=42.9
epoch=028 mode=pgd2 clean=0.7990 pgd10=0.4289 trigger=0 abandoned=0 train_s=42.8
epoch=029 mode=pgd2 clean=0.8202 pgd10=0.4352 trigger=0 abandoned=0 train_s=42.7
epoch=030 mode=pgd2 clean=0.8388 pgd10=0.4484 trigger=0 abandoned=0 train_s=43.1
finish=v2_adaptive_no_rollback_seed42 time=2026-09-03T23:41:45.6967349+08:00
start=v2_adaptive_no_rollback_seed101 seed=101 time=2026-09-03T23:41:45.7271506+08:00
epoch=001 mode=fgsm_zero clean=0.3438 pgd10=0.2375 trigger=0 abandoned=0 train_s=33.3
epoch=002 mode=fgsm_zero clean=0.3734 pgd10=0.2555 trigger=0 abandoned=0 train_s=31.9
epoch=003 mode=fgsm_zero clean=0.4194 pgd10=0.2914 trigger=0 abandoned=0 train_s=31.6
epoch=004 mode=fgsm_zero clean=0.5042 pgd10=0.2945 trigger=0 abandoned=0 train_s=31.6
epoch=005 mode=fgsm_zero clean=0.5036 pgd10=0.3133 trigger=0 abandoned=0 train_s=31.4
epoch=006 mode=fgsm_zero clean=0.5454 pgd10=0.3328 trigger=0 abandoned=0 train_s=31.4
epoch=007 mode=fgsm_zero clean=0.5870 pgd10=0.3523 trigger=0 abandoned=0 train_s=31.5
epoch=008 mode=fgsm_zero clean=0.5914 pgd10=0.3680 trigger=0 abandoned=0 train_s=31.5
epoch=009 mode=fgsm_zero clean=0.6196 pgd10=0.3594 trigger=0 abandoned=0 train_s=32.0
epoch=010 mode=fgsm_zero clean=0.6220 pgd10=0.3594 trigger=0 abandoned=0 train_s=31.6
epoch=011 mode=fgsm_zero clean=0.5784 pgd10=0.3359 trigger=0 abandoned=0 train_s=31.2
epoch=012 mode=fgsm_zero clean=0.5818 pgd10=0.3547 trigger=0 abandoned=0 train_s=31.7
epoch=013 mode=fgsm_zero clean=0.6038 pgd10=0.3461 trigger=0 abandoned=0 train_s=31.9
epoch=014 mode=fgsm_zero clean=0.5658 pgd10=0.3406 trigger=0 abandoned=0 train_s=31.3
epoch=015 mode=fgsm_zero clean=0.5708 pgd10=0.3414 trigger=0 abandoned=0 train_s=31.3
epoch=016 mode=fgsm_zero clean=0.5978 pgd10=0.3617 trigger=0 abandoned=0 train_s=31.6
epoch=017 mode=fgsm_zero clean=0.6100 pgd10=0.3672 trigger=0 abandoned=0 train_s=31.7
epoch=018 mode=fgsm_zero clean=0.6160 pgd10=0.3516 trigger=0 abandoned=0 train_s=31.1
epoch=019 mode=fgsm_zero clean=0.6000 pgd10=0.3664 trigger=0 abandoned=0 train_s=31.6
epoch=020 mode=fgsm_zero clean=0.6032 pgd10=0.3609 trigger=0 abandoned=0 train_s=31.9
epoch=021 mode=fgsm_warning_then_pgd2_next_epoch clean=0.6410 pgd10=0.0039 trigger=1 abandoned=0 train_s=31.6
epoch=022 mode=pgd2 clean=0.7022 pgd10=0.3578 trigger=0 abandoned=0 train_s=42.6
epoch=023 mode=pgd2 clean=0.6882 pgd10=0.3703 trigger=0 abandoned=0 train_s=43.0
epoch=024 mode=pgd2 clean=0.7204 pgd10=0.3758 trigger=0 abandoned=0 train_s=43.1
epoch=025 mode=pgd2 clean=0.7362 pgd10=0.3773 trigger=0 abandoned=0 train_s=42.6
epoch=026 mode=pgd2 clean=0.7398 pgd10=0.4094 trigger=0 abandoned=0 train_s=42.7
epoch=027 mode=pgd2 clean=0.7604 pgd10=0.4273 trigger=0 abandoned=0 train_s=42.8
epoch=028 mode=pgd2 clean=0.7936 pgd10=0.4344 trigger=0 abandoned=0 train_s=42.8
epoch=029 mode=pgd2 clean=0.8162 pgd10=0.4539 trigger=0 abandoned=0 train_s=42.7
epoch=030 mode=pgd2 clean=0.8312 pgd10=0.4719 trigger=0 abandoned=0 train_s=42.9
finish=v2_adaptive_no_rollback_seed101 time=2026-09-04T00:09:07.3374502+08:00
start=v2_adaptive_no_rollback_seed202 seed=202 time=2026-09-04T00:09:07.3379827+08:00
epoch=001 mode=fgsm_zero clean=0.3490 pgd10=0.2367 trigger=0 abandoned=0 train_s=32.2
epoch=002 mode=fgsm_zero clean=0.3854 pgd10=0.2477 trigger=0 abandoned=0 train_s=31.4
epoch=003 mode=fgsm_zero clean=0.4716 pgd10=0.2844 trigger=0 abandoned=0 train_s=31.5
epoch=004 mode=fgsm_zero clean=0.5090 pgd10=0.2953 trigger=0 abandoned=0 train_s=31.9
epoch=005 mode=fgsm_zero clean=0.5122 pgd10=0.3148 trigger=0 abandoned=0 train_s=31.9
epoch=006 mode=fgsm_zero clean=0.5576 pgd10=0.3359 trigger=0 abandoned=0 train_s=31.6
epoch=007 mode=fgsm_zero clean=0.5624 pgd10=0.3250 trigger=0 abandoned=0 train_s=31.2
epoch=008 mode=fgsm_zero clean=0.6116 pgd10=0.3570 trigger=0 abandoned=0 train_s=31.1
epoch=009 mode=fgsm_zero clean=0.5850 pgd10=0.3430 trigger=0 abandoned=0 train_s=31.1
epoch=010 mode=fgsm_zero clean=0.5980 pgd10=0.3672 trigger=0 abandoned=0 train_s=31.6
epoch=011 mode=fgsm_zero clean=0.5838 pgd10=0.3414 trigger=0 abandoned=0 train_s=32.1
epoch=012 mode=fgsm_zero clean=0.6030 pgd10=0.3602 trigger=0 abandoned=0 train_s=31.8
epoch=013 mode=fgsm_warning_then_pgd2_next_epoch clean=0.5852 pgd10=0.3305 trigger=1 abandoned=0 train_s=31.8
epoch=014 mode=pgd2 clean=0.6162 pgd10=0.3125 trigger=0 abandoned=0 train_s=42.8
epoch=015 mode=pgd2 clean=0.6398 pgd10=0.3266 trigger=0 abandoned=0 train_s=42.6
epoch=016 mode=pgd2 clean=0.6392 pgd10=0.3445 trigger=0 abandoned=0 train_s=42.9
epoch=017 mode=pgd2 clean=0.6724 pgd10=0.3352 trigger=0 abandoned=0 train_s=42.9
epoch=018 mode=pgd2 clean=0.6636 pgd10=0.3438 trigger=0 abandoned=0 train_s=42.9
epoch=019 mode=pgd2 clean=0.6860 pgd10=0.3305 trigger=0 abandoned=0 train_s=43.1
epoch=020 mode=pgd2 clean=0.6670 pgd10=0.3375 trigger=0 abandoned=0 train_s=42.6
epoch=021 mode=pgd2 clean=0.6634 pgd10=0.3695 trigger=0 abandoned=0 train_s=42.8
epoch=022 mode=pgd2 clean=0.6932 pgd10=0.3461 trigger=0 abandoned=0 train_s=42.7
epoch=023 mode=pgd2 clean=0.7162 pgd10=0.3742 trigger=0 abandoned=0 train_s=42.9
epoch=024 mode=pgd2 clean=0.7402 pgd10=0.3758 trigger=0 abandoned=0 train_s=43.1
epoch=025 mode=pgd2 clean=0.7456 pgd10=0.4078 trigger=0 abandoned=0 train_s=43.1
epoch=026 mode=pgd2 clean=0.7712 pgd10=0.3977 trigger=0 abandoned=0 train_s=42.9
epoch=027 mode=pgd2 clean=0.7808 pgd10=0.4234 trigger=0 abandoned=0 train_s=42.7
epoch=028 mode=pgd2 clean=0.7898 pgd10=0.4164 trigger=0 abandoned=0 train_s=42.8
epoch=029 mode=pgd2 clean=0.8238 pgd10=0.4422 trigger=0 abandoned=0 train_s=42.7
epoch=030 mode=pgd2 clean=0.8328 pgd10=0.4727 trigger=0 abandoned=0 train_s=42.9
finish=v2_adaptive_no_rollback_seed202 time=2026-09-04T00:38:04.0614377+08:00
start=v2_fixed_early13_seed17 seed=17 time=2026-09-04T00:38:04.0768413+08:00
epoch=001 mode=fgsm_zero clean=0.3424 pgd10=0.2383 trigger=0 abandoned=0 train_s=32.8
epoch=002 mode=fgsm_zero clean=0.3828 pgd10=0.2727 trigger=0 abandoned=0 train_s=31.9
epoch=003 mode=fgsm_zero clean=0.4518 pgd10=0.2984 trigger=0 abandoned=0 train_s=31.4
epoch=004 mode=fgsm_zero clean=0.5066 pgd10=0.3164 trigger=0 abandoned=0 train_s=31.6
epoch=005 mode=fgsm_zero clean=0.5292 pgd10=0.3383 trigger=0 abandoned=0 train_s=31.7
epoch=006 mode=fgsm_zero clean=0.5674 pgd10=0.3531 trigger=0 abandoned=0 train_s=31.9
epoch=007 mode=fgsm_zero clean=0.5820 pgd10=0.3656 trigger=0 abandoned=0 train_s=32.1
epoch=008 mode=fgsm_zero clean=0.5658 pgd10=0.3352 trigger=0 abandoned=0 train_s=31.5
epoch=009 mode=fgsm_zero clean=0.5842 pgd10=0.3477 trigger=0 abandoned=0 train_s=31.7
epoch=010 mode=fgsm_zero clean=0.5680 pgd10=0.3594 trigger=0 abandoned=0 train_s=31.9
epoch=011 mode=fgsm_zero clean=0.5658 pgd10=0.3117 trigger=0 abandoned=0 train_s=31.7
epoch=012 mode=fgsm_zero clean=0.5834 pgd10=0.3516 trigger=0 abandoned=0 train_s=31.7
epoch=013 mode=pgd2 clean=0.6226 pgd10=0.3406 trigger=1 abandoned=0 train_s=42.9
epoch=014 mode=pgd2 clean=0.5730 pgd10=0.3078 trigger=0 abandoned=0 train_s=42.9
epoch=015 mode=pgd2 clean=0.6398 pgd10=0.3367 trigger=0 abandoned=0 train_s=42.7
epoch=016 mode=pgd2 clean=0.6316 pgd10=0.3172 trigger=0 abandoned=0 train_s=42.8
epoch=017 mode=pgd2 clean=0.6434 pgd10=0.3625 trigger=0 abandoned=0 train_s=42.6
epoch=018 mode=pgd2 clean=0.6252 pgd10=0.3289 trigger=0 abandoned=0 train_s=42.8
epoch=019 mode=pgd2 clean=0.6702 pgd10=0.3633 trigger=0 abandoned=0 train_s=43.1
epoch=020 mode=pgd2 clean=0.6884 pgd10=0.3391 trigger=0 abandoned=0 train_s=43.3
epoch=021 mode=pgd2 clean=0.6886 pgd10=0.3664 trigger=0 abandoned=0 train_s=42.5
epoch=022 mode=pgd2 clean=0.7026 pgd10=0.3719 trigger=0 abandoned=0 train_s=42.8
epoch=023 mode=pgd2 clean=0.6982 pgd10=0.3852 trigger=0 abandoned=0 train_s=42.8
epoch=024 mode=pgd2 clean=0.7264 pgd10=0.4172 trigger=0 abandoned=0 train_s=42.9
epoch=025 mode=pgd2 clean=0.7228 pgd10=0.3992 trigger=0 abandoned=0 train_s=43.5
epoch=026 mode=pgd2 clean=0.7588 pgd10=0.4164 trigger=0 abandoned=0 train_s=43.3
epoch=027 mode=pgd2 clean=0.7782 pgd10=0.4188 trigger=0 abandoned=0 train_s=42.6
epoch=028 mode=pgd2 clean=0.7852 pgd10=0.4469 trigger=0 abandoned=0 train_s=42.6
epoch=029 mode=pgd2 clean=0.7996 pgd10=0.4516 trigger=0 abandoned=0 train_s=42.8
epoch=030 mode=pgd2 clean=0.8242 pgd10=0.4641 trigger=0 abandoned=0 train_s=42.8
finish=v2_fixed_early13_seed17 time=2026-09-04T01:07:16.3446149+08:00
start=v2_fixed_late21_seed17 seed=17 time=2026-09-04T01:07:16.3496150+08:00
epoch=001 mode=fgsm_zero clean=0.3424 pgd10=0.2383 trigger=0 abandoned=0 train_s=32.8
epoch=002 mode=fgsm_zero clean=0.3828 pgd10=0.2727 trigger=0 abandoned=0 train_s=31.4
epoch=003 mode=fgsm_zero clean=0.4518 pgd10=0.2984 trigger=0 abandoned=0 train_s=32.0
epoch=004 mode=fgsm_zero clean=0.5066 pgd10=0.3164 trigger=0 abandoned=0 train_s=31.5
epoch=005 mode=fgsm_zero clean=0.5292 pgd10=0.3383 trigger=0 abandoned=0 train_s=31.6
epoch=006 mode=fgsm_zero clean=0.5674 pgd10=0.3531 trigger=0 abandoned=0 train_s=31.9
epoch=007 mode=fgsm_zero clean=0.5820 pgd10=0.3656 trigger=0 abandoned=0 train_s=32.2
epoch=008 mode=fgsm_zero clean=0.5658 pgd10=0.3352 trigger=0 abandoned=0 train_s=31.3
epoch=009 mode=fgsm_zero clean=0.5842 pgd10=0.3477 trigger=0 abandoned=0 train_s=31.5
epoch=010 mode=fgsm_zero clean=0.5680 pgd10=0.3594 trigger=0 abandoned=0 train_s=31.7
epoch=011 mode=fgsm_zero clean=0.5658 pgd10=0.3117 trigger=0 abandoned=0 train_s=31.5
epoch=012 mode=fgsm_zero clean=0.5834 pgd10=0.3516 trigger=0 abandoned=0 train_s=31.0
epoch=013 mode=fgsm_zero clean=0.6032 pgd10=0.3641 trigger=0 abandoned=0 train_s=31.8
epoch=014 mode=fgsm_zero clean=0.5420 pgd10=0.3156 trigger=0 abandoned=0 train_s=31.6
epoch=015 mode=fgsm_zero clean=0.5878 pgd10=0.3242 trigger=0 abandoned=0 train_s=31.6
epoch=016 mode=fgsm_zero clean=0.6050 pgd10=0.3438 trigger=0 abandoned=0 train_s=31.3
epoch=017 mode=pgd2_after_warning clean=0.6260 pgd10=0.3695 trigger=1 abandoned=352 train_s=74.4
epoch=018 mode=pgd2 clean=0.6266 pgd10=0.3383 trigger=0 abandoned=0 train_s=42.8
epoch=019 mode=pgd2 clean=0.6750 pgd10=0.3758 trigger=0 abandoned=0 train_s=43.1
epoch=020 mode=pgd2 clean=0.6784 pgd10=0.3617 trigger=0 abandoned=0 train_s=42.6
epoch=021 mode=pgd2 clean=0.6780 pgd10=0.3688 trigger=0 abandoned=0 train_s=43.3
epoch=022 mode=pgd2 clean=0.7054 pgd10=0.3734 trigger=0 abandoned=0 train_s=43.0
epoch=023 mode=pgd2 clean=0.7050 pgd10=0.3961 trigger=0 abandoned=0 train_s=42.9
epoch=024 mode=pgd2 clean=0.7254 pgd10=0.4070 trigger=0 abandoned=0 train_s=42.7
epoch=025 mode=pgd2 clean=0.7090 pgd10=0.3930 trigger=0 abandoned=0 train_s=42.8
epoch=026 mode=pgd2 clean=0.7516 pgd10=0.4141 trigger=0 abandoned=0 train_s=43.0
epoch=027 mode=pgd2 clean=0.7734 pgd10=0.4242 trigger=0 abandoned=0 train_s=43.4
epoch=028 mode=pgd2 clean=0.7850 pgd10=0.4539 trigger=0 abandoned=0 train_s=42.7
epoch=029 mode=pgd2 clean=0.8002 pgd10=0.4602 trigger=0 abandoned=0 train_s=42.6
epoch=030 mode=pgd2 clean=0.8234 pgd10=0.4734 trigger=0 abandoned=0 train_s=42.5
finish=v2_fixed_late21_seed17 time=2026-09-04T01:36:11.9772798+08:00
start=v2_full_pgd2_seed17 seed=17 time=2026-09-04T01:36:11.9802801+08:00
epoch=001 mode=pgd2 clean=0.3660 pgd10=0.2414 trigger=0 abandoned=0 train_s=43.7
epoch=002 mode=pgd2 clean=0.4040 pgd10=0.2500 trigger=0 abandoned=0 train_s=43.1
epoch=003 mode=pgd2 clean=0.4934 pgd10=0.2906 trigger=0 abandoned=0 train_s=42.7
epoch=004 mode=pgd2 clean=0.5492 pgd10=0.3086 trigger=0 abandoned=0 train_s=42.7
epoch=005 mode=pgd2 clean=0.6012 pgd10=0.3367 trigger=0 abandoned=0 train_s=42.8
epoch=006 mode=pgd2 clean=0.6198 pgd10=0.3242 trigger=0 abandoned=0 train_s=42.8
epoch=007 mode=pgd2 clean=0.6390 pgd10=0.3508 trigger=0 abandoned=0 train_s=42.9
epoch=008 mode=pgd2 clean=0.6336 pgd10=0.3398 trigger=0 abandoned=0 train_s=43.1
epoch=009 mode=pgd2 clean=0.6556 pgd10=0.3563 trigger=0 abandoned=0 train_s=42.9
epoch=010 mode=pgd2 clean=0.6440 pgd10=0.3602 trigger=0 abandoned=0 train_s=42.5
epoch=011 mode=pgd2 clean=0.6252 pgd10=0.2844 trigger=0 abandoned=0 train_s=42.8
epoch=012 mode=pgd2 clean=0.6422 pgd10=0.3539 trigger=0 abandoned=0 train_s=42.9
epoch=013 mode=pgd2 clean=0.6334 pgd10=0.3352 trigger=0 abandoned=0 train_s=42.9
epoch=014 mode=pgd2 clean=0.6024 pgd10=0.3125 trigger=0 abandoned=0 train_s=42.8
epoch=015 mode=pgd2 clean=0.6294 pgd10=0.3148 trigger=0 abandoned=0 train_s=42.8
epoch=016 mode=pgd2 clean=0.6346 pgd10=0.2984 trigger=0 abandoned=0 train_s=42.8
epoch=017 mode=pgd2 clean=0.6522 pgd10=0.3711 trigger=0 abandoned=0 train_s=42.9
epoch=018 mode=pgd2 clean=0.6500 pgd10=0.3383 trigger=0 abandoned=0 train_s=43.0
epoch=019 mode=pgd2 clean=0.6650 pgd10=0.3805 trigger=0 abandoned=0 train_s=42.7
epoch=020 mode=pgd2 clean=0.6900 pgd10=0.3516 trigger=0 abandoned=0 train_s=42.9
epoch=021 mode=pgd2 clean=0.6798 pgd10=0.3789 trigger=0 abandoned=0 train_s=42.6
epoch=022 mode=pgd2 clean=0.7000 pgd10=0.3781 trigger=0 abandoned=0 train_s=42.6
epoch=023 mode=pgd2 clean=0.7058 pgd10=0.4062 trigger=0 abandoned=0 train_s=42.5
epoch=024 mode=pgd2 clean=0.7238 pgd10=0.4109 trigger=0 abandoned=0 train_s=43.1
epoch=025 mode=pgd2 clean=0.7164 pgd10=0.4008 trigger=0 abandoned=0 train_s=42.7
epoch=026 mode=pgd2 clean=0.7674 pgd10=0.4188 trigger=0 abandoned=0 train_s=42.8
epoch=027 mode=pgd2 clean=0.7762 pgd10=0.4148 trigger=0 abandoned=0 train_s=42.5
epoch=028 mode=pgd2 clean=0.7892 pgd10=0.4586 trigger=0 abandoned=0 train_s=42.8
epoch=029 mode=pgd2 clean=0.8052 pgd10=0.4641 trigger=0 abandoned=0 train_s=42.9
epoch=030 mode=pgd2 clean=0.8222 pgd10=0.4727 trigger=0 abandoned=0 train_s=42.9
finish=v2_full_pgd2_seed17 time=2026-09-04T02:07:32.6999351+08:00
start=v2_fixed_early13_seed101 seed=101 time=2026-09-04T02:07:32.7075077+08:00
epoch=001 mode=fgsm_zero clean=0.3438 pgd10=0.2375 trigger=0 abandoned=0 train_s=32.8
epoch=002 mode=fgsm_zero clean=0.3734 pgd10=0.2555 trigger=0 abandoned=0 train_s=31.5
epoch=003 mode=fgsm_zero clean=0.4194 pgd10=0.2914 trigger=0 abandoned=0 train_s=31.6
epoch=004 mode=fgsm_zero clean=0.5042 pgd10=0.2945 trigger=0 abandoned=0 train_s=31.2
epoch=005 mode=fgsm_zero clean=0.5036 pgd10=0.3133 trigger=0 abandoned=0 train_s=31.3
epoch=006 mode=fgsm_zero clean=0.5454 pgd10=0.3328 trigger=0 abandoned=0 train_s=31.8
epoch=007 mode=fgsm_zero clean=0.5870 pgd10=0.3523 trigger=0 abandoned=0 train_s=31.8
epoch=008 mode=fgsm_zero clean=0.5914 pgd10=0.3680 trigger=0 abandoned=0 train_s=31.7
epoch=009 mode=fgsm_zero clean=0.6196 pgd10=0.3594 trigger=0 abandoned=0 train_s=31.8
epoch=010 mode=fgsm_zero clean=0.6220 pgd10=0.3594 trigger=0 abandoned=0 train_s=31.6
epoch=011 mode=fgsm_zero clean=0.5784 pgd10=0.3359 trigger=0 abandoned=0 train_s=31.7
epoch=012 mode=fgsm_zero clean=0.5818 pgd10=0.3547 trigger=0 abandoned=0 train_s=32.0
epoch=013 mode=pgd2 clean=0.6392 pgd10=0.3289 trigger=1 abandoned=0 train_s=42.9
epoch=014 mode=pgd2 clean=0.6078 pgd10=0.3312 trigger=0 abandoned=0 train_s=42.6
epoch=015 mode=pgd2 clean=0.6388 pgd10=0.3367 trigger=0 abandoned=0 train_s=43.0
epoch=016 mode=pgd2 clean=0.6464 pgd10=0.3320 trigger=0 abandoned=0 train_s=42.9
epoch=017 mode=pgd2 clean=0.6506 pgd10=0.3469 trigger=0 abandoned=0 train_s=42.6
epoch=018 mode=pgd2 clean=0.6848 pgd10=0.3242 trigger=0 abandoned=0 train_s=42.7
epoch=019 mode=pgd2 clean=0.6382 pgd10=0.3516 trigger=0 abandoned=0 train_s=42.6
epoch=020 mode=pgd2 clean=0.6634 pgd10=0.3867 trigger=0 abandoned=0 train_s=43.0
epoch=021 mode=pgd2 clean=0.7032 pgd10=0.3578 trigger=0 abandoned=0 train_s=42.5
epoch=022 mode=pgd2 clean=0.7178 pgd10=0.3852 trigger=0 abandoned=0 train_s=42.7
epoch=023 mode=pgd2 clean=0.6930 pgd10=0.3812 trigger=0 abandoned=0 train_s=42.6
epoch=024 mode=pgd2 clean=0.7342 pgd10=0.3914 trigger=0 abandoned=0 train_s=42.9
epoch=025 mode=pgd2 clean=0.7424 pgd10=0.3758 trigger=0 abandoned=0 train_s=42.8
epoch=026 mode=pgd2 clean=0.7496 pgd10=0.4180 trigger=0 abandoned=0 train_s=42.9
epoch=027 mode=pgd2 clean=0.7760 pgd10=0.4406 trigger=0 abandoned=0 train_s=43.0
epoch=028 mode=pgd2 clean=0.7980 pgd10=0.4375 trigger=0 abandoned=0 train_s=42.8
epoch=029 mode=pgd2 clean=0.8210 pgd10=0.4633 trigger=0 abandoned=0 train_s=42.9
epoch=030 mode=pgd2 clean=0.8374 pgd10=0.4680 trigger=0 abandoned=0 train_s=43.0
finish=v2_fixed_early13_seed101 time=2026-09-04T02:36:37.1644698+08:00
start=v2_fixed_late21_seed101 seed=101 time=2026-09-04T02:36:37.1684700+08:00
epoch=001 mode=fgsm_zero clean=0.3438 pgd10=0.2375 trigger=0 abandoned=0 train_s=32.1
epoch=002 mode=fgsm_zero clean=0.3734 pgd10=0.2555 trigger=0 abandoned=0 train_s=31.8
epoch=003 mode=fgsm_zero clean=0.4194 pgd10=0.2914 trigger=0 abandoned=0 train_s=31.5
epoch=004 mode=fgsm_zero clean=0.5042 pgd10=0.2945 trigger=0 abandoned=0 train_s=31.6
epoch=005 mode=fgsm_zero clean=0.5036 pgd10=0.3133 trigger=0 abandoned=0 train_s=31.4
epoch=006 mode=fgsm_zero clean=0.5454 pgd10=0.3328 trigger=0 abandoned=0 train_s=31.4
epoch=007 mode=fgsm_zero clean=0.5870 pgd10=0.3523 trigger=0 abandoned=0 train_s=31.8
epoch=008 mode=fgsm_zero clean=0.5914 pgd10=0.3680 trigger=0 abandoned=0 train_s=32.0
epoch=009 mode=fgsm_zero clean=0.6196 pgd10=0.3594 trigger=0 abandoned=0 train_s=31.8
epoch=010 mode=fgsm_zero clean=0.6220 pgd10=0.3594 trigger=0 abandoned=0 train_s=31.8
epoch=011 mode=fgsm_zero clean=0.5784 pgd10=0.3359 trigger=0 abandoned=0 train_s=31.4
epoch=012 mode=fgsm_zero clean=0.5818 pgd10=0.3547 trigger=0 abandoned=0 train_s=31.4
epoch=013 mode=fgsm_zero clean=0.6038 pgd10=0.3461 trigger=0 abandoned=0 train_s=31.3
epoch=014 mode=fgsm_zero clean=0.5658 pgd10=0.3406 trigger=0 abandoned=0 train_s=31.8
epoch=015 mode=fgsm_zero clean=0.5708 pgd10=0.3414 trigger=0 abandoned=0 train_s=31.7
epoch=016 mode=fgsm_zero clean=0.5978 pgd10=0.3617 trigger=0 abandoned=0 train_s=31.1
epoch=017 mode=fgsm_zero clean=0.6100 pgd10=0.3672 trigger=0 abandoned=0 train_s=31.3
epoch=018 mode=fgsm_zero clean=0.6160 pgd10=0.3516 trigger=0 abandoned=0 train_s=31.6
epoch=019 mode=fgsm_zero clean=0.6000 pgd10=0.3664 trigger=0 abandoned=0 train_s=31.5
epoch=020 mode=fgsm_zero clean=0.6032 pgd10=0.3609 trigger=0 abandoned=0 train_s=31.5
epoch=021 mode=pgd2 clean=0.6886 pgd10=0.3508 trigger=1 abandoned=0 train_s=42.8
epoch=022 mode=pgd2 clean=0.6916 pgd10=0.3742 trigger=0 abandoned=0 train_s=43.1
epoch=023 mode=pgd2 clean=0.6900 pgd10=0.3797 trigger=0 abandoned=0 train_s=43.6
epoch=024 mode=pgd2 clean=0.7244 pgd10=0.3867 trigger=0 abandoned=0 train_s=42.9
epoch=025 mode=pgd2 clean=0.7346 pgd10=0.3789 trigger=0 abandoned=0 train_s=42.6
epoch=026 mode=pgd2 clean=0.7432 pgd10=0.4234 trigger=0 abandoned=0 train_s=42.7
epoch=027 mode=pgd2 clean=0.7704 pgd10=0.4352 trigger=0 abandoned=0 train_s=42.9
epoch=028 mode=pgd2 clean=0.7960 pgd10=0.4336 trigger=0 abandoned=0 train_s=43.0
epoch=029 mode=pgd2 clean=0.8170 pgd10=0.4625 trigger=0 abandoned=0 train_s=42.8
epoch=030 mode=pgd2 clean=0.8312 pgd10=0.4695 trigger=0 abandoned=0 train_s=42.6
finish=v2_fixed_late21_seed101 time=2026-09-04T03:04:16.5595487+08:00
start=v2_full_pgd2_seed101 seed=101 time=2026-09-04T03:04:16.5595487+08:00
epoch=001 mode=pgd2 clean=0.3644 pgd10=0.2398 trigger=0 abandoned=0 train_s=43.3
epoch=002 mode=pgd2 clean=0.4054 pgd10=0.2531 trigger=0 abandoned=0 train_s=42.7
epoch=003 mode=pgd2 clean=0.4658 pgd10=0.2875 trigger=0 abandoned=0 train_s=42.9
epoch=004 mode=pgd2 clean=0.5330 pgd10=0.2781 trigger=0 abandoned=0 train_s=43.6
epoch=005 mode=pgd2 clean=0.5512 pgd10=0.3070 trigger=0 abandoned=0 train_s=42.8
epoch=006 mode=pgd2 clean=0.6212 pgd10=0.3352 trigger=0 abandoned=0 train_s=42.6
epoch=007 mode=pgd2 clean=0.6376 pgd10=0.3336 trigger=0 abandoned=0 train_s=42.8
epoch=008 mode=pgd2 clean=0.6452 pgd10=0.3398 trigger=0 abandoned=0 train_s=42.6
epoch=009 mode=pgd2 clean=0.6694 pgd10=0.3547 trigger=0 abandoned=0 train_s=43.1
epoch=010 mode=pgd2 clean=0.6646 pgd10=0.3422 trigger=0 abandoned=0 train_s=43.4
epoch=011 mode=pgd2 clean=0.6242 pgd10=0.3422 trigger=0 abandoned=0 train_s=42.9
epoch=012 mode=pgd2 clean=0.6420 pgd10=0.3367 trigger=0 abandoned=0 train_s=42.7
epoch=013 mode=pgd2 clean=0.6380 pgd10=0.3234 trigger=0 abandoned=0 train_s=42.6
epoch=014 mode=pgd2 clean=0.6076 pgd10=0.3281 trigger=0 abandoned=0 train_s=42.9
