start=v3_fastadvplus_seed17 time=2026-09-05T00:17:17.1913047+08:00
epoch=001 method=fastadvplus clean=0.3594 pgd10=0.2313 core_s=38.4 online_s=6.1 triggers=0 pgd_batches=0
epoch=002 method=fastadvplus clean=0.4020 pgd10=0.2617 core_s=37.5 online_s=6.4 triggers=0 pgd_batches=0
epoch=003 method=fastadvplus clean=0.4758 pgd10=0.2992 core_s=43.0 online_s=6.1 triggers=1 pgd_batches=20
epoch=004 method=fastadvplus clean=0.5132 pgd10=0.3406 core_s=45.6 online_s=6.4 triggers=3 pgd_batches=48
epoch=005 method=fastadvplus clean=0.5612 pgd10=0.3320 core_s=72.9 online_s=6.4 triggers=8 pgd_batches=160
epoch=006 method=fastadvplus clean=0.5876 pgd10=0.3391 core_s=62.2 online_s=6.0 triggers=12 pgd_batches=240
epoch=007 method=fastadvplus clean=0.6150 pgd10=0.3477 core_s=43.3 online_s=6.4 triggers=13 pgd_batches=260
epoch=008 method=fastadvplus clean=0.5980 pgd10=0.3305 core_s=36.6 online_s=6.1 triggers=13 pgd_batches=260
epoch=009 method=fastadvplus clean=0.6268 pgd10=0.3422 core_s=56.4 online_s=6.4 triggers=16 pgd_batches=320
epoch=010 method=fastadvplus clean=0.6106 pgd10=0.3719 core_s=56.2 online_s=6.4 triggers=19 pgd_batches=380
epoch=011 method=fastadvplus clean=0.5790 pgd10=0.2844 core_s=69.1 online_s=6.1 triggers=24 pgd_batches=480
epoch=012 method=fastadvplus clean=0.6178 pgd10=0.3516 core_s=89.7 online_s=6.4 triggers=33 pgd_batches=644
epoch=013 method=fastadvplus clean=0.5860 pgd10=0.3648 core_s=91.5 online_s=6.0 triggers=41 pgd_batches=816
epoch=014 method=fastadvplus clean=0.5694 pgd10=0.3359 core_s=91.8 online_s=6.4 triggers=50 pgd_batches=988
epoch=015 method=fastadvplus clean=0.6220 pgd10=0.3180 core_s=86.2 online_s=6.4 triggers=57 pgd_batches=1140
epoch=016 method=fastadvplus clean=0.5874 pgd10=0.3406 core_s=98.1 online_s=6.0 triggers=67 pgd_batches=1332
epoch=017 method=fastadvplus clean=0.6118 pgd10=0.3859 core_s=98.3 online_s=6.4 triggers=77 pgd_batches=1524
epoch=018 method=fastadvplus clean=0.5924 pgd10=0.3125 core_s=93.8 online_s=6.0 triggers=85 pgd_batches=1700
epoch=019 method=fastadvplus clean=0.6444 pgd10=0.3867 core_s=107.2 online_s=6.4 triggers=96 pgd_batches=1920
epoch=020 method=fastadvplus clean=0.6502 pgd10=0.3977 core_s=81.5 online_s=6.4 triggers=103 pgd_batches=2060
epoch=021 method=fastadvplus clean=0.6600 pgd10=0.3875 core_s=62.8 online_s=6.1 triggers=107 pgd_batches=2140
epoch=022 method=fastadvplus clean=0.6822 pgd10=0.4109 core_s=44.5 online_s=6.4 triggers=109 pgd_batches=2164
epoch=023 method=fastadvplus clean=0.6396 pgd10=0.3891 core_s=59.6 online_s=6.0 triggers=112 pgd_batches=2236
epoch=024 method=fastadvplus clean=0.7048 pgd10=0.4211 core_s=57.1 online_s=6.4 triggers=115 pgd_batches=2300
epoch=025 method=fastadvplus clean=0.6844 pgd10=0.3945 core_s=43.5 online_s=6.4 triggers=116 pgd_batches=2320
epoch=026 method=fastadvplus clean=0.7374 pgd10=0.4195 core_s=43.1 online_s=6.1 triggers=117 pgd_batches=2340
epoch=027 method=fastadvplus clean=0.7502 pgd10=0.4313 core_s=36.8 online_s=6.4 triggers=117 pgd_batches=2340
epoch=028 method=fastadvplus clean=0.7658 pgd10=0.4578 core_s=36.6 online_s=6.1 triggers=117 pgd_batches=2340
epoch=029 method=fastadvplus clean=0.7868 pgd10=0.4641 core_s=43.5 online_s=6.4 triggers=118 pgd_batches=2360
epoch=030 method=fastadvplus clean=0.8132 pgd10=0.4625 core_s=37.1 online_s=6.4 triggers=118 pgd_batches=2360
finish=v3_fastadvplus_seed17 time=2026-09-05T00:58:44.9269580+08:00
start=v3_fastadvplus_seed23 time=2026-09-05T00:58:44.9289583+08:00
epoch=001 method=fastadvplus clean=0.3500 pgd10=0.2148 core_s=37.1 online_s=6.1 triggers=0 pgd_batches=0
epoch=002 method=fastadvplus clean=0.3926 pgd10=0.2273 core_s=37.1 online_s=6.4 triggers=0 pgd_batches=0
epoch=003 method=fastadvplus clean=0.4724 pgd10=0.2773 core_s=36.8 online_s=6.1 triggers=0 pgd_batches=0
epoch=004 method=fastadvplus clean=0.5312 pgd10=0.2898 core_s=36.9 online_s=6.4 triggers=0 pgd_batches=0
epoch=005 method=fastadvplus clean=0.5258 pgd10=0.3094 core_s=37.2 online_s=6.5 triggers=0 pgd_batches=0
epoch=006 method=fastadvplus clean=0.6136 pgd10=0.3391 core_s=43.1 online_s=6.0 triggers=1 pgd_batches=20
epoch=007 method=fastadvplus clean=0.5874 pgd10=0.3375 core_s=50.3 online_s=6.4 triggers=3 pgd_batches=60
epoch=008 method=fastadvplus clean=0.5880 pgd10=0.3148 core_s=43.5 online_s=6.1 triggers=4 pgd_batches=80
epoch=009 method=fastadvplus clean=0.6380 pgd10=0.3344 core_s=49.6 online_s=6.4 triggers=6 pgd_batches=120
epoch=010 method=fastadvplus clean=0.5890 pgd10=0.3133 core_s=56.5 online_s=6.4 triggers=10 pgd_batches=180
epoch=011 method=fastadvplus clean=0.6002 pgd10=0.3352 core_s=62.3 online_s=6.0 triggers=13 pgd_batches=260
epoch=012 method=fastadvplus clean=0.6048 pgd10=0.3008 core_s=69.3 online_s=6.4 triggers=18 pgd_batches=360
epoch=013 method=fastadvplus clean=0.5858 pgd10=0.3727 core_s=74.4 online_s=6.1 triggers=24 pgd_batches=476
epoch=014 method=fastadvplus clean=0.5926 pgd10=0.3187 core_s=63.8 online_s=6.4 triggers=28 pgd_batches=560
epoch=015 method=fastadvplus clean=0.6272 pgd10=0.3375 core_s=69.1 online_s=6.4 triggers=33 pgd_batches=660
epoch=016 method=fastadvplus clean=0.6082 pgd10=0.3672 core_s=69.0 online_s=6.1 triggers=38 pgd_batches=760
epoch=017 method=fastadvplus clean=0.6490 pgd10=0.3508 core_s=43.7 online_s=6.4 triggers=39 pgd_batches=780
epoch=018 method=fastadvplus clean=0.6550 pgd10=0.3711 core_s=49.8 online_s=6.1 triggers=41 pgd_batches=820
epoch=019 method=fastadvplus clean=0.6148 pgd10=0.3930 core_s=58.3 online_s=6.4 triggers=45 pgd_batches=888
epoch=020 method=fastadvplus clean=0.7016 pgd10=0.3906 core_s=47.3 online_s=6.4 triggers=46 pgd_batches=920
epoch=021 method=fastadvplus clean=0.6618 pgd10=0.4156 core_s=40.6 online_s=6.1 triggers=47 pgd_batches=932
epoch=022 method=fastadvplus clean=0.7102 pgd10=0.3859 core_s=66.0 online_s=6.4 triggers=51 pgd_batches=1020
epoch=023 method=fastadvplus clean=0.6874 pgd10=0.3656 core_s=49.5 online_s=6.0 triggers=53 pgd_batches=1060
epoch=024 method=fastadvplus clean=0.7150 pgd10=0.4039 core_s=56.8 online_s=6.4 triggers=56 pgd_batches=1120
epoch=025 method=fastadvplus clean=0.7278 pgd10=0.3945 core_s=56.0 online_s=6.5 triggers=59 pgd_batches=1180
epoch=026 method=fastadvplus clean=0.7112 pgd10=0.3953 core_s=53.7 online_s=6.1 triggers=62 pgd_batches=1232
epoch=027 method=fastadvplus clean=0.7572 pgd10=0.4359 core_s=53.1 online_s=6.4 triggers=64 pgd_batches=1280
epoch=028 method=fastadvplus clean=0.7748 pgd10=0.4430 core_s=36.5 online_s=6.1 triggers=64 pgd_batches=1280
epoch=029 method=fastadvplus clean=0.7966 pgd10=0.4500 core_s=37.2 online_s=6.4 triggers=64 pgd_batches=1280
epoch=030 method=fastadvplus clean=0.8150 pgd10=0.4789 core_s=37.2 online_s=6.5 triggers=64 pgd_batches=1280
finish=v3_fastadvplus_seed23 time=2026-09-05T01:34:37.8085908+08:00
start=v3_fastadvplus_seed42 time=2026-09-05T01:34:37.8110907+08:00
epoch=001 method=fastadvplus clean=0.3726 pgd10=0.2609 core_s=44.2 online_s=6.1 triggers=1 pgd_batches=20
epoch=002 method=fastadvplus clean=0.4034 pgd10=0.2539 core_s=88.5 online_s=6.4 triggers=9 pgd_batches=180
epoch=003 method=fastadvplus clean=0.4406 pgd10=0.2703 core_s=48.2 online_s=6.1 triggers=11 pgd_batches=216
epoch=004 method=fastadvplus clean=0.4780 pgd10=0.2758 core_s=51.2 online_s=6.4 triggers=13 pgd_batches=260
epoch=005 method=fastadvplus clean=0.5542 pgd10=0.3258 core_s=43.4 online_s=6.5 triggers=14 pgd_batches=280
epoch=006 method=fastadvplus clean=0.5960 pgd10=0.3406 core_s=56.6 online_s=6.0 triggers=17 pgd_batches=340
epoch=007 method=fastadvplus clean=0.5878 pgd10=0.3398 core_s=44.3 online_s=6.5 triggers=18 pgd_batches=360
epoch=008 method=fastadvplus clean=0.6470 pgd10=0.3359 core_s=42.9 online_s=6.1 triggers=19 pgd_batches=380
epoch=009 method=fastadvplus clean=0.6324 pgd10=0.3563 core_s=75.6 online_s=6.4 triggers=25 pgd_batches=500
epoch=010 method=fastadvplus clean=0.6056 pgd10=0.3516 core_s=43.4 online_s=6.5 triggers=26 pgd_batches=520
epoch=011 method=fastadvplus clean=0.6260 pgd10=0.3727 core_s=72.5 online_s=6.1 triggers=32 pgd_batches=632
epoch=012 method=fastadvplus clean=0.5734 pgd10=0.3391 core_s=60.1 online_s=6.4 triggers=36 pgd_batches=704
epoch=013 method=fastadvplus clean=0.6130 pgd10=0.3906 core_s=78.8 online_s=6.0 triggers=42 pgd_batches=836
epoch=014 method=fastadvplus clean=0.6402 pgd10=0.3289 core_s=89.8 online_s=6.4 triggers=50 pgd_batches=1000
epoch=015 method=fastadvplus clean=0.6422 pgd10=0.3195 core_s=63.1 online_s=6.5 triggers=55 pgd_batches=1080
epoch=016 method=fastadvplus clean=0.5478 pgd10=0.2828 core_s=87.8 online_s=6.0 triggers=62 pgd_batches=1240
epoch=017 method=fastadvplus clean=0.6446 pgd10=0.3477 core_s=69.0 online_s=6.4 triggers=67 pgd_batches=1340
epoch=018 method=fastadvplus clean=0.6140 pgd10=0.3734 core_s=73.8 online_s=6.1 triggers=73 pgd_batches=1456
epoch=019 method=fastadvplus clean=0.6624 pgd10=0.3594 core_s=83.9 online_s=6.4 triggers=80 pgd_batches=1600
epoch=020 method=fastadvplus clean=0.7012 pgd10=0.3563 core_s=75.6 online_s=6.5 triggers=87 pgd_batches=1720
epoch=021 method=fastadvplus clean=0.6600 pgd10=0.3516 core_s=88.0 online_s=6.0 triggers=94 pgd_batches=1880
epoch=022 method=fastadvplus clean=0.6862 pgd10=0.3734 core_s=62.6 online_s=6.4 triggers=98 pgd_batches=1960
epoch=023 method=fastadvplus clean=0.6856 pgd10=0.3789 core_s=50.1 online_s=6.1 triggers=100 pgd_batches=2000
epoch=024 method=fastadvplus clean=0.7034 pgd10=0.3664 core_s=49.8 online_s=6.4 triggers=102 pgd_batches=2040
epoch=025 method=fastadvplus clean=0.7412 pgd10=0.4094 core_s=49.8 online_s=6.4 triggers=104 pgd_batches=2080
epoch=026 method=fastadvplus clean=0.7376 pgd10=0.4164 core_s=36.8 online_s=6.1 triggers=104 pgd_batches=2080
epoch=027 method=fastadvplus clean=0.7706 pgd10=0.4086 core_s=38.3 online_s=6.5 triggers=105 pgd_batches=2084
epoch=028 method=fastadvplus clean=0.7896 pgd10=0.4281 core_s=42.6 online_s=6.0 triggers=105 pgd_batches=2100
epoch=029 method=fastadvplus clean=0.8126 pgd10=0.4391 core_s=43.6 online_s=6.4 triggers=106 pgd_batches=2120
epoch=030 method=fastadvplus clean=0.8284 pgd10=0.4656 core_s=37.0 online_s=6.5 triggers=106 pgd_batches=2120
finish=v3_fastadvplus_seed42 time=2026-09-05T02:14:56.4885247+08:00
start=v3_fastadvplus_seed101 time=2026-09-05T02:14:56.4905232+08:00
epoch=001 method=fastadvplus clean=0.3538 pgd10=0.2414 core_s=37.1 online_s=6.0 triggers=0 pgd_batches=0
epoch=002 method=fastadvplus clean=0.3942 pgd10=0.2516 core_s=43.6 online_s=6.5 triggers=1 pgd_batches=20
epoch=003 method=fastadvplus clean=0.4242 pgd10=0.2938 core_s=48.2 online_s=6.1 triggers=3 pgd_batches=56
epoch=004 method=fastadvplus clean=0.5224 pgd10=0.2898 core_s=44.9 online_s=6.4 triggers=4 pgd_batches=80
epoch=005 method=fastadvplus clean=0.5250 pgd10=0.3203 core_s=49.8 online_s=6.5 triggers=6 pgd_batches=120
epoch=006 method=fastadvplus clean=0.5818 pgd10=0.3250 core_s=49.4 online_s=6.1 triggers=8 pgd_batches=160
epoch=007 method=fastadvplus clean=0.6108 pgd10=0.3359 core_s=43.4 online_s=6.5 triggers=9 pgd_batches=180
epoch=008 method=fastadvplus clean=0.6292 pgd10=0.3461 core_s=49.4 online_s=6.1 triggers=11 pgd_batches=220
epoch=009 method=fastadvplus clean=0.6518 pgd10=0.3570 core_s=37.0 online_s=6.4 triggers=11 pgd_batches=220
epoch=010 method=fastadvplus clean=0.6442 pgd10=0.3484 core_s=43.3 online_s=6.4 triggers=12 pgd_batches=240
epoch=011 method=fastadvplus clean=0.5948 pgd10=0.3523 core_s=72.3 online_s=6.1 triggers=18 pgd_batches=352
epoch=012 method=fastadvplus clean=0.6188 pgd10=0.3656 core_s=53.6 online_s=6.4 triggers=21 pgd_batches=404
epoch=013 method=fastadvplus clean=0.6022 pgd10=0.3195 core_s=62.4 online_s=6.0 triggers=24 pgd_batches=480
epoch=014 method=fastadvplus clean=0.6146 pgd10=0.3641 core_s=75.8 online_s=6.4 triggers=30 pgd_batches=600
epoch=015 method=fastadvplus clean=0.5870 pgd10=0.3531 core_s=75.4 online_s=6.4 triggers=36 pgd_batches=720
epoch=016 method=fastadvplus clean=0.6050 pgd10=0.3523 core_s=65.8 online_s=6.1 triggers=41 pgd_batches=812
epoch=017 method=fastadvplus clean=0.6346 pgd10=0.3539 core_s=85.4 online_s=6.4 triggers=49 pgd_batches=964
epoch=018 method=fastadvplus clean=0.6376 pgd10=0.3109 core_s=68.1 online_s=6.0 triggers=53 pgd_batches=1060
epoch=019 method=fastadvplus clean=0.6310 pgd10=0.3430 core_s=75.7 online_s=6.4 triggers=59 pgd_batches=1180
epoch=020 method=fastadvplus clean=0.6402 pgd10=0.3797 core_s=56.2 online_s=6.4 triggers=62 pgd_batches=1240
epoch=021 method=fastadvplus clean=0.6926 pgd10=0.3625 core_s=37.1 online_s=6.1 triggers=62 pgd_batches=1240
epoch=022 method=fastadvplus clean=0.7008 pgd10=0.3773 core_s=62.5 online_s=6.4 triggers=66 pgd_batches=1320
epoch=023 method=fastadvplus clean=0.6542 pgd10=0.3711 core_s=55.5 online_s=6.1 triggers=69 pgd_batches=1380
epoch=024 method=fastadvplus clean=0.7064 pgd10=0.4070 core_s=69.2 online_s=6.5 triggers=74 pgd_batches=1480
epoch=025 method=fastadvplus clean=0.7442 pgd10=0.4047 core_s=69.0 online_s=6.4 triggers=79 pgd_batches=1580
epoch=026 method=fastadvplus clean=0.7246 pgd10=0.4344 core_s=56.9 online_s=6.1 triggers=82 pgd_batches=1640
epoch=027 method=fastadvplus clean=0.7570 pgd10=0.4398 core_s=36.7 online_s=6.4 triggers=82 pgd_batches=1640
epoch=028 method=fastadvplus clean=0.7794 pgd10=0.4266 core_s=62.2 online_s=6.1 triggers=86 pgd_batches=1720
epoch=029 method=fastadvplus clean=0.8050 pgd10=0.4688 core_s=43.4 online_s=6.4 triggers=87 pgd_batches=1740
epoch=030 method=fastadvplus clean=0.8202 pgd10=0.4773 core_s=37.2 online_s=6.5 triggers=87 pgd_batches=1740
finish=v3_fastadvplus_seed101 time=2026-09-05T02:53:09.0283376+08:00
start=v3_fastadvplus_seed202 time=2026-09-05T02:53:09.0323484+08:00
epoch=001 method=fastadvplus clean=0.3610 pgd10=0.2305 core_s=37.0 online_s=6.1 triggers=0 pgd_batches=0
epoch=002 method=fastadvplus clean=0.3936 pgd10=0.2492 core_s=37.4 online_s=6.4 triggers=0 pgd_batches=0
epoch=003 method=fastadvplus clean=0.4882 pgd10=0.2719 core_s=62.6 online_s=6.1 triggers=4 pgd_batches=80
epoch=004 method=fastadvplus clean=0.5358 pgd10=0.2953 core_s=62.6 online_s=6.4 triggers=8 pgd_batches=160
epoch=005 method=fastadvplus clean=0.5526 pgd10=0.3187 core_s=36.9 online_s=6.5 triggers=8 pgd_batches=160
epoch=006 method=fastadvplus clean=0.5998 pgd10=0.3312 core_s=43.2 online_s=6.0 triggers=9 pgd_batches=180
epoch=007 method=fastadvplus clean=0.5936 pgd10=0.3227 core_s=44.1 online_s=6.4 triggers=10 pgd_batches=200
epoch=008 method=fastadvplus clean=0.6412 pgd10=0.3336 core_s=43.2 online_s=6.1 triggers=11 pgd_batches=220
epoch=009 method=fastadvplus clean=0.6226 pgd10=0.3289 core_s=37.0 online_s=6.4 triggers=11 pgd_batches=220
epoch=010 method=fastadvplus clean=0.6304 pgd10=0.3453 core_s=37.0 online_s=6.4 triggers=11 pgd_batches=220
epoch=011 method=fastadvplus clean=0.6224 pgd10=0.3289 core_s=56.4 online_s=6.1 triggers=14 pgd_batches=280
epoch=012 method=fastadvplus clean=0.6168 pgd10=0.3539 core_s=43.6 online_s=6.4 triggers=15 pgd_batches=300
epoch=013 method=fastadvplus clean=0.6258 pgd10=0.3336 core_s=55.6 online_s=6.1 triggers=18 pgd_batches=360
epoch=014 method=fastadvplus clean=0.6102 pgd10=0.3344 core_s=43.5 online_s=6.4 triggers=19 pgd_batches=380
epoch=015 method=fastadvplus clean=0.6134 pgd10=0.3250 core_s=43.8 online_s=6.4 triggers=20 pgd_batches=400
epoch=016 method=fastadvplus clean=0.6266 pgd10=0.3578 core_s=55.9 online_s=6.0 triggers=23 pgd_batches=460
epoch=017 method=fastadvplus clean=0.6450 pgd10=0.3453 core_s=50.9 online_s=6.4 triggers=25 pgd_batches=500
epoch=018 method=fastadvplus clean=0.6546 pgd10=0.3359 core_s=37.0 online_s=6.1 triggers=25 pgd_batches=500
epoch=019 method=fastadvplus clean=0.6536 pgd10=0.3383 core_s=43.4 online_s=6.4 triggers=26 pgd_batches=520
epoch=020 method=fastadvplus clean=0.6424 pgd10=0.3344 core_s=43.2 online_s=6.4 triggers=28 pgd_batches=540
epoch=021 method=fastadvplus clean=0.6480 pgd10=0.3641 core_s=56.1 online_s=6.0 triggers=30 pgd_batches=600
epoch=022 method=fastadvplus clean=0.6744 pgd10=0.3844 core_s=38.6 online_s=6.5 triggers=31 pgd_batches=604
epoch=023 method=fastadvplus clean=0.7014 pgd10=0.3836 core_s=48.8 online_s=6.0 triggers=32 pgd_batches=640
epoch=024 method=fastadvplus clean=0.7128 pgd10=0.3719 core_s=37.7 online_s=6.4 triggers=32 pgd_batches=640
epoch=025 method=fastadvplus clean=0.7268 pgd10=0.4156 core_s=43.8 online_s=6.4 triggers=33 pgd_batches=660
epoch=026 method=fastadvplus clean=0.7632 pgd10=0.4195 core_s=49.7 online_s=6.1 triggers=35 pgd_batches=700
epoch=027 method=fastadvplus clean=0.7664 pgd10=0.4242 core_s=37.0 online_s=6.5 triggers=35 pgd_batches=700
epoch=028 method=fastadvplus clean=0.7776 pgd10=0.4297 core_s=36.6 online_s=6.1 triggers=35 pgd_batches=700
epoch=029 method=fastadvplus clean=0.8110 pgd10=0.4492 core_s=37.5 online_s=6.4 triggers=35 pgd_batches=700
epoch=030 method=fastadvplus clean=0.8214 pgd10=0.4703 core_s=37.1 online_s=6.5 triggers=35 pgd_batches=700
finish=v3_fastadvplus_seed202 time=2026-09-05T03:25:55.5988366+08:00
start=v3_gradalign_seed17 time=2026-09-05T03:25:55.6028380+08:00
epoch=001 method=gradalign clean=0.3378 pgd10=0.2406 core_s=91.9 online_s=0.0 triggers=0 pgd_batches=0
epoch=002 method=gradalign clean=0.3756 pgd10=0.2641 core_s=90.9 online_s=0.0 triggers=0 pgd_batches=0
epoch=003 method=gradalign clean=0.4522 pgd10=0.2930 core_s=91.8 online_s=0.0 triggers=0 pgd_batches=0
epoch=004 method=gradalign clean=0.5072 pgd10=0.3203 core_s=91.3 online_s=0.0 triggers=0 pgd_batches=0
epoch=005 method=gradalign clean=0.5436 pgd10=0.3484 core_s=91.6 online_s=0.0 triggers=0 pgd_batches=0
epoch=006 method=gradalign clean=0.5642 pgd10=0.3469 core_s=91.5 online_s=0.0 triggers=0 pgd_batches=0
epoch=007 method=gradalign clean=0.5780 pgd10=0.3633 core_s=91.3 online_s=0.0 triggers=0 pgd_batches=0
epoch=008 method=gradalign clean=0.5710 pgd10=0.3461 core_s=91.2 online_s=0.0 triggers=0 pgd_batches=0
epoch=009 method=gradalign clean=0.5946 pgd10=0.3523 core_s=92.0 online_s=0.0 triggers=0 pgd_batches=0
epoch=010 method=gradalign clean=0.5828 pgd10=0.3656 core_s=91.1 online_s=0.0 triggers=0 pgd_batches=0
epoch=011 method=gradalign clean=0.5804 pgd10=0.3234 core_s=90.9 online_s=0.0 triggers=0 pgd_batches=0
epoch=012 method=gradalign clean=0.6000 pgd10=0.3492 core_s=91.3 online_s=0.0 triggers=0 pgd_batches=0
epoch=013 method=gradalign clean=0.5994 pgd10=0.3398 core_s=91.0 online_s=0.0 triggers=0 pgd_batches=0
epoch=014 method=gradalign clean=0.5456 pgd10=0.3039 core_s=91.0 online_s=0.0 triggers=0 pgd_batches=0
epoch=015 method=gradalign clean=0.6014 pgd10=0.3453 core_s=91.0 online_s=0.0 triggers=0 pgd_batches=0
epoch=016 method=gradalign clean=0.6094 pgd10=0.3375 core_s=91.1 online_s=0.0 triggers=0 pgd_batches=0
epoch=017 method=gradalign clean=0.5964 pgd10=0.3758 core_s=91.1 online_s=0.0 triggers=0 pgd_batches=0
epoch=018 method=gradalign clean=0.5844 pgd10=0.3422 core_s=91.2 online_s=0.0 triggers=0 pgd_batches=0
epoch=019 method=gradalign clean=0.6196 pgd10=0.3547 core_s=91.1 online_s=0.0 triggers=0 pgd_batches=0
epoch=020 method=gradalign clean=0.6520 pgd10=0.3750 core_s=91.3 online_s=0.0 triggers=0 pgd_batches=0
epoch=021 method=gradalign clean=0.6404 pgd10=0.3836 core_s=90.8 online_s=0.0 triggers=0 pgd_batches=0
epoch=022 method=gradalign clean=0.6616 pgd10=0.3945 core_s=91.0 online_s=0.0 triggers=0 pgd_batches=0
epoch=023 method=gradalign clean=0.6548 pgd10=0.3891 core_s=90.9 online_s=0.0 triggers=0 pgd_batches=0
epoch=024 method=gradalign clean=0.6872 pgd10=0.4227 core_s=90.9 online_s=0.0 triggers=0 pgd_batches=0
epoch=025 method=gradalign clean=0.6636 pgd10=0.3945 core_s=90.9 online_s=0.0 triggers=0 pgd_batches=0
epoch=026 method=gradalign clean=0.7062 pgd10=0.4266 core_s=91.7 online_s=0.0 triggers=0 pgd_batches=0
epoch=027 method=gradalign clean=0.7344 pgd10=0.4320 core_s=91.0 online_s=0.0 triggers=0 pgd_batches=0
epoch=028 method=gradalign clean=0.7440 pgd10=0.4766 core_s=90.9 online_s=0.0 triggers=0 pgd_batches=0
epoch=029 method=gradalign clean=0.7658 pgd10=0.4773 core_s=91.0 online_s=0.0 triggers=0 pgd_batches=0
epoch=030 method=gradalign clean=0.7858 pgd10=0.4875 core_s=91.0 online_s=0.0 triggers=0 pgd_batches=0
finish=v3_gradalign_seed17 time=2026-09-05T04:21:43.8084698+08:00
start=v3_gradalign_seed23 time=2026-09-05T04:21:43.8114712+08:00
epoch=001 method=gradalign clean=0.3434 pgd10=0.2313 core_s=91.7 online_s=0.0 triggers=0 pgd_batches=0
epoch=002 method=gradalign clean=0.3900 pgd10=0.2445 core_s=91.3 online_s=0.0 triggers=0 pgd_batches=0
epoch=003 method=gradalign clean=0.4592 pgd10=0.2742 core_s=91.2 online_s=0.0 triggers=0 pgd_batches=0
epoch=004 method=gradalign clean=0.5026 pgd10=0.2883 core_s=91.3 online_s=0.0 triggers=0 pgd_batches=0
epoch=005 method=gradalign clean=0.4946 pgd10=0.3117 core_s=91.2 online_s=0.0 triggers=0 pgd_batches=0
epoch=006 method=gradalign clean=0.5770 pgd10=0.3477 core_s=91.1 online_s=0.0 triggers=0 pgd_batches=0
epoch=007 method=gradalign clean=0.5690 pgd10=0.3461 core_s=91.6 online_s=0.0 triggers=0 pgd_batches=0
epoch=008 method=gradalign clean=0.5602 pgd10=0.3328 core_s=91.4 online_s=0.0 triggers=0 pgd_batches=0
epoch=009 method=gradalign clean=0.6206 pgd10=0.3469 core_s=90.9 online_s=0.0 triggers=0 pgd_batches=0
epoch=010 method=gradalign clean=0.5776 pgd10=0.3305 core_s=91.4 online_s=0.0 triggers=0 pgd_batches=0
epoch=011 method=gradalign clean=0.5848 pgd10=0.3445 core_s=91.1 online_s=0.0 triggers=0 pgd_batches=0
epoch=012 method=gradalign clean=0.5984 pgd10=0.3320 core_s=91.6 online_s=0.0 triggers=0 pgd_batches=0
epoch=013 method=gradalign clean=0.5918 pgd10=0.3484 core_s=91.0 online_s=0.0 triggers=0 pgd_batches=0
epoch=014 method=gradalign clean=0.5866 pgd10=0.3406 core_s=91.0 online_s=0.0 triggers=0 pgd_batches=0
epoch=015 method=gradalign clean=0.6062 pgd10=0.3492 core_s=91.4 online_s=0.0 triggers=0 pgd_batches=0
epoch=016 method=gradalign clean=0.5914 pgd10=0.3750 core_s=90.9 online_s=0.0 triggers=0 pgd_batches=0
epoch=017 method=gradalign clean=0.6310 pgd10=0.3789 core_s=90.8 online_s=0.0 triggers=0 pgd_batches=0
epoch=018 method=gradalign clean=0.6294 pgd10=0.3594 core_s=91.2 online_s=0.0 triggers=0 pgd_batches=0
epoch=019 method=gradalign clean=0.6066 pgd10=0.3820 core_s=91.2 online_s=0.0 triggers=0 pgd_batches=0
epoch=020 method=gradalign clean=0.6638 pgd10=0.3852 core_s=91.0 online_s=0.0 triggers=0 pgd_batches=0
epoch=021 method=gradalign clean=0.6664 pgd10=0.3922 core_s=91.0 online_s=0.0 triggers=0 pgd_batches=0
epoch=022 method=gradalign clean=0.6748 pgd10=0.3805 core_s=91.2 online_s=0.0 triggers=0 pgd_batches=0
epoch=023 method=gradalign clean=0.6780 pgd10=0.3859 core_s=91.4 online_s=0.0 triggers=0 pgd_batches=0
epoch=024 method=gradalign clean=0.6902 pgd10=0.4094 core_s=90.7 online_s=0.0 triggers=0 pgd_batches=0
epoch=025 method=gradalign clean=0.7076 pgd10=0.4188 core_s=91.0 online_s=0.0 triggers=0 pgd_batches=0
epoch=026 method=gradalign clean=0.7114 pgd10=0.4016 core_s=91.0 online_s=0.0 triggers=0 pgd_batches=0
epoch=027 method=gradalign clean=0.7342 pgd10=0.4445 core_s=91.2 online_s=0.0 triggers=0 pgd_batches=0
epoch=028 method=gradalign clean=0.7500 pgd10=0.4617 core_s=91.6 online_s=0.0 triggers=0 pgd_batches=0
epoch=029 method=gradalign clean=0.7724 pgd10=0.4680 core_s=91.3 online_s=0.0 triggers=0 pgd_batches=0
epoch=030 method=gradalign clean=0.7894 pgd10=0.4859 core_s=91.1 online_s=0.0 triggers=0 pgd_batches=0
finish=v3_gradalign_seed23 time=2026-09-05T05:17:34.6756630+08:00
start=v3_gradalign_seed42 time=2026-09-05T05:17:34.6786633+08:00
epoch=001 method=gradalign clean=0.3504 pgd10=0.2609 core_s=92.2 online_s=0.0 triggers=0 pgd_batches=0
epoch=002 method=gradalign clean=0.4118 pgd10=0.2695 core_s=91.2 online_s=0.0 triggers=0 pgd_batches=0
epoch=003 method=gradalign clean=0.4464 pgd10=0.2766 core_s=91.3 online_s=0.0 triggers=0 pgd_batches=0
epoch=004 method=gradalign clean=0.4786 pgd10=0.2883 core_s=91.6 online_s=0.0 triggers=0 pgd_batches=0
epoch=005 method=gradalign clean=0.5282 pgd10=0.3180 core_s=91.1 online_s=0.0 triggers=0 pgd_batches=0
epoch=006 method=gradalign clean=0.5698 pgd10=0.3422 core_s=90.9 online_s=0.0 triggers=0 pgd_batches=0
epoch=007 method=gradalign clean=0.5674 pgd10=0.3406 core_s=91.6 online_s=0.0 triggers=0 pgd_batches=0
