start=v2_fixed_early13_seed23 time=2026-09-04T21:16:01.3653322+08:00
epoch=001 mode=fgsm_zero clean=0.3466 pgd10=0.2297 trigger=0 abandoned=0 train_s=34.9
epoch=002 mode=fgsm_zero clean=0.3852 pgd10=0.2391 trigger=0 abandoned=0 train_s=33.2
epoch=003 mode=fgsm_zero clean=0.4548 pgd10=0.2805 trigger=0 abandoned=0 train_s=34.5
epoch=004 mode=fgsm_zero clean=0.5032 pgd10=0.2977 trigger=0 abandoned=0 train_s=33.1
epoch=005 mode=fgsm_zero clean=0.4944 pgd10=0.3102 trigger=0 abandoned=0 train_s=32.7
epoch=006 mode=fgsm_zero clean=0.5692 pgd10=0.3305 trigger=0 abandoned=0 train_s=33.1
epoch=007 mode=fgsm_zero clean=0.5590 pgd10=0.3344 trigger=0 abandoned=0 train_s=32.4
epoch=008 mode=fgsm_zero clean=0.5372 pgd10=0.3352 trigger=0 abandoned=0 train_s=33.9
epoch=009 mode=fgsm_zero clean=0.6122 pgd10=0.3375 trigger=0 abandoned=0 train_s=34.4
epoch=010 mode=fgsm_zero clean=0.5772 pgd10=0.3297 trigger=0 abandoned=0 train_s=32.9
epoch=011 mode=fgsm_zero clean=0.5730 pgd10=0.3516 trigger=0 abandoned=0 train_s=31.7
epoch=012 mode=fgsm_zero clean=0.5986 pgd10=0.3305 trigger=0 abandoned=0 train_s=33.2
epoch=013 mode=pgd2 clean=0.6158 pgd10=0.3312 trigger=1 abandoned=0 train_s=44.2
epoch=014 mode=pgd2 clean=0.6028 pgd10=0.3125 trigger=0 abandoned=0 train_s=43.0
epoch=015 mode=pgd2 clean=0.6646 pgd10=0.3273 trigger=0 abandoned=0 train_s=44.9
epoch=016 mode=pgd2 clean=0.6214 pgd10=0.3680 trigger=0 abandoned=0 train_s=43.4
epoch=017 mode=pgd2 clean=0.6822 pgd10=0.3469 trigger=0 abandoned=0 train_s=43.8
epoch=018 mode=pgd2 clean=0.6628 pgd10=0.3656 trigger=0 abandoned=0 train_s=43.3
epoch=019 mode=pgd2 clean=0.6452 pgd10=0.3688 trigger=0 abandoned=0 train_s=43.4
epoch=020 mode=pgd2 clean=0.7120 pgd10=0.3844 trigger=0 abandoned=0 train_s=43.1
epoch=021 mode=pgd2 clean=0.7004 pgd10=0.3766 trigger=0 abandoned=0 train_s=43.5
epoch=022 mode=pgd2 clean=0.7156 pgd10=0.3625 trigger=0 abandoned=0 train_s=43.1
epoch=023 mode=pgd2 clean=0.7024 pgd10=0.3586 trigger=0 abandoned=0 train_s=43.3
epoch=024 mode=pgd2 clean=0.7254 pgd10=0.3922 trigger=0 abandoned=0 train_s=43.3
epoch=025 mode=pgd2 clean=0.7410 pgd10=0.3945 trigger=0 abandoned=0 train_s=43.1
epoch=026 mode=pgd2 clean=0.7484 pgd10=0.3859 trigger=0 abandoned=0 train_s=43.5
epoch=027 mode=pgd2 clean=0.7740 pgd10=0.4250 trigger=0 abandoned=0 train_s=43.1
epoch=028 mode=pgd2 clean=0.7900 pgd10=0.4398 trigger=0 abandoned=0 train_s=42.9
epoch=029 mode=pgd2 clean=0.8110 pgd10=0.4437 trigger=0 abandoned=0 train_s=42.9
epoch=030 mode=pgd2 clean=0.8286 pgd10=0.4688 trigger=0 abandoned=0 train_s=43.2
finish=v2_fixed_early13_seed23 time=2026-09-04T21:46:18.1951690+08:00
start=v2_fixed_late21_seed23 time=2026-09-04T21:46:18.1997410+08:00
epoch=001 mode=fgsm_zero clean=0.3466 pgd10=0.2297 trigger=0 abandoned=0 train_s=33.1
epoch=002 mode=fgsm_zero clean=0.3852 pgd10=0.2391 trigger=0 abandoned=0 train_s=32.6
epoch=003 mode=fgsm_zero clean=0.4548 pgd10=0.2805 trigger=0 abandoned=0 train_s=32.7
epoch=004 mode=fgsm_zero clean=0.5032 pgd10=0.2977 trigger=0 abandoned=0 train_s=32.8
epoch=005 mode=fgsm_zero clean=0.4944 pgd10=0.3102 trigger=0 abandoned=0 train_s=32.5
epoch=006 mode=fgsm_zero clean=0.5692 pgd10=0.3305 trigger=0 abandoned=0 train_s=32.4
epoch=007 mode=fgsm_zero clean=0.5590 pgd10=0.3344 trigger=0 abandoned=0 train_s=32.7
epoch=008 mode=fgsm_zero clean=0.5372 pgd10=0.3352 trigger=0 abandoned=0 train_s=32.6
epoch=009 mode=fgsm_zero clean=0.6122 pgd10=0.3375 trigger=0 abandoned=0 train_s=32.4
epoch=010 mode=fgsm_zero clean=0.5772 pgd10=0.3297 trigger=0 abandoned=0 train_s=32.6
epoch=011 mode=fgsm_zero clean=0.5730 pgd10=0.3516 trigger=0 abandoned=0 train_s=32.1
epoch=012 mode=fgsm_zero clean=0.5986 pgd10=0.3305 trigger=0 abandoned=0 train_s=32.5
epoch=013 mode=fgsm_zero clean=0.5734 pgd10=0.3391 trigger=0 abandoned=0 train_s=32.0
epoch=014 mode=fgsm_zero clean=0.5738 pgd10=0.3312 trigger=0 abandoned=0 train_s=32.4
epoch=015 mode=fgsm_zero clean=0.6138 pgd10=0.3555 trigger=0 abandoned=0 train_s=33.8
epoch=016 mode=fgsm_zero clean=0.5872 pgd10=0.3734 trigger=0 abandoned=0 train_s=33.6
epoch=017 mode=fgsm_zero clean=0.6426 pgd10=0.3836 trigger=0 abandoned=0 train_s=32.4
epoch=018 mode=fgsm_zero clean=0.6198 pgd10=0.3555 trigger=0 abandoned=0 train_s=32.4
epoch=019 mode=fgsm_zero clean=0.5900 pgd10=0.3844 trigger=0 abandoned=0 train_s=32.6
epoch=020 mode=fgsm_zero clean=0.6708 pgd10=0.3984 trigger=0 abandoned=0 train_s=32.6
epoch=021 mode=pgd2 clean=0.6836 pgd10=0.3742 trigger=1 abandoned=0 train_s=43.7
epoch=022 mode=pgd2 clean=0.7066 pgd10=0.3719 trigger=0 abandoned=0 train_s=44.6
epoch=023 mode=pgd2 clean=0.6984 pgd10=0.3570 trigger=0 abandoned=0 train_s=43.4
epoch=024 mode=pgd2 clean=0.7144 pgd10=0.3820 trigger=0 abandoned=0 train_s=43.4
epoch=025 mode=pgd2 clean=0.7394 pgd10=0.3969 trigger=0 abandoned=0 train_s=43.4
epoch=026 mode=pgd2 clean=0.7392 pgd10=0.3750 trigger=0 abandoned=0 train_s=43.1
epoch=027 mode=pgd2 clean=0.7684 pgd10=0.4344 trigger=0 abandoned=0 train_s=43.6
epoch=028 mode=pgd2 clean=0.7886 pgd10=0.4367 trigger=0 abandoned=0 train_s=43.7
epoch=029 mode=pgd2 clean=0.8062 pgd10=0.4320 trigger=0 abandoned=0 train_s=43.3
epoch=030 mode=pgd2 clean=0.8222 pgd10=0.4641 trigger=0 abandoned=0 train_s=43.2
finish=v2_fixed_late21_seed23 time=2026-09-04T22:14:51.9337761+08:00
start=v2_full_pgd2_seed23 time=2026-09-04T22:14:51.9369937+08:00
epoch=001 mode=pgd2 clean=0.3632 pgd10=0.2211 trigger=0 abandoned=0 train_s=43.9
epoch=002 mode=pgd2 clean=0.4088 pgd10=0.2258 trigger=0 abandoned=0 train_s=43.1
epoch=003 mode=pgd2 clean=0.4830 pgd10=0.2531 trigger=0 abandoned=0 train_s=43.0
epoch=004 mode=pgd2 clean=0.5462 pgd10=0.2820 trigger=0 abandoned=0 train_s=43.4
epoch=005 mode=pgd2 clean=0.5582 pgd10=0.3070 trigger=0 abandoned=0 train_s=43.1
epoch=006 mode=pgd2 clean=0.6330 pgd10=0.3344 trigger=0 abandoned=0 train_s=43.2
epoch=007 mode=pgd2 clean=0.6208 pgd10=0.3336 trigger=0 abandoned=0 train_s=43.2
epoch=008 mode=pgd2 clean=0.6214 pgd10=0.3187 trigger=0 abandoned=0 train_s=43.2
epoch=009 mode=pgd2 clean=0.6666 pgd10=0.3273 trigger=0 abandoned=0 train_s=43.8
epoch=010 mode=pgd2 clean=0.6290 pgd10=0.2953 trigger=0 abandoned=0 train_s=44.5
epoch=011 mode=pgd2 clean=0.6194 pgd10=0.3273 trigger=0 abandoned=0 train_s=43.1
epoch=012 mode=pgd2 clean=0.6472 pgd10=0.3102 trigger=0 abandoned=0 train_s=43.1
epoch=013 mode=pgd2 clean=0.6368 pgd10=0.3312 trigger=0 abandoned=0 train_s=43.1
epoch=014 mode=pgd2 clean=0.6068 pgd10=0.3172 trigger=0 abandoned=0 train_s=42.9
epoch=015 mode=pgd2 clean=0.6710 pgd10=0.3344 trigger=0 abandoned=0 train_s=43.5
epoch=016 mode=pgd2 clean=0.6282 pgd10=0.3648 trigger=0 abandoned=0 train_s=43.2
epoch=017 mode=pgd2 clean=0.6802 pgd10=0.3539 trigger=0 abandoned=0 train_s=43.7
epoch=018 mode=pgd2 clean=0.6712 pgd10=0.3734 trigger=0 abandoned=0 train_s=43.0
epoch=019 mode=pgd2 clean=0.6538 pgd10=0.3563 trigger=0 abandoned=0 train_s=43.3
epoch=020 mode=pgd2 clean=0.7158 pgd10=0.3719 trigger=0 abandoned=0 train_s=43.5
epoch=021 mode=pgd2 clean=0.7040 pgd10=0.3797 trigger=0 abandoned=0 train_s=43.2
epoch=022 mode=pgd2 clean=0.7258 pgd10=0.3594 trigger=0 abandoned=0 train_s=43.2
epoch=023 mode=pgd2 clean=0.7110 pgd10=0.3664 trigger=0 abandoned=0 train_s=43.2
epoch=024 mode=pgd2 clean=0.7274 pgd10=0.4008 trigger=0 abandoned=0 train_s=43.1
epoch=025 mode=pgd2 clean=0.7478 pgd10=0.3953 trigger=0 abandoned=0 train_s=43.3
epoch=026 mode=pgd2 clean=0.7642 pgd10=0.3977 trigger=0 abandoned=0 train_s=43.4
epoch=027 mode=pgd2 clean=0.7788 pgd10=0.4164 trigger=0 abandoned=0 train_s=43.2
epoch=028 mode=pgd2 clean=0.7890 pgd10=0.4516 trigger=0 abandoned=0 train_s=43.0
epoch=029 mode=pgd2 clean=0.8156 pgd10=0.4453 trigger=0 abandoned=0 train_s=43.0
epoch=030 mode=pgd2 clean=0.8286 pgd10=0.4711 trigger=0 abandoned=0 train_s=43.1
finish=v2_full_pgd2_seed23 time=2026-09-04T22:46:45.8813983+08:00
start=v2_fixed_early13_seed42 time=2026-09-04T22:46:45.8873963+08:00
epoch=001 mode=fgsm_zero clean=0.3504 pgd10=0.2570 trigger=0 abandoned=0 train_s=33.1
epoch=002 mode=fgsm_zero clean=0.4052 pgd10=0.2672 trigger=0 abandoned=0 train_s=32.3
epoch=003 mode=fgsm_zero clean=0.4332 pgd10=0.2727 trigger=0 abandoned=0 train_s=32.6
epoch=004 mode=fgsm_zero clean=0.4576 pgd10=0.2859 trigger=0 abandoned=0 train_s=32.3
epoch=005 mode=fgsm_zero clean=0.5328 pgd10=0.3266 trigger=0 abandoned=0 train_s=32.2
epoch=006 mode=fgsm_zero clean=0.5700 pgd10=0.3445 trigger=0 abandoned=0 train_s=32.2
epoch=007 mode=fgsm_zero clean=0.5642 pgd10=0.3375 trigger=0 abandoned=0 train_s=32.2
epoch=008 mode=fgsm_zero clean=0.6228 pgd10=0.3484 trigger=0 abandoned=0 train_s=32.2
epoch=009 mode=fgsm_zero clean=0.5990 pgd10=0.3500 trigger=0 abandoned=0 train_s=32.2
epoch=010 mode=fgsm_zero clean=0.5978 pgd10=0.3500 trigger=0 abandoned=0 train_s=32.5
epoch=011 mode=fgsm_zero clean=0.5972 pgd10=0.3406 trigger=0 abandoned=0 train_s=32.0
epoch=012 mode=fgsm_zero clean=0.5470 pgd10=0.3281 trigger=0 abandoned=0 train_s=32.2
epoch=013 mode=pgd2 clean=0.6422 pgd10=0.3516 trigger=1 abandoned=0 train_s=42.9
epoch=014 mode=pgd2 clean=0.6626 pgd10=0.3281 trigger=0 abandoned=0 train_s=43.2
epoch=015 mode=pgd2 clean=0.6356 pgd10=0.3187 trigger=0 abandoned=0 train_s=43.3
epoch=016 mode=pgd2 clean=0.5996 pgd10=0.2961 trigger=0 abandoned=0 train_s=43.4
epoch=017 mode=pgd2 clean=0.6732 pgd10=0.3211 trigger=0 abandoned=0 train_s=43.4
epoch=018 mode=pgd2 clean=0.6164 pgd10=0.3234 trigger=0 abandoned=0 train_s=43.5
epoch=019 mode=pgd2 clean=0.6990 pgd10=0.3359 trigger=0 abandoned=0 train_s=43.4
epoch=020 mode=pgd2 clean=0.7090 pgd10=0.3453 trigger=0 abandoned=0 train_s=44.4
epoch=021 mode=pgd2 clean=0.7026 pgd10=0.3555 trigger=0 abandoned=0 train_s=43.5
epoch=022 mode=pgd2 clean=0.7166 pgd10=0.3711 trigger=0 abandoned=0 train_s=43.1
epoch=023 mode=pgd2 clean=0.7182 pgd10=0.3836 trigger=0 abandoned=0 train_s=43.1
epoch=024 mode=pgd2 clean=0.7222 pgd10=0.3758 trigger=0 abandoned=0 train_s=43.4
epoch=025 mode=pgd2 clean=0.7632 pgd10=0.3937 trigger=0 abandoned=0 train_s=43.1
epoch=026 mode=pgd2 clean=0.7542 pgd10=0.4172 trigger=0 abandoned=0 train_s=44.0
epoch=027 mode=pgd2 clean=0.7884 pgd10=0.4000 trigger=0 abandoned=0 train_s=43.6
epoch=028 mode=pgd2 clean=0.8076 pgd10=0.4336 trigger=0 abandoned=0 train_s=43.1
epoch=029 mode=pgd2 clean=0.8258 pgd10=0.4430 trigger=0 abandoned=0 train_s=43.5
epoch=030 mode=pgd2 clean=0.8420 pgd10=0.4562 trigger=0 abandoned=0 train_s=43.1
finish=v2_fixed_early13_seed42 time=2026-09-04T23:16:34.2935500+08:00
start=v2_fixed_late21_seed42 time=2026-09-04T23:16:34.2955502+08:00
epoch=001 mode=fgsm_zero clean=0.3504 pgd10=0.2570 trigger=0 abandoned=0 train_s=33.1
epoch=002 mode=fgsm_zero clean=0.4052 pgd10=0.2672 trigger=0 abandoned=0 train_s=32.6
epoch=003 mode=fgsm_zero clean=0.4332 pgd10=0.2727 trigger=0 abandoned=0 train_s=32.8
epoch=004 mode=fgsm_zero clean=0.4576 pgd10=0.2859 trigger=0 abandoned=0 train_s=32.2
epoch=005 mode=fgsm_zero clean=0.5328 pgd10=0.3266 trigger=0 abandoned=0 train_s=32.1
epoch=006 mode=fgsm_zero clean=0.5700 pgd10=0.3445 trigger=0 abandoned=0 train_s=32.5
epoch=007 mode=fgsm_zero clean=0.5642 pgd10=0.3375 trigger=0 abandoned=0 train_s=32.2
epoch=008 mode=fgsm_zero clean=0.6228 pgd10=0.3484 trigger=0 abandoned=0 train_s=32.7
epoch=009 mode=fgsm_zero clean=0.5990 pgd10=0.3500 trigger=0 abandoned=0 train_s=32.6
epoch=010 mode=fgsm_zero clean=0.5978 pgd10=0.3500 trigger=0 abandoned=0 train_s=31.9
epoch=011 mode=fgsm_zero clean=0.5972 pgd10=0.3406 trigger=0 abandoned=0 train_s=32.8
epoch=012 mode=fgsm_zero clean=0.5470 pgd10=0.3281 trigger=0 abandoned=0 train_s=32.4
epoch=013 mode=fgsm_zero clean=0.6210 pgd10=0.3742 trigger=0 abandoned=0 train_s=31.9
epoch=014 mode=fgsm_zero clean=0.6302 pgd10=0.3508 trigger=0 abandoned=0 train_s=31.9
epoch=015 mode=fgsm_zero clean=0.6090 pgd10=0.3273 trigger=0 abandoned=0 train_s=32.0
epoch=016 mode=fgsm_zero clean=0.5256 pgd10=0.2883 trigger=0 abandoned=0 train_s=32.5
epoch=017 mode=fgsm_zero clean=0.6382 pgd10=0.3680 trigger=0 abandoned=0 train_s=32.1
epoch=018 mode=fgsm_zero clean=0.5896 pgd10=0.3453 trigger=0 abandoned=0 train_s=32.3
epoch=019 mode=fgsm_zero clean=0.6808 pgd10=0.0109 trigger=0 abandoned=0 train_s=32.2
epoch=020 mode=fgsm_zero clean=0.7072 pgd10=0.0000 trigger=0 abandoned=0 train_s=33.1
epoch=021 mode=pgd2 clean=0.6760 pgd10=0.3453 trigger=1 abandoned=0 train_s=43.2
epoch=022 mode=pgd2 clean=0.7064 pgd10=0.3586 trigger=0 abandoned=0 train_s=43.2
epoch=023 mode=pgd2 clean=0.7120 pgd10=0.3727 trigger=0 abandoned=0 train_s=43.0
epoch=024 mode=pgd2 clean=0.7140 pgd10=0.3680 trigger=0 abandoned=0 train_s=43.3
epoch=025 mode=pgd2 clean=0.7538 pgd10=0.3922 trigger=0 abandoned=0 train_s=43.1
epoch=026 mode=pgd2 clean=0.7500 pgd10=0.4102 trigger=0 abandoned=0 train_s=43.3
epoch=027 mode=pgd2 clean=0.7730 pgd10=0.3891 trigger=0 abandoned=0 train_s=43.3
epoch=028 mode=pgd2 clean=0.8012 pgd10=0.4289 trigger=0 abandoned=0 train_s=43.0
epoch=029 mode=pgd2 clean=0.8176 pgd10=0.4375 trigger=0 abandoned=0 train_s=43.3
epoch=030 mode=pgd2 clean=0.8360 pgd10=0.4484 trigger=0 abandoned=0 train_s=43.5
finish=v2_fixed_late21_seed42 time=2026-09-04T23:44:57.5263737+08:00
start=v2_full_pgd2_seed42 time=2026-09-04T23:44:57.5283726+08:00
epoch=001 mode=pgd2 clean=0.3850 pgd10=0.2625 trigger=0 abandoned=0 train_s=43.9
epoch=002 mode=pgd2 clean=0.4306 pgd10=0.2492 trigger=0 abandoned=0 train_s=43.1
epoch=003 mode=pgd2 clean=0.4868 pgd10=0.2500 trigger=0 abandoned=0 train_s=43.4
epoch=004 mode=pgd2 clean=0.5272 pgd10=0.2766 trigger=0 abandoned=0 train_s=43.7
epoch=005 mode=pgd2 clean=0.6030 pgd10=0.3359 trigger=0 abandoned=0 train_s=43.0
epoch=006 mode=pgd2 clean=0.6426 pgd10=0.3320 trigger=0 abandoned=0 train_s=43.0
epoch=007 mode=pgd2 clean=0.6200 pgd10=0.3312 trigger=0 abandoned=0 train_s=43.1
epoch=008 mode=pgd2 clean=0.6722 pgd10=0.3508 trigger=0 abandoned=0 train_s=43.5
epoch=009 mode=pgd2 clean=0.6486 pgd10=0.3531 trigger=0 abandoned=0 train_s=43.3
epoch=010 mode=pgd2 clean=0.6320 pgd10=0.3469 trigger=0 abandoned=0 train_s=43.3
epoch=011 mode=pgd2 clean=0.6630 pgd10=0.3609 trigger=0 abandoned=0 train_s=43.0
epoch=012 mode=pgd2 clean=0.5980 pgd10=0.3227 trigger=0 abandoned=0 train_s=43.1
epoch=013 mode=pgd2 clean=0.6518 pgd10=0.3609 trigger=0 abandoned=0 train_s=43.1
epoch=014 mode=pgd2 clean=0.6544 pgd10=0.3258 trigger=0 abandoned=0 train_s=43.3
epoch=015 mode=pgd2 clean=0.6506 pgd10=0.3312 trigger=0 abandoned=0 train_s=42.9
epoch=016 mode=pgd2 clean=0.6210 pgd10=0.3148 trigger=0 abandoned=0 train_s=43.0
epoch=017 mode=pgd2 clean=0.6856 pgd10=0.3211 trigger=0 abandoned=0 train_s=43.2
epoch=018 mode=pgd2 clean=0.6262 pgd10=0.3375 trigger=0 abandoned=0 train_s=43.7
epoch=019 mode=pgd2 clean=0.6860 pgd10=0.3484 trigger=0 abandoned=0 train_s=43.1
epoch=020 mode=pgd2 clean=0.7224 pgd10=0.3398 trigger=0 abandoned=0 train_s=43.7
epoch=021 mode=pgd2 clean=0.6988 pgd10=0.3578 trigger=0 abandoned=0 train_s=44.6
epoch=022 mode=pgd2 clean=0.7180 pgd10=0.3773 trigger=0 abandoned=0 train_s=43.1
epoch=023 mode=pgd2 clean=0.7188 pgd10=0.3766 trigger=0 abandoned=0 train_s=43.0
epoch=024 mode=pgd2 clean=0.7338 pgd10=0.3719 trigger=0 abandoned=0 train_s=43.1
epoch=025 mode=pgd2 clean=0.7616 pgd10=0.4109 trigger=0 abandoned=0 train_s=43.2
epoch=026 mode=pgd2 clean=0.7612 pgd10=0.4117 trigger=0 abandoned=0 train_s=43.4
epoch=027 mode=pgd2 clean=0.7876 pgd10=0.4094 trigger=0 abandoned=0 train_s=43.4
epoch=028 mode=pgd2 clean=0.8118 pgd10=0.4289 trigger=0 abandoned=0 train_s=42.8
epoch=029 mode=pgd2 clean=0.8302 pgd10=0.4445 trigger=0 abandoned=0 train_s=43.3
epoch=030 mode=pgd2 clean=0.8480 pgd10=0.4531 trigger=0 abandoned=0 train_s=43.3
finish=v2_full_pgd2_seed42 time=2026-09-05T00:16:52.5729214+08:00
