start=v4_natural_eps16_seed101 time=2026-09-05T21:53:22.6911402+08:00
epoch=001 mode=fgsm_random_uniform clean=0.2862 pgd10=0.1672 trigger=0 abandoned=0 train_s=35.4
epoch=002 mode=fgsm_random_uniform clean=0.3046 pgd10=0.1820 trigger=0 abandoned=0 train_s=33.8
epoch=003 mode=fgsm_random_uniform clean=0.3588 pgd10=0.1648 trigger=0 abandoned=0 train_s=33.8
epoch=004 mode=fgsm_random_uniform clean=0.4140 pgd10=0.1938 trigger=0 abandoned=0 train_s=34.0
epoch=005 mode=fgsm_random_uniform clean=0.3866 pgd10=0.1875 trigger=0 abandoned=0 train_s=34.3
epoch=006 mode=fgsm_random_uniform clean=0.4256 pgd10=0.2031 trigger=0 abandoned=0 train_s=33.7
epoch=007 mode=fgsm_random_uniform clean=0.4616 pgd10=0.1930 trigger=0 abandoned=0 train_s=34.7
epoch=008 mode=fgsm_random_uniform clean=0.5872 pgd10=0.0016 trigger=1 abandoned=0 train_s=36.1
epoch=009 mode=fgsm_random_uniform clean=0.4872 pgd10=0.1437 trigger=0 abandoned=0 train_s=33.9
epoch=010 mode=fgsm_random_uniform clean=0.4546 pgd10=0.0000 trigger=1 abandoned=0 train_s=37.4
epoch=011 mode=fgsm_random_uniform clean=0.4864 pgd10=0.0000 trigger=0 abandoned=0 train_s=33.8
epoch=012 mode=fgsm_random_uniform clean=0.4684 pgd10=0.0000 trigger=0 abandoned=0 train_s=34.0
epoch=013 mode=fgsm_random_uniform clean=0.4868 pgd10=0.0000 trigger=0 abandoned=0 train_s=33.7
epoch=014 mode=fgsm_random_uniform clean=0.2176 pgd10=0.0000 trigger=0 abandoned=0 train_s=34.4
epoch=015 mode=fgsm_random_uniform clean=0.4760 pgd10=0.0000 trigger=0 abandoned=0 train_s=34.5
epoch=016 mode=fgsm_random_uniform clean=0.5092 pgd10=0.0000 trigger=0 abandoned=0 train_s=33.7
epoch=017 mode=fgsm_random_uniform clean=0.5046 pgd10=0.0000 trigger=0 abandoned=0 train_s=33.8
epoch=018 mode=fgsm_random_uniform clean=0.4678 pgd10=0.0000 trigger=0 abandoned=0 train_s=34.0
epoch=019 mode=fgsm_random_uniform clean=0.4308 pgd10=0.0000 trigger=0 abandoned=0 train_s=34.0
epoch=020 mode=fgsm_random_uniform clean=0.5350 pgd10=0.0000 trigger=0 abandoned=0 train_s=34.4
epoch=021 mode=fgsm_random_uniform clean=0.5354 pgd10=0.0000 trigger=0 abandoned=0 train_s=33.9
epoch=022 mode=fgsm_random_uniform clean=0.5166 pgd10=0.0000 trigger=0 abandoned=0 train_s=34.3
epoch=023 mode=fgsm_random_uniform clean=0.5170 pgd10=0.0000 trigger=0 abandoned=0 train_s=33.6
epoch=024 mode=fgsm_random_uniform clean=0.5920 pgd10=0.0000 trigger=0 abandoned=0 train_s=33.8
epoch=025 mode=fgsm_random_uniform clean=0.5736 pgd10=0.0000 trigger=0 abandoned=0 train_s=34.0
epoch=026 mode=fgsm_random_uniform clean=0.6050 pgd10=0.0000 trigger=0 abandoned=0 train_s=33.9
epoch=027 mode=fgsm_random_uniform clean=0.6230 pgd10=0.0000 trigger=0 abandoned=0 train_s=34.6
epoch=028 mode=fgsm_random_uniform clean=0.6566 pgd10=0.0000 trigger=0 abandoned=0 train_s=33.4
epoch=029 mode=fgsm_random_uniform clean=0.6978 pgd10=0.0000 trigger=0 abandoned=0 train_s=34.2
epoch=030 mode=fgsm_random_uniform clean=0.7392 pgd10=0.0000 trigger=0 abandoned=0 train_s=33.7
finish=v4_natural_eps16_seed101 time=2026-09-05T22:21:03.8513643+08:00
start=v4_natural_eps16_seed202 time=2026-09-05T22:21:03.8543705+08:00
epoch=001 mode=fgsm_random_uniform clean=0.3042 pgd10=0.1539 trigger=0 abandoned=0 train_s=34.5
epoch=002 mode=fgsm_random_uniform clean=0.2918 pgd10=0.1570 trigger=0 abandoned=0 train_s=34.2
epoch=003 mode=fgsm_random_uniform clean=0.3796 pgd10=0.1812 trigger=0 abandoned=0 train_s=33.8
epoch=004 mode=fgsm_random_uniform clean=0.4080 pgd10=0.1812 trigger=0 abandoned=0 train_s=33.9
epoch=005 mode=fgsm_random_uniform clean=0.4152 pgd10=0.1859 trigger=0 abandoned=0 train_s=33.9
epoch=006 mode=fgsm_random_uniform clean=0.4284 pgd10=0.1914 trigger=0 abandoned=0 train_s=33.7
epoch=007 mode=fgsm_random_uniform clean=0.4236 pgd10=0.1852 trigger=0 abandoned=0 train_s=34.0
epoch=008 mode=fgsm_random_uniform clean=0.4676 pgd10=0.2047 trigger=0 abandoned=0 train_s=33.9
epoch=009 mode=fgsm_random_uniform clean=0.4638 pgd10=0.2023 trigger=1 abandoned=0 train_s=36.6
epoch=010 mode=fgsm_random_uniform clean=0.5234 pgd10=0.0000 trigger=1 abandoned=0 train_s=35.7
epoch=011 mode=fgsm_random_uniform clean=0.5690 pgd10=0.0000 trigger=0 abandoned=0 train_s=34.2
epoch=012 mode=fgsm_random_uniform clean=0.5956 pgd10=0.0000 trigger=0 abandoned=0 train_s=34.3
epoch=013 mode=fgsm_random_uniform clean=0.5784 pgd10=0.0008 trigger=0 abandoned=0 train_s=33.6
epoch=014 mode=fgsm_random_uniform clean=0.4458 pgd10=0.0000 trigger=0 abandoned=0 train_s=33.9
epoch=015 mode=fgsm_random_uniform clean=0.4198 pgd10=0.0000 trigger=0 abandoned=0 train_s=33.8
epoch=016 mode=fgsm_random_uniform clean=0.4568 pgd10=0.0000 trigger=0 abandoned=0 train_s=33.5
epoch=017 mode=fgsm_random_uniform clean=0.5196 pgd10=0.0000 trigger=0 abandoned=0 train_s=34.0
epoch=018 mode=fgsm_random_uniform clean=0.3750 pgd10=0.0000 trigger=0 abandoned=0 train_s=33.6
epoch=019 mode=fgsm_random_uniform clean=0.2894 pgd10=0.0000 trigger=0 abandoned=0 train_s=33.8
epoch=020 mode=fgsm_random_uniform clean=0.5244 pgd10=0.0000 trigger=0 abandoned=0 train_s=34.0
epoch=021 mode=fgsm_random_uniform clean=0.4492 pgd10=0.0000 trigger=0 abandoned=0 train_s=34.3
epoch=022 mode=fgsm_random_uniform clean=0.3408 pgd10=0.0000 trigger=0 abandoned=0 train_s=34.7
epoch=023 mode=fgsm_random_uniform clean=0.2776 pgd10=0.0000 trigger=0 abandoned=0 train_s=33.9
epoch=024 mode=fgsm_random_uniform clean=0.4914 pgd10=0.0000 trigger=0 abandoned=0 train_s=34.9
epoch=025 mode=fgsm_random_uniform clean=0.5902 pgd10=0.0000 trigger=0 abandoned=0 train_s=34.2
epoch=026 mode=fgsm_random_uniform clean=0.4848 pgd10=0.0000 trigger=0 abandoned=0 train_s=33.7
epoch=027 mode=fgsm_random_uniform clean=0.6532 pgd10=0.0000 trigger=0 abandoned=0 train_s=34.0
epoch=028 mode=fgsm_random_uniform clean=0.6596 pgd10=0.0000 trigger=0 abandoned=0 train_s=33.5
epoch=029 mode=fgsm_random_uniform clean=0.6986 pgd10=0.0000 trigger=0 abandoned=0 train_s=34.5
epoch=030 mode=fgsm_random_uniform clean=0.6720 pgd10=0.0000 trigger=0 abandoned=0 train_s=33.6
finish=v4_natural_eps16_seed202 time=2026-09-05T22:48:45.2450206+08:00
start=v4_natural_eps16_seed303 time=2026-09-05T22:48:45.2500130+08:00
epoch=001 mode=fgsm_random_uniform clean=0.2884 pgd10=0.1648 trigger=0 abandoned=0 train_s=34.1
epoch=002 mode=fgsm_random_uniform clean=0.3148 pgd10=0.1656 trigger=0 abandoned=0 train_s=34.2
epoch=003 mode=fgsm_random_uniform clean=0.3444 pgd10=0.1805 trigger=0 abandoned=0 train_s=33.6
epoch=004 mode=fgsm_random_uniform clean=0.3876 pgd10=0.2086 trigger=0 abandoned=0 train_s=34.0
epoch=005 mode=fgsm_random_uniform clean=0.3630 pgd10=0.1914 trigger=0 abandoned=0 train_s=34.3
epoch=006 mode=fgsm_random_uniform clean=0.3986 pgd10=0.2078 trigger=0 abandoned=0 train_s=34.8
epoch=007 mode=fgsm_random_uniform clean=0.4564 pgd10=0.2141 trigger=0 abandoned=0 train_s=34.4
epoch=008 mode=fgsm_random_uniform clean=0.4902 pgd10=0.2125 trigger=0 abandoned=0 train_s=33.7
epoch=009 mode=fgsm_random_uniform clean=0.5418 pgd10=0.0000 trigger=1 abandoned=0 train_s=37.1
epoch=010 mode=fgsm_random_uniform clean=0.2464 pgd10=0.0000 trigger=0 abandoned=0 train_s=34.2
epoch=011 mode=fgsm_random_uniform clean=0.3086 pgd10=0.0000 trigger=0 abandoned=0 train_s=33.6
epoch=012 mode=fgsm_random_uniform clean=0.3340 pgd10=0.0000 trigger=0 abandoned=0 train_s=33.6
epoch=013 mode=fgsm_random_uniform clean=0.5176 pgd10=0.0000 trigger=0 abandoned=0 train_s=33.9
epoch=014 mode=fgsm_random_uniform clean=0.2208 pgd10=0.0000 trigger=0 abandoned=0 train_s=33.8
epoch=015 mode=fgsm_random_uniform clean=0.4108 pgd10=0.0000 trigger=0 abandoned=0 train_s=34.6
epoch=016 mode=fgsm_random_uniform clean=0.5186 pgd10=0.0000 trigger=0 abandoned=0 train_s=33.8
epoch=017 mode=fgsm_random_uniform clean=0.1598 pgd10=0.0000 trigger=0 abandoned=0 train_s=35.0
epoch=018 mode=fgsm_random_uniform clean=0.1486 pgd10=0.0000 trigger=0 abandoned=0 train_s=34.1
epoch=019 mode=fgsm_random_uniform clean=0.3618 pgd10=0.0000 trigger=0 abandoned=0 train_s=34.1
epoch=020 mode=fgsm_random_uniform clean=0.3036 pgd10=0.0000 trigger=0 abandoned=0 train_s=34.3
epoch=021 mode=fgsm_random_uniform clean=0.2448 pgd10=0.0000 trigger=0 abandoned=0 train_s=34.5
epoch=022 mode=fgsm_random_uniform clean=0.4536 pgd10=0.0000 trigger=0 abandoned=0 train_s=34.5
epoch=023 mode=fgsm_random_uniform clean=0.3704 pgd10=0.0000 trigger=0 abandoned=0 train_s=33.4
epoch=024 mode=fgsm_random_uniform clean=0.5850 pgd10=0.0000 trigger=0 abandoned=0 train_s=34.0
epoch=025 mode=fgsm_random_uniform clean=0.4434 pgd10=0.0000 trigger=0 abandoned=0 train_s=34.6
epoch=026 mode=fgsm_random_uniform clean=0.4380 pgd10=0.0000 trigger=0 abandoned=0 train_s=34.0
epoch=027 mode=fgsm_random_uniform clean=0.4346 pgd10=0.0000 trigger=0 abandoned=0 train_s=34.4
epoch=028 mode=fgsm_random_uniform clean=0.6028 pgd10=0.0000 trigger=0 abandoned=0 train_s=34.0
epoch=029 mode=fgsm_random_uniform clean=0.7492 pgd10=0.0000 trigger=0 abandoned=0 train_s=34.2
epoch=030 mode=fgsm_random_uniform clean=0.7494 pgd10=0.0000 trigger=0 abandoned=0 train_s=34.3
finish=v4_natural_eps16_seed303 time=2026-09-05T23:16:32.8430040+08:00
{
  "standard": {
    "runs": 3,
    "collapse_events": 0,
    "detected_events": 0,
    "alarm_episodes": 0
  },
  "highlr": {
    "runs": 5,
    "collapse_events": 0,
    "detected_events": 0,
    "alarm_episodes": 0
  },
  "eps16": {
    "runs": 3,
    "collapse_events": 3,
    "detected_events": 3,
    "alarm_episodes": 5
  }
}
start=v4_natural_eps16_immediate_seed101 time=2026-09-05T23:16:33.0181038+08:00
epoch=001 mode=fgsm_random_uniform clean=0.2862 pgd10=0.1672 trigger=0 abandoned=0 train_s=33.1
epoch=002 mode=fgsm_random_uniform clean=0.3046 pgd10=0.1820 trigger=0 abandoned=0 train_s=32.8
epoch=003 mode=fgsm_random_uniform clean=0.3588 pgd10=0.1648 trigger=0 abandoned=0 train_s=32.7
epoch=004 mode=fgsm_random_uniform clean=0.4140 pgd10=0.1938 trigger=0 abandoned=0 train_s=32.9
epoch=005 mode=fgsm_random_uniform clean=0.3866 pgd10=0.1875 trigger=0 abandoned=0 train_s=32.4
epoch=006 mode=fgsm_random_uniform clean=0.4256 pgd10=0.2031 trigger=0 abandoned=0 train_s=32.9
epoch=007 mode=fgsm_random_uniform clean=0.4616 pgd10=0.1930 trigger=0 abandoned=0 train_s=32.7
epoch=008 mode=pgd2_after_warning clean=0.4834 pgd10=0.2117 trigger=1 abandoned=40 train_s=55.5
epoch=009 mode=pgd2 clean=0.5200 pgd10=0.1984 trigger=0 abandoned=0 train_s=44.0
epoch=010 mode=pgd2 clean=0.5170 pgd10=0.2109 trigger=0 abandoned=0 train_s=43.3
epoch=011 mode=pgd2 clean=0.5108 pgd10=0.2055 trigger=0 abandoned=0 train_s=43.9
epoch=012 mode=pgd2 clean=0.4896 pgd10=0.2125 trigger=0 abandoned=0 train_s=43.7
epoch=013 mode=pgd2 clean=0.5286 pgd10=0.1852 trigger=0 abandoned=0 train_s=43.4
epoch=014 mode=pgd2 clean=0.4958 pgd10=0.2227 trigger=0 abandoned=0 train_s=43.7
epoch=015 mode=pgd2 clean=0.5018 pgd10=0.2227 trigger=0 abandoned=0 train_s=43.5
epoch=016 mode=pgd2 clean=0.5182 pgd10=0.2109 trigger=0 abandoned=0 train_s=43.5
epoch=017 mode=pgd2 clean=0.5480 pgd10=0.2289 trigger=0 abandoned=0 train_s=43.6
epoch=018 mode=pgd2 clean=0.5616 pgd10=0.2078 trigger=0 abandoned=0 train_s=43.6
epoch=019 mode=pgd2 clean=0.5536 pgd10=0.2352 trigger=0 abandoned=0 train_s=43.7
epoch=020 mode=pgd2 clean=0.5546 pgd10=0.2062 trigger=0 abandoned=0 train_s=43.6
epoch=021 mode=pgd2 clean=0.5998 pgd10=0.2297 trigger=0 abandoned=0 train_s=43.3
epoch=022 mode=pgd2 clean=0.5894 pgd10=0.2398 trigger=0 abandoned=0 train_s=43.7
epoch=023 mode=pgd2 clean=0.5828 pgd10=0.2383 trigger=0 abandoned=0 train_s=43.5
epoch=024 mode=pgd2 clean=0.6260 pgd10=0.2406 trigger=0 abandoned=0 train_s=43.5
epoch=025 mode=pgd2 clean=0.6412 pgd10=0.2336 trigger=0 abandoned=0 train_s=44.3
epoch=026 mode=pgd2 clean=0.6272 pgd10=0.2664 trigger=0 abandoned=0 train_s=43.8
epoch=027 mode=pgd2 clean=0.6716 pgd10=0.2570 trigger=0 abandoned=0 train_s=43.8
epoch=028 mode=pgd2 clean=0.6792 pgd10=0.2461 trigger=0 abandoned=0 train_s=43.7
epoch=029 mode=pgd2 clean=0.6930 pgd10=0.2484 trigger=0 abandoned=0 train_s=43.3
epoch=030 mode=pgd2 clean=0.7122 pgd10=0.2555 trigger=0 abandoned=0 train_s=44.3
finish=v4_natural_eps16_immediate_seed101 time=2026-09-05T23:47:53.0650504+08:00
start=v4_natural_eps16_immediate_seed202 time=2026-09-05T23:47:53.0680502+08:00
epoch=001 mode=fgsm_random_uniform clean=0.3042 pgd10=0.1539 trigger=0 abandoned=0 train_s=33.4
epoch=002 mode=fgsm_random_uniform clean=0.2918 pgd10=0.1570 trigger=0 abandoned=0 train_s=32.5
epoch=003 mode=fgsm_random_uniform clean=0.3796 pgd10=0.1812 trigger=0 abandoned=0 train_s=32.9
epoch=004 mode=fgsm_random_uniform clean=0.4080 pgd10=0.1812 trigger=0 abandoned=0 train_s=32.7
epoch=005 mode=fgsm_random_uniform clean=0.4152 pgd10=0.1859 trigger=0 abandoned=0 train_s=32.6
epoch=006 mode=fgsm_random_uniform clean=0.4284 pgd10=0.1914 trigger=0 abandoned=0 train_s=32.6
epoch=007 mode=fgsm_random_uniform clean=0.4236 pgd10=0.1852 trigger=0 abandoned=0 train_s=33.1
epoch=008 mode=fgsm_random_uniform clean=0.4676 pgd10=0.2047 trigger=0 abandoned=0 train_s=33.2
epoch=009 mode=pgd2_after_warning clean=0.4802 pgd10=0.2125 trigger=1 abandoned=20 train_s=52.6
epoch=010 mode=pgd2 clean=0.4876 pgd10=0.2227 trigger=0 abandoned=0 train_s=43.2
epoch=011 mode=pgd2 clean=0.5346 pgd10=0.1984 trigger=0 abandoned=0 train_s=43.2
epoch=012 mode=pgd2 clean=0.5216 pgd10=0.2141 trigger=0 abandoned=0 train_s=43.5
epoch=013 mode=pgd2 clean=0.5124 pgd10=0.2164 trigger=0 abandoned=0 train_s=43.7
epoch=014 mode=pgd2 clean=0.5008 pgd10=0.2180 trigger=0 abandoned=0 train_s=43.7
epoch=015 mode=pgd2 clean=0.5562 pgd10=0.2016 trigger=0 abandoned=0 train_s=43.5
epoch=016 mode=pgd2 clean=0.4858 pgd10=0.2258 trigger=0 abandoned=0 train_s=43.5
epoch=017 mode=pgd2 clean=0.5860 pgd10=0.2242 trigger=0 abandoned=0 train_s=43.5
epoch=018 mode=pgd2 clean=0.5532 pgd10=0.1805 trigger=0 abandoned=0 train_s=43.5
epoch=019 mode=pgd2 clean=0.5560 pgd10=0.2211 trigger=0 abandoned=0 train_s=44.4
epoch=020 mode=pgd2 clean=0.5620 pgd10=0.2164 trigger=0 abandoned=0 train_s=43.2
epoch=021 mode=pgd2 clean=0.5610 pgd10=0.2227 trigger=0 abandoned=0 train_s=43.3
epoch=022 mode=pgd2 clean=0.5884 pgd10=0.2172 trigger=0 abandoned=0 train_s=43.5
epoch=023 mode=pgd2 clean=0.5722 pgd10=0.2344 trigger=0 abandoned=0 train_s=43.4
epoch=024 mode=pgd2 clean=0.5992 pgd10=0.2258 trigger=0 abandoned=0 train_s=44.2
epoch=025 mode=pgd2 clean=0.6212 pgd10=0.2477 trigger=0 abandoned=0 train_s=43.6
epoch=026 mode=pgd2 clean=0.6494 pgd10=0.2437 trigger=0 abandoned=0 train_s=43.5
epoch=027 mode=pgd2 clean=0.6596 pgd10=0.2586 trigger=0 abandoned=0 train_s=43.6
epoch=028 mode=pgd2 clean=0.6668 pgd10=0.2422 trigger=0 abandoned=0 train_s=43.6
epoch=029 mode=pgd2 clean=0.6958 pgd10=0.2641 trigger=0 abandoned=0 train_s=44.2
epoch=030 mode=pgd2 clean=0.7056 pgd10=0.2680 trigger=0 abandoned=0 train_s=43.4
finish=v4_natural_eps16_immediate_seed202 time=2026-09-06T00:18:59.0419859+08:00
start=v4_natural_eps16_immediate_seed303 time=2026-09-06T00:18:59.0449859+08:00
epoch=001 mode=fgsm_random_uniform clean=0.2884 pgd10=0.1648 trigger=0 abandoned=0 train_s=32.9
epoch=002 mode=fgsm_random_uniform clean=0.3148 pgd10=0.1656 trigger=0 abandoned=0 train_s=32.4
epoch=003 mode=fgsm_random_uniform clean=0.3444 pgd10=0.1805 trigger=0 abandoned=0 train_s=32.4
epoch=004 mode=fgsm_random_uniform clean=0.3876 pgd10=0.2086 trigger=0 abandoned=0 train_s=33.3
epoch=005 mode=fgsm_random_uniform clean=0.3630 pgd10=0.1914 trigger=0 abandoned=0 train_s=32.8
epoch=006 mode=fgsm_random_uniform clean=0.3986 pgd10=0.2078 trigger=0 abandoned=0 train_s=32.8
epoch=007 mode=fgsm_random_uniform clean=0.4564 pgd10=0.2141 trigger=0 abandoned=0 train_s=33.0
epoch=008 mode=fgsm_random_uniform clean=0.4902 pgd10=0.2125 trigger=0 abandoned=0 train_s=32.7
epoch=009 mode=pgd2_after_warning clean=0.4906 pgd10=0.2188 trigger=1 abandoned=80 train_s=56.8
epoch=010 mode=pgd2 clean=0.5322 pgd10=0.2164 trigger=0 abandoned=0 train_s=43.6
epoch=011 mode=pgd2 clean=0.5178 pgd10=0.2203 trigger=0 abandoned=0 train_s=43.3
epoch=012 mode=pgd2 clean=0.5128 pgd10=0.2125 trigger=0 abandoned=0 train_s=43.8
epoch=013 mode=pgd2 clean=0.5262 pgd10=0.2164 trigger=0 abandoned=0 train_s=43.3
epoch=014 mode=pgd2 clean=0.5682 pgd10=0.2164 trigger=0 abandoned=0 train_s=43.4
epoch=015 mode=pgd2 clean=0.5162 pgd10=0.2180 trigger=0 abandoned=0 train_s=43.5
epoch=016 mode=pgd2 clean=0.5334 pgd10=0.2164 trigger=0 abandoned=0 train_s=43.7
epoch=017 mode=pgd2 clean=0.5694 pgd10=0.2422 trigger=0 abandoned=0 train_s=43.9
epoch=018 mode=pgd2 clean=0.5416 pgd10=0.2453 trigger=0 abandoned=0 train_s=43.3
epoch=019 mode=pgd2 clean=0.5828 pgd10=0.2188 trigger=0 abandoned=0 train_s=43.6
epoch=020 mode=pgd2 clean=0.5878 pgd10=0.2219 trigger=0 abandoned=0 train_s=43.2
epoch=021 mode=pgd2 clean=0.5730 pgd10=0.2383 trigger=0 abandoned=0 train_s=43.5
epoch=022 mode=pgd2 clean=0.5900 pgd10=0.2414 trigger=0 abandoned=0 train_s=43.6
epoch=023 mode=pgd2 clean=0.5916 pgd10=0.2375 trigger=0 abandoned=0 train_s=43.8
epoch=024 mode=pgd2 clean=0.6326 pgd10=0.2484 trigger=0 abandoned=0 train_s=43.8
epoch=025 mode=pgd2 clean=0.6300 pgd10=0.2437 trigger=0 abandoned=0 train_s=43.3
epoch=026 mode=pgd2 clean=0.6450 pgd10=0.2469 trigger=0 abandoned=0 train_s=43.4
epoch=027 mode=pgd2 clean=0.6676 pgd10=0.2664 trigger=0 abandoned=0 train_s=43.4
epoch=028 mode=pgd2 clean=0.6782 pgd10=0.2531 trigger=0 abandoned=0 train_s=43.5
epoch=029 mode=pgd2 clean=0.6826 pgd10=0.2703 trigger=0 abandoned=0 train_s=43.5
epoch=030 mode=pgd2 clean=0.7136 pgd10=0.2711 trigger=0 abandoned=0 train_s=43.7
finish=v4_natural_eps16_immediate_seed303 time=2026-09-06T00:50:03.6020204+08:00
{
  "standard": {
    "runs": 3,
    "collapse_events": 0,
    "detected_events": 0,
    "alarm_episodes": 0
  },
  "highlr": {
    "runs": 5,
    "collapse_events": 0,
    "detected_events": 0,
    "alarm_episodes": 0
  },
  "eps16": {
    "runs": 3,
    "collapse_events": 3,
    "detected_events": 3,
    "alarm_episodes": 5
  }
}
