Created state in outputs_publication\v3_fastadvplus_seed101\official_autoattack_1000_state.json
using standard version including apgd-ce, apgd-t, fab-t, square.
initial accuracy: 83.40%
apgd-ce - 1/7 - 57 out of 128 successfully perturbed
apgd-ce - 2/7 - 60 out of 128 successfully perturbed
apgd-ce - 3/7 - 70 out of 128 successfully perturbed
apgd-ce - 4/7 - 54 out of 128 successfully perturbed
apgd-ce - 5/7 - 64 out of 128 successfully perturbed
apgd-ce - 6/7 - 52 out of 128 successfully perturbed
apgd-ce - 7/7 - 28 out of 66 successfully perturbed
robust accuracy after APGD-CE: 44.90% (total time 24.7 s)
apgd-t - 1/4 - 10 out of 128 successfully perturbed
apgd-t - 2/4 - 0 out of 128 successfully perturbed
apgd-t - 3/4 - 9 out of 128 successfully perturbed
apgd-t - 4/4 - 6 out of 65 successfully perturbed
robust accuracy after APGD-T: 42.40% (total time 146.9 s)
fab-t - 1/4 - 0 out of 128 successfully perturbed
fab-t - 2/4 - 0 out of 128 successfully perturbed
fab-t - 3/4 - 0 out of 128 successfully perturbed
fab-t - 4/4 - 0 out of 40 successfully perturbed
robust accuracy after FAB-T: 42.40% (total time 404.7 s)
square - 1/4 - 0 out of 128 successfully perturbed
square - 2/4 - 0 out of 128 successfully perturbed
square - 3/4 - 0 out of 128 successfully perturbed
square - 4/4 - 0 out of 40 successfully perturbed
robust accuracy after SQUARE: 42.40% (total time 724.5 s)
max Linf perturbation: 0.03137, nan in tensor: 0, max: 1.00000, min: 0.00000
robust accuracy: 42.40%
