Created state in outputs_publication\pgd10_preact_seed17\official_autoattack_1000_state.json
using standard version including apgd-ce, apgd-t, fab-t, square.
initial accuracy: 83.00%
apgd-ce - 1/7 - 52 out of 128 successfully perturbed
apgd-ce - 2/7 - 50 out of 128 successfully perturbed
apgd-ce - 3/7 - 58 out of 128 successfully perturbed
apgd-ce - 4/7 - 43 out of 128 successfully perturbed
apgd-ce - 5/7 - 53 out of 128 successfully perturbed
apgd-ce - 6/7 - 39 out of 128 successfully perturbed
apgd-ce - 7/7 - 22 out of 62 successfully perturbed
robust accuracy after APGD-CE: 51.30% (total time 24.0 s)
apgd-t - 1/5 - 8 out of 128 successfully perturbed
apgd-t - 2/5 - 1 out of 128 successfully perturbed
apgd-t - 3/5 - 5 out of 128 successfully perturbed
apgd-t - 4/5 - 12 out of 128 successfully perturbed
apgd-t - 5/5 - 0 out of 1 successfully perturbed
robust accuracy after APGD-T: 48.70% (total time 160.0 s)
fab-t - 1/4 - 0 out of 128 successfully perturbed
fab-t - 2/4 - 0 out of 128 successfully perturbed
fab-t - 3/4 - 0 out of 128 successfully perturbed
fab-t - 4/4 - 0 out of 103 successfully perturbed
robust accuracy after FAB-T: 48.70% (total time 424.2 s)
square - 1/4 - 0 out of 128 successfully perturbed
square - 2/4 - 0 out of 128 successfully perturbed
square - 3/4 - 0 out of 128 successfully perturbed
square - 4/4 - 0 out of 103 successfully perturbed
robust accuracy after SQUARE: 48.70% (total time 758.1 s)
max Linf perturbation: 0.03137, nan in tensor: 0, max: 1.00000, min: 0.00000
robust accuracy: 48.70%
