starting_run=dev_collapse_full_zero_eps8_lr03_seed42
started_at=2026-09-03T09:08:13.1918208+08:00
epoch=001 loss=2.2151 clean=0.3504 pgd10=0.2586 diag_cos=0.9796 diag_disagree=0.0039 free_cos=0.7028 train_s=39.7 diag_s=7.6 pgd_s=11.1
epoch=002 loss=1.9884 clean=0.4052 pgd10=0.2672 diag_cos=0.9788 diag_disagree=0.0078 free_cos=0.9026 train_s=37.5 diag_s=7.6 pgd_s=11.0
epoch=003 loss=1.9110 clean=0.4332 pgd10=0.2727 diag_cos=0.9763 diag_disagree=0.0117 free_cos=0.9011 train_s=37.2 diag_s=7.8 pgd_s=11.0
epoch=004 loss=1.8316 clean=0.4576 pgd10=0.2859 diag_cos=0.9746 diag_disagree=0.0195 free_cos=0.8856 train_s=37.5 diag_s=8.0 pgd_s=11.7
epoch=005 loss=1.7656 clean=0.5328 pgd10=0.3258 diag_cos=0.9669 diag_disagree=0.0156 free_cos=0.8719 train_s=38.0 diag_s=8.4 pgd_s=12.7
epoch=006 loss=1.7133 clean=0.5700 pgd10=0.3438 diag_cos=0.9642 diag_disagree=0.0117 free_cos=0.8573 train_s=37.6 diag_s=7.8 pgd_s=11.2
epoch=007 loss=1.6662 clean=0.5642 pgd10=0.3367 diag_cos=0.9573 diag_disagree=0.0078 free_cos=0.8431 train_s=37.5 diag_s=7.5 pgd_s=11.1
epoch=008 loss=1.6469 clean=0.6228 pgd10=0.3484 diag_cos=0.9595 diag_disagree=0.0039 free_cos=0.8311 train_s=37.2 diag_s=7.6 pgd_s=11.4
epoch=009 loss=1.6226 clean=0.5990 pgd10=0.3500 diag_cos=0.9583 diag_disagree=0.0078 free_cos=0.8200 train_s=37.4 diag_s=8.0 pgd_s=11.5
epoch=010 loss=1.6168 clean=0.5978 pgd10=0.3500 diag_cos=0.9541 diag_disagree=0.0156 free_cos=0.8097 train_s=37.4 diag_s=7.6 pgd_s=11.6
epoch=011 loss=1.6208 clean=0.5972 pgd10=0.3422 diag_cos=0.9234 diag_disagree=0.0117 free_cos=0.8070 train_s=37.5 diag_s=8.0 pgd_s=11.3
epoch=012 loss=1.6148 clean=0.5470 pgd10=0.3273 diag_cos=0.9106 diag_disagree=0.0117 free_cos=0.8017 train_s=37.8 diag_s=7.8 pgd_s=11.0
epoch=013 loss=1.6212 clean=0.6210 pgd10=0.3742 diag_cos=0.9400 diag_disagree=0.0078 free_cos=0.7987 train_s=37.3 diag_s=7.6 pgd_s=11.0
epoch=014 loss=1.6297 clean=0.6302 pgd10=0.3516 diag_cos=0.9317 diag_disagree=0.0156 free_cos=0.7991 train_s=37.1 diag_s=7.5 pgd_s=11.2
epoch=015 loss=1.6280 clean=0.6090 pgd10=0.3266 diag_cos=0.9422 diag_disagree=0.0117 free_cos=0.7974 train_s=37.4 diag_s=7.6 pgd_s=11.0
epoch=016 loss=1.6302 clean=0.5256 pgd10=0.2883 diag_cos=0.9528 diag_disagree=0.0117 free_cos=0.7961 train_s=37.1 diag_s=8.0 pgd_s=11.5
epoch=017 loss=1.6015 clean=0.6382 pgd10=0.3672 diag_cos=0.9296 diag_disagree=0.0117 free_cos=0.7875 train_s=38.2 diag_s=8.0 pgd_s=11.1
epoch=018 loss=1.5818 clean=0.5896 pgd10=0.3461 diag_cos=0.8790 diag_disagree=0.0039 free_cos=0.7767 train_s=37.4 diag_s=7.8 pgd_s=11.1
epoch=019 loss=1.2249 clean=0.6808 pgd10=0.0125 diag_cos=0.1057 diag_disagree=0.1016 free_cos=0.2647 train_s=37.2 diag_s=7.4 pgd_s=11.0
epoch=020 loss=0.8259 clean=0.7072 pgd10=0.0000 diag_cos=0.0490 diag_disagree=0.1875 free_cos=0.0156 train_s=37.2 diag_s=8.2 pgd_s=11.7
epoch=021 loss=0.6396 clean=0.7020 pgd10=0.0000 diag_cos=0.0543 diag_disagree=0.2109 free_cos=0.0051 train_s=37.4 diag_s=7.8 pgd_s=11.3
epoch=022 loss=0.6348 clean=0.7134 pgd10=0.0008 diag_cos=0.0547 diag_disagree=0.1094 free_cos=-0.0122 train_s=37.1 diag_s=8.2 pgd_s=11.3
epoch=023 loss=0.5964 clean=0.5514 pgd10=0.0055 diag_cos=0.0501 diag_disagree=0.1875 free_cos=-0.0122 train_s=37.2 diag_s=7.6 pgd_s=11.1
epoch=024 loss=0.4418 clean=0.7418 pgd10=0.0008 diag_cos=0.0508 diag_disagree=0.1758 free_cos=-0.0196 train_s=37.1 diag_s=7.4 pgd_s=11.2
epoch=025 loss=0.3785 clean=0.7502 pgd10=0.0000 diag_cos=0.0315 diag_disagree=0.2734 free_cos=-0.0213 train_s=37.2 diag_s=7.6 pgd_s=11.0
epoch=026 loss=0.3085 clean=0.7700 pgd10=0.0000 diag_cos=0.0195 diag_disagree=0.1758 free_cos=-0.0155 train_s=37.0 diag_s=8.2 pgd_s=11.2
epoch=027 loss=0.2564 clean=0.6786 pgd10=0.0000 diag_cos=0.0157 diag_disagree=0.1562 free_cos=-0.0127 train_s=37.3 diag_s=8.0 pgd_s=11.4
epoch=028 loss=0.2429 clean=0.8110 pgd10=0.0000 diag_cos=0.0238 diag_disagree=0.1094 free_cos=-0.0089 train_s=37.6 diag_s=7.8 pgd_s=11.2
epoch=029 loss=0.1798 clean=0.8124 pgd10=0.0000 diag_cos=0.0183 diag_disagree=0.0469 free_cos=0.0011 train_s=37.2 diag_s=7.7 pgd_s=11.2
epoch=030 loss=0.1122 clean=0.8538 pgd10=0.0000 diag_cos=0.0250 diag_disagree=0.0625 free_cos=0.0053 train_s=37.2 diag_s=7.7 pgd_s=11.1
starting_analysis=E:\人工智能导论论文\publication\forecast_analysis\collapse_full_zero_eps8_lr03_seed42
runs=1 features=9 mode=describe
output=E:\人工智能导论论文\publication\forecast_analysis\collapse_full_zero_eps8_lr03_seed42
completed_at=2026-09-03T09:40:52.9954586+08:00
