starting_run=dev_collapse_full_zero_eps8_lr03_seed23
started_at=2026-09-03T07:28:37.3940878+08:00
epoch=001 loss=2.2200 clean=0.3466 pgd10=0.2305 diag_cos=0.9817 diag_disagree=0.0156 free_cos=0.7132 train_s=38.5 diag_s=8.0 pgd_s=11.5
epoch=002 loss=1.9920 clean=0.3852 pgd10=0.2391 diag_cos=0.9773 diag_disagree=0.0078 free_cos=0.9014 train_s=37.3 diag_s=8.0 pgd_s=11.1
epoch=003 loss=1.9133 clean=0.4548 pgd10=0.2805 diag_cos=0.9776 diag_disagree=0.0000 free_cos=0.8982 train_s=37.3 diag_s=8.3 pgd_s=11.8
epoch=004 loss=1.8325 clean=0.5032 pgd10=0.2969 diag_cos=0.9716 diag_disagree=0.0117 free_cos=0.8844 train_s=37.9 diag_s=7.8 pgd_s=11.4
epoch=005 loss=1.7606 clean=0.4944 pgd10=0.3109 diag_cos=0.9682 diag_disagree=0.0039 free_cos=0.8689 train_s=37.1 diag_s=7.8 pgd_s=11.1
epoch=006 loss=1.7081 clean=0.5692 pgd10=0.3297 diag_cos=0.9539 diag_disagree=0.0195 free_cos=0.8565 train_s=37.1 diag_s=7.6 pgd_s=11.0
epoch=007 loss=1.6716 clean=0.5590 pgd10=0.3344 diag_cos=0.9504 diag_disagree=0.0195 free_cos=0.8413 train_s=37.0 diag_s=7.8 pgd_s=11.2
epoch=008 loss=1.6415 clean=0.5372 pgd10=0.3383 diag_cos=0.9502 diag_disagree=0.0078 free_cos=0.8295 train_s=37.2 diag_s=7.8 pgd_s=11.3
epoch=009 loss=1.6268 clean=0.6122 pgd10=0.3367 diag_cos=0.9350 diag_disagree=0.0195 free_cos=0.8169 train_s=37.7 diag_s=7.8 pgd_s=11.0
epoch=010 loss=1.6151 clean=0.5772 pgd10=0.3312 diag_cos=0.9511 diag_disagree=0.0117 free_cos=0.8071 train_s=37.2 diag_s=7.5 pgd_s=10.9
epoch=011 loss=1.6189 clean=0.5730 pgd10=0.3508 diag_cos=0.9055 diag_disagree=0.0078 free_cos=0.8029 train_s=37.1 diag_s=7.6 pgd_s=11.0
epoch=012 loss=1.6199 clean=0.5986 pgd10=0.3312 diag_cos=0.9424 diag_disagree=0.0078 free_cos=0.7999 train_s=36.8 diag_s=7.5 pgd_s=11.2
epoch=013 loss=1.6199 clean=0.5734 pgd10=0.3391 diag_cos=0.9117 diag_disagree=0.0078 free_cos=0.7966 train_s=37.2 diag_s=7.8 pgd_s=11.2
epoch=014 loss=1.6201 clean=0.5738 pgd10=0.3312 diag_cos=0.9496 diag_disagree=0.0195 free_cos=0.7937 train_s=37.1 diag_s=7.8 pgd_s=11.1
epoch=015 loss=1.6267 clean=0.6138 pgd10=0.3555 diag_cos=0.9584 diag_disagree=0.0117 free_cos=0.7939 train_s=37.5 diag_s=7.6 pgd_s=11.2
epoch=016 loss=1.6231 clean=0.5872 pgd10=0.3734 diag_cos=0.9239 diag_disagree=0.0234 free_cos=0.7951 train_s=37.1 diag_s=7.6 pgd_s=11.0
epoch=017 loss=1.6070 clean=0.6426 pgd10=0.3828 diag_cos=0.9190 diag_disagree=0.0078 free_cos=0.7883 train_s=36.9 diag_s=7.6 pgd_s=11.1
epoch=018 loss=1.5818 clean=0.6198 pgd10=0.3563 diag_cos=0.9102 diag_disagree=0.0117 free_cos=0.7739 train_s=37.2 diag_s=8.0 pgd_s=11.2
epoch=019 loss=1.5551 clean=0.5900 pgd10=0.3836 diag_cos=0.9625 diag_disagree=0.0039 free_cos=0.6950 train_s=37.1 diag_s=7.8 pgd_s=11.2
epoch=020 loss=1.5565 clean=0.6708 pgd10=0.3984 diag_cos=0.9555 diag_disagree=0.0156 free_cos=0.7811 train_s=37.2 diag_s=7.8 pgd_s=11.6
epoch=021 loss=1.5262 clean=0.6558 pgd10=0.3758 diag_cos=0.9532 diag_disagree=0.0039 free_cos=0.7729 train_s=37.2 diag_s=7.8 pgd_s=11.1
epoch=022 loss=1.5010 clean=0.6806 pgd10=0.4078 diag_cos=0.9002 diag_disagree=0.0039 free_cos=0.7599 train_s=37.2 diag_s=7.5 pgd_s=11.1
epoch=023 loss=1.3711 clean=0.3792 pgd10=0.0000 diag_cos=0.0255 diag_disagree=0.1797 free_cos=0.5977 train_s=37.1 diag_s=7.6 pgd_s=11.0
epoch=024 loss=0.7130 clean=0.6116 pgd10=0.0000 diag_cos=0.0377 diag_disagree=0.3164 free_cos=0.0266 train_s=36.9 diag_s=7.4 pgd_s=11.2
epoch=025 loss=0.3986 clean=0.6998 pgd10=0.0000 diag_cos=0.0482 diag_disagree=0.1797 free_cos=nan train_s=37.2 diag_s=8.0 pgd_s=11.6
epoch=026 loss=0.3582 clean=0.6820 pgd10=0.0000 diag_cos=0.0529 diag_disagree=0.1562 free_cos=nan train_s=37.3 diag_s=7.8 pgd_s=11.2
epoch=027 loss=0.2918 clean=0.7750 pgd10=0.0000 diag_cos=0.0643 diag_disagree=0.2891 free_cos=0.0208 train_s=37.3 diag_s=7.8 pgd_s=11.2
epoch=028 loss=0.2303 clean=0.7544 pgd10=0.0000 diag_cos=0.0446 diag_disagree=0.0586 free_cos=0.0138 train_s=37.3 diag_s=7.6 pgd_s=11.2
epoch=029 loss=0.1643 clean=0.8282 pgd10=0.0000 diag_cos=0.0447 diag_disagree=0.0781 free_cos=0.0102 train_s=37.1 diag_s=7.4 pgd_s=11.0
epoch=030 loss=0.1222 clean=0.8458 pgd10=0.0000 diag_cos=0.0487 diag_disagree=0.0586 free_cos=0.0113 train_s=37.2 diag_s=7.7 pgd_s=11.0
starting_analysis=E:\人工智能导论论文\publication\forecast_analysis\collapse_full_zero_eps8_lr03_seed23
runs=1 features=9 mode=describe
output=E:\人工智能导论论文\publication\forecast_analysis\collapse_full_zero_eps8_lr03_seed23
completed_at=2026-09-03T08:01:04.9116900+08:00
