SKIP_COMPLETE v6_heldout_immediate_switch_seed303
START v6_heldout_immediate_switch_seed404
epoch=001 mode=fgsm_zero clean=0.3196 pgd10=0.2398 trigger=0 abandoned=0 train_s=35.0
epoch=002 mode=fgsm_zero clean=0.3866 pgd10=0.2289 trigger=0 abandoned=0 train_s=32.5
epoch=003 mode=fgsm_zero clean=0.4742 pgd10=0.2906 trigger=0 abandoned=0 train_s=32.5
epoch=004 mode=fgsm_zero clean=0.4872 pgd10=0.3039 trigger=0 abandoned=0 train_s=32.9
epoch=005 mode=fgsm_zero clean=0.4976 pgd10=0.3117 trigger=0 abandoned=0 train_s=32.7
epoch=006 mode=fgsm_zero clean=0.5342 pgd10=0.3078 trigger=0 abandoned=0 train_s=33.3
epoch=007 mode=fgsm_zero clean=0.5654 pgd10=0.3547 trigger=0 abandoned=0 train_s=33.5
epoch=008 mode=fgsm_zero clean=0.6136 pgd10=0.3539 trigger=0 abandoned=0 train_s=33.0
epoch=009 mode=fgsm_zero clean=0.5854 pgd10=0.3328 trigger=0 abandoned=0 train_s=32.8
epoch=010 mode=fgsm_zero clean=0.5674 pgd10=0.3367 trigger=0 abandoned=0 train_s=33.0
epoch=011 mode=fgsm_zero clean=0.5994 pgd10=0.3281 trigger=0 abandoned=0 train_s=32.7
epoch=012 mode=fgsm_zero clean=0.6064 pgd10=0.3438 trigger=0 abandoned=0 train_s=34.1
epoch=013 mode=fgsm_zero clean=0.6098 pgd10=0.3180 trigger=0 abandoned=0 train_s=33.7
epoch=014 mode=fgsm_zero clean=0.5516 pgd10=0.3195 trigger=0 abandoned=0 train_s=33.1
epoch=015 mode=fgsm_zero clean=0.5552 pgd10=0.3516 trigger=0 abandoned=0 train_s=32.4
epoch=016 mode=fgsm_zero clean=0.5900 pgd10=0.3438 trigger=0 abandoned=0 train_s=32.8
epoch=017 mode=fgsm_zero clean=0.6236 pgd10=0.3563 trigger=0 abandoned=0 train_s=32.5
epoch=018 mode=fgsm_zero clean=0.6286 pgd10=0.3617 trigger=0 abandoned=0 train_s=33.0
epoch=019 mode=fgsm_zero clean=0.6214 pgd10=0.3195 trigger=0 abandoned=0 train_s=33.5
epoch=020 mode=fgsm_zero clean=0.6580 pgd10=0.3789 trigger=0 abandoned=0 train_s=33.2
epoch=021 mode=fgsm_zero clean=0.6544 pgd10=0.3695 trigger=0 abandoned=0 train_s=34.0
epoch=022 mode=fgsm_then_pgd2_same_epoch_no_replay clean=0.6810 pgd10=0.3438 trigger=1 abandoned=0 train_s=34.4
epoch=023 mode=pgd2 clean=0.7098 pgd10=0.3750 trigger=0 abandoned=0 train_s=43.5
epoch=024 mode=pgd2 clean=0.7120 pgd10=0.3422 trigger=0 abandoned=0 train_s=43.5
epoch=025 mode=pgd2 clean=0.7364 pgd10=0.3781 trigger=0 abandoned=0 train_s=43.8
epoch=026 mode=pgd2 clean=0.7616 pgd10=0.4188 trigger=0 abandoned=0 train_s=44.3
epoch=027 mode=pgd2 clean=0.7752 pgd10=0.4469 trigger=0 abandoned=0 train_s=44.0
epoch=028 mode=pgd2 clean=0.8006 pgd10=0.4531 trigger=0 abandoned=0 train_s=43.7
epoch=029 mode=pgd2 clean=0.8118 pgd10=0.4539 trigger=0 abandoned=0 train_s=43.7
epoch=030 mode=pgd2 clean=0.8350 pgd10=0.4922 trigger=0 abandoned=0 train_s=44.7
COMPLETE v6_heldout_immediate_switch_seed404
START v6_heldout_immediate_switch_seed505
epoch=001 mode=fgsm_zero clean=0.3360 pgd10=0.2172 trigger=0 abandoned=0 train_s=34.8
epoch=002 mode=fgsm_zero clean=0.4240 pgd10=0.2789 trigger=0 abandoned=0 train_s=33.0
epoch=003 mode=fgsm_zero clean=0.4578 pgd10=0.2742 trigger=0 abandoned=0 train_s=33.3
epoch=004 mode=fgsm_zero clean=0.4778 pgd10=0.3039 trigger=0 abandoned=0 train_s=33.1
epoch=005 mode=fgsm_zero clean=0.5298 pgd10=0.3203 trigger=0 abandoned=0 train_s=33.3
epoch=006 mode=fgsm_zero clean=0.5600 pgd10=0.3172 trigger=0 abandoned=0 train_s=33.9
epoch=007 mode=fgsm_zero clean=0.5728 pgd10=0.3266 trigger=0 abandoned=0 train_s=34.2
epoch=008 mode=fgsm_zero clean=0.5390 pgd10=0.3047 trigger=0 abandoned=0 train_s=34.5
epoch=009 mode=fgsm_zero clean=0.5692 pgd10=0.3547 trigger=0 abandoned=0 train_s=33.0
epoch=010 mode=fgsm_zero clean=0.5752 pgd10=0.3539 trigger=0 abandoned=0 train_s=32.7
epoch=011 mode=fgsm_zero clean=0.5652 pgd10=0.3500 trigger=0 abandoned=0 train_s=33.0
epoch=012 mode=fgsm_zero clean=0.5684 pgd10=0.3211 trigger=0 abandoned=0 train_s=32.9
epoch=013 mode=fgsm_zero clean=0.6092 pgd10=0.3453 trigger=0 abandoned=0 train_s=33.0
epoch=014 mode=fgsm_zero clean=0.5756 pgd10=0.3164 trigger=0 abandoned=0 train_s=33.0
epoch=015 mode=fgsm_zero clean=0.5688 pgd10=0.3023 trigger=0 abandoned=0 train_s=33.0
epoch=016 mode=fgsm_zero clean=0.5896 pgd10=0.3289 trigger=0 abandoned=0 train_s=32.6
epoch=017 mode=fgsm_zero clean=0.5762 pgd10=0.3500 trigger=0 abandoned=0 train_s=32.7
epoch=018 mode=fgsm_zero clean=0.5928 pgd10=0.3516 trigger=0 abandoned=0 train_s=32.8
epoch=019 mode=fgsm_zero clean=0.6084 pgd10=0.3375 trigger=0 abandoned=0 train_s=32.7
epoch=020 mode=fgsm_then_pgd2_same_epoch_no_replay clean=0.6344 pgd10=0.3336 trigger=1 abandoned=0 train_s=35.8
epoch=021 mode=pgd2 clean=0.6834 pgd10=0.3836 trigger=0 abandoned=0 train_s=44.1
epoch=022 mode=pgd2 clean=0.6934 pgd10=0.3820 trigger=0 abandoned=0 train_s=44.8
epoch=023 mode=pgd2 clean=0.7086 pgd10=0.3570 trigger=0 abandoned=0 train_s=44.1
epoch=024 mode=pgd2 clean=0.7046 pgd10=0.3602 trigger=0 abandoned=0 train_s=43.9
epoch=025 mode=pgd2 clean=0.7250 pgd10=0.3906 trigger=0 abandoned=0 train_s=43.8
epoch=026 mode=pgd2 clean=0.7378 pgd10=0.3937 trigger=0 abandoned=0 train_s=44.4
epoch=027 mode=pgd2 clean=0.7796 pgd10=0.4242 trigger=0 abandoned=0 train_s=44.0
epoch=028 mode=pgd2 clean=0.7836 pgd10=0.4250 trigger=0 abandoned=0 train_s=43.5
epoch=029 mode=pgd2 clean=0.8056 pgd10=0.4547 trigger=0 abandoned=0 train_s=43.5
epoch=030 mode=pgd2 clean=0.8218 pgd10=0.4633 trigger=0 abandoned=0 train_s=43.7
COMPLETE v6_heldout_immediate_switch_seed505
START v6_heldout_immediate_replay_seed303
epoch=001 mode=fgsm_zero clean=0.3132 pgd10=0.2242 trigger=0 abandoned=0 train_s=34.6
epoch=002 mode=fgsm_zero clean=0.4024 pgd10=0.2500 trigger=0 abandoned=0 train_s=34.7
epoch=003 mode=fgsm_zero clean=0.4044 pgd10=0.2812 trigger=0 abandoned=0 train_s=34.5
epoch=004 mode=fgsm_zero clean=0.5172 pgd10=0.3258 trigger=0 abandoned=0 train_s=33.1
epoch=005 mode=fgsm_zero clean=0.4548 pgd10=0.2992 trigger=0 abandoned=0 train_s=32.8
epoch=006 mode=fgsm_zero clean=0.5508 pgd10=0.3242 trigger=0 abandoned=0 train_s=32.2
epoch=007 mode=fgsm_zero clean=0.5794 pgd10=0.3258 trigger=0 abandoned=0 train_s=32.9
epoch=008 mode=fgsm_zero clean=0.6016 pgd10=0.3516 trigger=0 abandoned=0 train_s=32.8
epoch=009 mode=fgsm_zero clean=0.5752 pgd10=0.3367 trigger=0 abandoned=0 train_s=35.0
epoch=010 mode=fgsm_zero clean=0.6178 pgd10=0.3508 trigger=0 abandoned=0 train_s=32.6
epoch=011 mode=fgsm_zero clean=0.5834 pgd10=0.3273 trigger=0 abandoned=0 train_s=32.3
epoch=012 mode=pgd2_after_warning clean=0.6082 pgd10=0.3070 trigger=1 abandoned=352 train_s=76.2
epoch=013 mode=pgd2 clean=0.6188 pgd10=0.3469 trigger=0 abandoned=0 train_s=43.9
epoch=014 mode=pgd2 clean=0.6312 pgd10=0.3266 trigger=0 abandoned=0 train_s=44.3
epoch=015 mode=pgd2 clean=0.6486 pgd10=0.3312 trigger=0 abandoned=0 train_s=44.0
epoch=016 mode=pgd2 clean=0.6506 pgd10=0.3125 trigger=0 abandoned=0 train_s=43.5
epoch=017 mode=pgd2 clean=0.6816 pgd10=0.3508 trigger=0 abandoned=0 train_s=44.0
epoch=018 mode=pgd2 clean=0.6548 pgd10=0.3164 trigger=0 abandoned=0 train_s=43.5
epoch=019 mode=pgd2 clean=0.6698 pgd10=0.3438 trigger=0 abandoned=0 train_s=43.8
epoch=020 mode=pgd2 clean=0.6880 pgd10=0.3547 trigger=0 abandoned=0 train_s=44.0
epoch=021 mode=pgd2 clean=0.7214 pgd10=0.3953 trigger=0 abandoned=0 train_s=44.0
epoch=022 mode=pgd2 clean=0.7130 pgd10=0.3914 trigger=0 abandoned=0 train_s=43.5
epoch=023 mode=pgd2 clean=0.7116 pgd10=0.3742 trigger=0 abandoned=0 train_s=43.8
epoch=024 mode=pgd2 clean=0.7368 pgd10=0.4031 trigger=0 abandoned=0 train_s=44.2
epoch=025 mode=pgd2 clean=0.7568 pgd10=0.4070 trigger=0 abandoned=0 train_s=44.5
epoch=026 mode=pgd2 clean=0.7688 pgd10=0.4266 trigger=0 abandoned=0 train_s=44.9
epoch=027 mode=pgd2 clean=0.7794 pgd10=0.4383 trigger=0 abandoned=0 train_s=44.0
epoch=028 mode=pgd2 clean=0.8008 pgd10=0.4508 trigger=0 abandoned=0 train_s=43.7
epoch=029 mode=pgd2 clean=0.8148 pgd10=0.4469 trigger=0 abandoned=0 train_s=43.9
epoch=030 mode=pgd2 clean=0.8370 pgd10=0.4727 trigger=0 abandoned=0 train_s=44.9
COMPLETE v6_heldout_immediate_replay_seed303
START v6_heldout_immediate_replay_seed404
epoch=001 mode=fgsm_zero clean=0.3196 pgd10=0.2398 trigger=0 abandoned=0 train_s=34.1
epoch=002 mode=fgsm_zero clean=0.3866 pgd10=0.2289 trigger=0 abandoned=0 train_s=33.0
epoch=003 mode=fgsm_zero clean=0.4742 pgd10=0.2906 trigger=0 abandoned=0 train_s=32.9
epoch=004 mode=fgsm_zero clean=0.4872 pgd10=0.3039 trigger=0 abandoned=0 train_s=32.8
epoch=005 mode=fgsm_zero clean=0.4976 pgd10=0.3117 trigger=0 abandoned=0 train_s=33.7
epoch=006 mode=fgsm_zero clean=0.5342 pgd10=0.3078 trigger=0 abandoned=0 train_s=32.8
epoch=007 mode=fgsm_zero clean=0.5654 pgd10=0.3547 trigger=0 abandoned=0 train_s=35.5
epoch=008 mode=fgsm_zero clean=0.6136 pgd10=0.3539 trigger=0 abandoned=0 train_s=33.6
epoch=009 mode=fgsm_zero clean=0.5854 pgd10=0.3328 trigger=0 abandoned=0 train_s=33.0
epoch=010 mode=fgsm_zero clean=0.5674 pgd10=0.3367 trigger=0 abandoned=0 train_s=31.2
epoch=011 mode=fgsm_zero clean=0.5994 pgd10=0.3281 trigger=0 abandoned=0 train_s=31.2
epoch=012 mode=fgsm_zero clean=0.6064 pgd10=0.3438 trigger=0 abandoned=0 train_s=31.6
epoch=013 mode=fgsm_zero clean=0.6098 pgd10=0.3180 trigger=0 abandoned=0 train_s=32.9
epoch=014 mode=fgsm_zero clean=0.5516 pgd10=0.3195 trigger=0 abandoned=0 train_s=34.3
epoch=015 mode=fgsm_zero clean=0.5552 pgd10=0.3516 trigger=0 abandoned=0 train_s=32.3
epoch=016 mode=fgsm_zero clean=0.5900 pgd10=0.3438 trigger=0 abandoned=0 train_s=32.7
epoch=017 mode=fgsm_zero clean=0.6236 pgd10=0.3563 trigger=0 abandoned=0 train_s=33.3
epoch=018 mode=fgsm_zero clean=0.6286 pgd10=0.3617 trigger=0 abandoned=0 train_s=31.7
epoch=019 mode=fgsm_zero clean=0.6214 pgd10=0.3195 trigger=0 abandoned=0 train_s=33.9
epoch=020 mode=fgsm_zero clean=0.6580 pgd10=0.3789 trigger=0 abandoned=0 train_s=33.1
epoch=021 mode=fgsm_zero clean=0.6544 pgd10=0.3695 trigger=0 abandoned=0 train_s=33.9
epoch=022 mode=pgd2_after_warning clean=0.6900 pgd10=0.3477 trigger=1 abandoned=300 train_s=74.8
epoch=023 mode=pgd2 clean=0.7134 pgd10=0.3727 trigger=0 abandoned=0 train_s=44.0
epoch=024 mode=pgd2 clean=0.7170 pgd10=0.3547 trigger=0 abandoned=0 train_s=43.8
epoch=025 mode=pgd2 clean=0.7428 pgd10=0.3883 trigger=0 abandoned=0 train_s=44.3
epoch=026 mode=pgd2 clean=0.7632 pgd10=0.4273 trigger=0 abandoned=0 train_s=44.2
epoch=027 mode=pgd2 clean=0.7752 pgd10=0.4508 trigger=0 abandoned=0 train_s=43.0
epoch=028 mode=pgd2 clean=0.8040 pgd10=0.4523 trigger=0 abandoned=0 train_s=43.1
epoch=029 mode=pgd2 clean=0.8156 pgd10=0.4680 trigger=0 abandoned=0 train_s=43.2
epoch=030 mode=pgd2 clean=0.8372 pgd10=0.4914 trigger=0 abandoned=0 train_s=43.5
COMPLETE v6_heldout_immediate_replay_seed404
START v6_heldout_immediate_replay_seed505
epoch=001 mode=fgsm_zero clean=0.3360 pgd10=0.2172 trigger=0 abandoned=0 train_s=32.9
epoch=002 mode=fgsm_zero clean=0.4240 pgd10=0.2789 trigger=0 abandoned=0 train_s=31.7
epoch=003 mode=fgsm_zero clean=0.4578 pgd10=0.2742 trigger=0 abandoned=0 train_s=32.8
epoch=004 mode=fgsm_zero clean=0.4778 pgd10=0.3039 trigger=0 abandoned=0 train_s=32.1
epoch=005 mode=fgsm_zero clean=0.5298 pgd10=0.3203 trigger=0 abandoned=0 train_s=31.7
epoch=006 mode=fgsm_zero clean=0.5600 pgd10=0.3172 trigger=0 abandoned=0 train_s=32.0
epoch=007 mode=fgsm_zero clean=0.5728 pgd10=0.3266 trigger=0 abandoned=0 train_s=31.3
epoch=008 mode=fgsm_zero clean=0.5390 pgd10=0.3047 trigger=0 abandoned=0 train_s=33.2
epoch=009 mode=fgsm_zero clean=0.5692 pgd10=0.3547 trigger=0 abandoned=0 train_s=33.5
epoch=010 mode=fgsm_zero clean=0.5752 pgd10=0.3539 trigger=0 abandoned=0 train_s=32.8
epoch=011 mode=fgsm_zero clean=0.5652 pgd10=0.3500 trigger=0 abandoned=0 train_s=32.6
epoch=012 mode=fgsm_zero clean=0.5684 pgd10=0.3211 trigger=0 abandoned=0 train_s=32.8
epoch=013 mode=fgsm_zero clean=0.6092 pgd10=0.3453 trigger=0 abandoned=0 train_s=33.1
epoch=014 mode=fgsm_zero clean=0.5756 pgd10=0.3164 trigger=0 abandoned=0 train_s=33.0
epoch=015 mode=fgsm_zero clean=0.5688 pgd10=0.3023 trigger=0 abandoned=0 train_s=32.7
epoch=016 mode=fgsm_zero clean=0.5896 pgd10=0.3289 trigger=0 abandoned=0 train_s=33.5
epoch=017 mode=fgsm_zero clean=0.5762 pgd10=0.3500 trigger=0 abandoned=0 train_s=35.1
epoch=018 mode=fgsm_zero clean=0.5928 pgd10=0.3516 trigger=0 abandoned=0 train_s=34.2
epoch=019 mode=fgsm_zero clean=0.6084 pgd10=0.3375 trigger=0 abandoned=0 train_s=33.4
epoch=020 mode=pgd2_after_warning clean=0.6426 pgd10=0.3453 trigger=1 abandoned=260 train_s=71.6
epoch=021 mode=pgd2 clean=0.6894 pgd10=0.3836 trigger=0 abandoned=0 train_s=43.9
